Customer activity [Column] . Customer [Table] . schemaName [Schema] . databaseName [Database] . Project Management (PDM) [Server]
Customer address [Column] . Customer [Table] . schemaName [Schema] . databaseName [Database] . Project Management (PDM) [Server]
Customer fax [Column] . Customer [Table] . schemaName [Schema] . databaseName [Database] . Project Management (PDM) [Server]
Customer name [Column] . Customer [Table] . schemaName [Schema] . databaseName [Database] . Project Management (PDM) [Server]
Customer number [Column] . Customer [Table] . schemaName [Schema] . databaseName [Database] . Project Management (PDM) [Server]
Customer number [Column] . Project [Table] . schemaName [Schema] . databaseName [Database] . Project Management (PDM) [Server]
Customer telephone [Column] . Customer [Table] . schemaName [Schema] . databaseName [Database] . Project Management (PDM) [Server]
Division address [Column] . Division [Table] . schemaName [Schema] . databaseName [Database] . Project Management (PDM) [Server]
Division name [Column] . Division [Table] . schemaName [Schema] . databaseName [Database] . Project Management (PDM) [Server]
Division number [Column] . Division [Table] . schemaName [Schema] . databaseName [Database] . Project Management (PDM) [Server]
Division number [Column] . Employee [Table] . schemaName [Schema] . databaseName [Database] . Project Management (PDM) [Server]
Emp_Employee number [Column] . Employee [Table] . schemaName [Schema] . databaseName [Database] . Project Management (PDM) [Server]
Employee function [Column] . Employee [Table] . schemaName [Schema] . databaseName [Database] . Project Management (PDM) [Server]
Employee number [Column] . Employee [Table] . schemaName [Schema] . databaseName [Database] . Project Management (PDM) [Server]
Employee number [Column] . Member [Table] . schemaName [Schema] . databaseName [Database] . Project Management (PDM) [Server]
Employee number [Column] . Participate [Table] . schemaName [Schema] . databaseName [Database] . Project Management (PDM) [Server]
Employee number [Column] . Project [Table] . schemaName [Schema] . databaseName [Database] . Project Management (PDM) [Server]
Employee number [Column] . Used [Table] . schemaName [Schema] . databaseName [Database] . Project Management (PDM) [Server]
Employee salary [Column] . Employee [Table] . schemaName [Schema] . databaseName [Database] . Project Management (PDM) [Server]
End date (act) [Column] . Project [Table] . schemaName [Schema] . databaseName [Database] . Project Management (PDM) [Server]
End date (act) [Column] . Task [Table] . schemaName [Schema] . databaseName [Database] . Project Management (PDM) [Server]
End date (par) [Column] . Participate [Table] . schemaName [Schema] . databaseName [Database] . Project Management (PDM) [Server]
First name [Column] . Employee [Table] . schemaName [Schema] . databaseName [Database] . Project Management (PDM) [Server]
Last name [Column] . Employee [Table] . schemaName [Schema] . databaseName [Database] . Project Management (PDM) [Server]
Mat_Material number [Column] . Compose [Table] . schemaName [Schema] . databaseName [Database] . Project Management (PDM) [Server]
Material name [Column] . Material [Table] . schemaName [Schema] . databaseName [Database] . Project Management (PDM) [Server]
Material number [Column] . Compose [Table] . schemaName [Schema] . databaseName [Database] . Project Management (PDM) [Server]
Material number [Column] . Material [Table] . schemaName [Schema] . databaseName [Database] . Project Management (PDM) [Server]
Material number [Column] . Used [Table] . schemaName [Schema] . databaseName [Database] . Project Management (PDM) [Server]
Material type [Column] . Material [Table] . schemaName [Schema] . databaseName [Database] . Project Management (PDM) [Server]
Project label [Column] . Project [Table] . schemaName [Schema] . databaseName [Database] . Project Management (PDM) [Server]
Project name [Column] . Project [Table] . schemaName [Schema] . databaseName [Database] . Project Management (PDM) [Server]
Project number [Column] . Participate [Table] . schemaName [Schema] . databaseName [Database] . Project Management (PDM) [Server]
Project number [Column] . Project [Table] . schemaName [Schema] . databaseName [Database] . Project Management (PDM) [Server]
Project number [Column] . Task [Table] . schemaName [Schema] . databaseName [Database] . Project Management (PDM) [Server]
Speciality [Column] . Team [Table] . schemaName [Schema] . databaseName [Database] . Project Management (PDM) [Server]
Start date (act) [Column] . Project [Table] . schemaName [Schema] . databaseName [Database] . Project Management (PDM) [Server]
Start date (act) [Column] . Task [Table] . schemaName [Schema] . databaseName [Database] . Project Management (PDM) [Server]
Start date (par) [Column] . Participate [Table] . schemaName [Schema] . databaseName [Database] . Project Management (PDM) [Server]
Task cost [Column] . Task [Table] . schemaName [Schema] . databaseName [Database] . Project Management (PDM) [Server]
Task name [Column] . Participate [Table] . schemaName [Schema] . databaseName [Database] . Project Management (PDM) [Server]
Task name [Column] . Task [Table] . schemaName [Schema] . databaseName [Database] . Project Management (PDM) [Server]
Team number [Column] . Member [Table] . schemaName [Schema] . databaseName [Database] . Project Management (PDM) [Server]
Team number [Column] . Team [Table] . schemaName [Schema] . databaseName [Database] . Project Management (PDM) [Server]
databaseName [Database] . Project Management (PDM) [Server]
schemaName [Schema] . databaseName [Database] . Project Management (PDM) [Server]
Project Management (PDM) [Server]
Compose [Table] . schemaName [Schema] . databaseName [Database] . Project Management (PDM) [Server]
Customer [Table] . schemaName [Schema] . databaseName [Database] . Project Management (PDM) [Server]
Division [Table] . schemaName [Schema] . databaseName [Database] . Project Management (PDM) [Server]
Employee [Table] . schemaName [Schema] . databaseName [Database] . Project Management (PDM) [Server]
Material [Table] . schemaName [Schema] . databaseName [Database] . Project Management (PDM) [Server]
Member [Table] . schemaName [Schema] . databaseName [Database] . Project Management (PDM) [Server]
Participate [Table] . schemaName [Schema] . databaseName [Database] . Project Management (PDM) [Server]
Project [Table] . schemaName [Schema] . databaseName [Database] . Project Management (PDM) [Server]
Task [Table] . schemaName [Schema] . databaseName [Database] . Project Management (PDM) [Server]
Team [Table] . schemaName [Schema] . databaseName [Database] . Project Management (PDM) [Server]
Used [Table] . schemaName [Schema] . databaseName [Database] . Project Management (PDM) [Server]
Nodes: 58, edges: 0
