Birth Place [Logical Attribute] . Client [Logical Entity] . LogicalModelDB2 [Logical Model] . LogicalModelDB2.ldm [Logical Model File] . Test System [Logical System]
Birth date [Logical Attribute] . Person [Logical Entity] . LogicalModelDB2 [Logical Model] . LogicalModelDB2.ldm [Logical Model File] . Test System [Logical System]
Birth place [Logical Attribute] . Person [Logical Entity] . LogicalModelDB2 [Logical Model] . LogicalModelDB2.ldm [Logical Model File] . Test System [Logical System]
City name [Logical Attribute] . Address [Logical Entity] . LogicalModelDB2 [Logical Model] . LogicalModelDB2.ldm [Logical Model File] . Test System [Logical System]
Company Name [Logical Attribute] . Client [Logical Entity] . LogicalModelDB2 [Logical Model] . LogicalModelDB2.ldm [Logical Model File] . Test System [Logical System]
Country [Logical Attribute] . Country [Logical Entity] . LogicalModelDB2 [Logical Model] . LogicalModelDB2.ldm [Logical Model File] . Test System [Logical System]
Customer type [Logical Attribute] . Customer [Logical Entity] . LogicalModelDB2 [Logical Model] . LogicalModelDB2.ldm [Logical Model File] . Test System [Logical System]
Family name [Logical Attribute] . Person [Logical Entity] . LogicalModelDB2 [Logical Model] . LogicalModelDB2.ldm [Logical Model File] . Test System [Logical System]
First Name [Logical Attribute] . Client [Logical Entity] . LogicalModelDB2 [Logical Model] . LogicalModelDB2.ldm [Logical Model File] . Test System [Logical System]
First name [Logical Attribute] . Person [Logical Entity] . LogicalModelDB2 [Logical Model] . LogicalModelDB2.ldm [Logical Model File] . Test System [Logical System]
Last Name [Logical Attribute] . Client [Logical Entity] . LogicalModelDB2 [Logical Model] . LogicalModelDB2.ldm [Logical Model File] . Test System [Logical System]
Maiden Name [Logical Attribute] . Client [Logical Entity] . LogicalModelDB2 [Logical Model] . LogicalModelDB2.ldm [Logical Model File] . Test System [Logical System]
Name [Logical Attribute] . Customer [Logical Entity] . LogicalModelDB2 [Logical Model] . LogicalModelDB2.ldm [Logical Model File] . Test System [Logical System]
Name of corporation [Logical Attribute] . Corporation Customer [Logical Entity] . LogicalModelDB2 [Logical Model] . LogicalModelDB2.ldm [Logical Model File] . Test System [Logical System]
Sex [Logical Attribute] . Person [Logical Entity] . LogicalModelDB2 [Logical Model] . LogicalModelDB2.ldm [Logical Model File] . Test System [Logical System]
Size of country [Logical Attribute] . Country [Logical Entity] . LogicalModelDB2 [Logical Model] . LogicalModelDB2.ldm [Logical Model File] . Test System [Logical System]
Social Card [Logical Attribute] . Client [Logical Entity] . LogicalModelDB2 [Logical Model] . LogicalModelDB2.ldm [Logical Model File] . Test System [Logical System]
Street name [Logical Attribute] . Address [Logical Entity] . LogicalModelDB2 [Logical Model] . LogicalModelDB2.ldm [Logical Model File] . Test System [Logical System]
ZIP [Logical Attribute] . Address [Logical Entity] . LogicalModelDB2 [Logical Model] . LogicalModelDB2.ldm [Logical Model File] . Test System [Logical System]
Address [Logical Entity] . LogicalModelDB2 [Logical Model] . LogicalModelDB2.ldm [Logical Model File] . Test System [Logical System]
Client [Logical Entity] . LogicalModelDB2 [Logical Model] . LogicalModelDB2.ldm [Logical Model File] . Test System [Logical System]
Corporation Customer [Logical Entity] . LogicalModelDB2 [Logical Model] . LogicalModelDB2.ldm [Logical Model File] . Test System [Logical System]
Country [Logical Entity] . LogicalModelDB2 [Logical Model] . LogicalModelDB2.ldm [Logical Model File] . Test System [Logical System]
Customer [Logical Entity] . LogicalModelDB2 [Logical Model] . LogicalModelDB2.ldm [Logical Model File] . Test System [Logical System]
Person [Logical Entity] . LogicalModelDB2 [Logical Model] . LogicalModelDB2.ldm [Logical Model File] . Test System [Logical System]
LogicalModelDB2 [Logical Model] . LogicalModelDB2.ldm [Logical Model File] . Test System [Logical System]
LogicalModelDB2.ldm [Logical Model File] . Test System [Logical System]
Test System [Logical System]
Nodes: 28, edges: 0
