Customer activity [Logical Attribute] . Customer [Logical Entity] . Project Management (LDM) [Logical Model] . project.ldm [Logical Model File] . Test System [Logical System]
Customer address [Logical Attribute] . Customer [Logical Entity] . Project Management (LDM) [Logical Model] . project.ldm [Logical Model File] . Test System [Logical System]
Customer fax [Logical Attribute] . Customer [Logical Entity] . Project Management (LDM) [Logical Model] . project.ldm [Logical Model File] . Test System [Logical System]
Customer name [Logical Attribute] . Customer [Logical Entity] . Project Management (LDM) [Logical Model] . project.ldm [Logical Model File] . Test System [Logical System]
Customer number [Logical Attribute] . Customer [Logical Entity] . Project Management (LDM) [Logical Model] . project.ldm [Logical Model File] . Test System [Logical System]
Customer number [Logical Attribute] . Project [Logical Entity] . Project Management (LDM) [Logical Model] . project.ldm [Logical Model File] . Test System [Logical System]
Customer telephone [Logical Attribute] . Customer [Logical Entity] . Project Management (LDM) [Logical Model] . project.ldm [Logical Model File] . Test System [Logical System]
Division address [Logical Attribute] . Division [Logical Entity] . Project Management (LDM) [Logical Model] . project.ldm [Logical Model File] . Test System [Logical System]
Division name [Logical Attribute] . Division [Logical Entity] . Project Management (LDM) [Logical Model] . project.ldm [Logical Model File] . Test System [Logical System]
Division number [Logical Attribute] . Division [Logical Entity] . Project Management (LDM) [Logical Model] . project.ldm [Logical Model File] . Test System [Logical System]
Division number [Logical Attribute] . Employee [Logical Entity] . Project Management (LDM) [Logical Model] . project.ldm [Logical Model File] . Test System [Logical System]
Emp_Employee number [Logical Attribute] . Employee [Logical Entity] . Project Management (LDM) [Logical Model] . project.ldm [Logical Model File] . Test System [Logical System]
Employee function [Logical Attribute] . Employee [Logical Entity] . Project Management (LDM) [Logical Model] . project.ldm [Logical Model File] . Test System [Logical System]
Employee number [Logical Attribute] . Employee [Logical Entity] . Project Management (LDM) [Logical Model] . project.ldm [Logical Model File] . Test System [Logical System]
Employee number [Logical Attribute] . Member [Logical Entity] . Project Management (LDM) [Logical Model] . project.ldm [Logical Model File] . Test System [Logical System]
Employee number [Logical Attribute] . Participate [Logical Entity] . Project Management (LDM) [Logical Model] . project.ldm [Logical Model File] . Test System [Logical System]
Employee number [Logical Attribute] . Project [Logical Entity] . Project Management (LDM) [Logical Model] . project.ldm [Logical Model File] . Test System [Logical System]
Employee number [Logical Attribute] . Used [Logical Entity] . Project Management (LDM) [Logical Model] . project.ldm [Logical Model File] . Test System [Logical System]
Employee salary [Logical Attribute] . Employee [Logical Entity] . Project Management (LDM) [Logical Model] . project.ldm [Logical Model File] . Test System [Logical System]
End date (act) [Logical Attribute] . Activity [Logical Entity] . Project Management (LDM) [Logical Model] . project.ldm [Logical Model File] . Test System [Logical System]
End date (act) [Logical Attribute] . Project [Logical Entity] . Project Management (LDM) [Logical Model] . project.ldm [Logical Model File] . Test System [Logical System]
End date (act) [Logical Attribute] . Task [Logical Entity] . Project Management (LDM) [Logical Model] . project.ldm [Logical Model File] . Test System [Logical System]
End date (par) [Logical Attribute] . Participate [Logical Entity] . Project Management (LDM) [Logical Model] . project.ldm [Logical Model File] . Test System [Logical System]
First name [Logical Attribute] . Employee [Logical Entity] . Project Management (LDM) [Logical Model] . project.ldm [Logical Model File] . Test System [Logical System]
Last name [Logical Attribute] . Employee [Logical Entity] . Project Management (LDM) [Logical Model] . project.ldm [Logical Model File] . Test System [Logical System]
Mat_Material number [Logical Attribute] . Compose [Logical Entity] . Project Management (LDM) [Logical Model] . project.ldm [Logical Model File] . Test System [Logical System]
Material name [Logical Attribute] . Material [Logical Entity] . Project Management (LDM) [Logical Model] . project.ldm [Logical Model File] . Test System [Logical System]
Material number [Logical Attribute] . Compose [Logical Entity] . Project Management (LDM) [Logical Model] . project.ldm [Logical Model File] . Test System [Logical System]
Material number [Logical Attribute] . Material [Logical Entity] . Project Management (LDM) [Logical Model] . project.ldm [Logical Model File] . Test System [Logical System]
Material number [Logical Attribute] . Used [Logical Entity] . Project Management (LDM) [Logical Model] . project.ldm [Logical Model File] . Test System [Logical System]
Material type [Logical Attribute] . Material [Logical Entity] . Project Management (LDM) [Logical Model] . project.ldm [Logical Model File] . Test System [Logical System]
Project label [Logical Attribute] . Project [Logical Entity] . Project Management (LDM) [Logical Model] . project.ldm [Logical Model File] . Test System [Logical System]
Project name [Logical Attribute] . Project [Logical Entity] . Project Management (LDM) [Logical Model] . project.ldm [Logical Model File] . Test System [Logical System]
Project number [Logical Attribute] . Participate [Logical Entity] . Project Management (LDM) [Logical Model] . project.ldm [Logical Model File] . Test System [Logical System]
Project number [Logical Attribute] . Project [Logical Entity] . Project Management (LDM) [Logical Model] . project.ldm [Logical Model File] . Test System [Logical System]
Project number [Logical Attribute] . Task [Logical Entity] . Project Management (LDM) [Logical Model] . project.ldm [Logical Model File] . Test System [Logical System]
Speciality [Logical Attribute] . Team [Logical Entity] . Project Management (LDM) [Logical Model] . project.ldm [Logical Model File] . Test System [Logical System]
Start date (act) [Logical Attribute] . Activity [Logical Entity] . Project Management (LDM) [Logical Model] . project.ldm [Logical Model File] . Test System [Logical System]
Start date (act) [Logical Attribute] . Project [Logical Entity] . Project Management (LDM) [Logical Model] . project.ldm [Logical Model File] . Test System [Logical System]
Start date (act) [Logical Attribute] . Task [Logical Entity] . Project Management (LDM) [Logical Model] . project.ldm [Logical Model File] . Test System [Logical System]
Start date (par) [Logical Attribute] . Participate [Logical Entity] . Project Management (LDM) [Logical Model] . project.ldm [Logical Model File] . Test System [Logical System]
Task cost [Logical Attribute] . Task [Logical Entity] . Project Management (LDM) [Logical Model] . project.ldm [Logical Model File] . Test System [Logical System]
Task name [Logical Attribute] . Participate [Logical Entity] . Project Management (LDM) [Logical Model] . project.ldm [Logical Model File] . Test System [Logical System]
Task name [Logical Attribute] . Task [Logical Entity] . Project Management (LDM) [Logical Model] . project.ldm [Logical Model File] . Test System [Logical System]
Team number [Logical Attribute] . Member [Logical Entity] . Project Management (LDM) [Logical Model] . project.ldm [Logical Model File] . Test System [Logical System]
Team number [Logical Attribute] . Team [Logical Entity] . Project Management (LDM) [Logical Model] . project.ldm [Logical Model File] . Test System [Logical System]
Activity [Logical Entity] . Project Management (LDM) [Logical Model] . project.ldm [Logical Model File] . Test System [Logical System]
Compose [Logical Entity] . Project Management (LDM) [Logical Model] . project.ldm [Logical Model File] . Test System [Logical System]
Customer [Logical Entity] . Project Management (LDM) [Logical Model] . project.ldm [Logical Model File] . Test System [Logical System]
Division [Logical Entity] . Project Management (LDM) [Logical Model] . project.ldm [Logical Model File] . Test System [Logical System]
Employee [Logical Entity] . Project Management (LDM) [Logical Model] . project.ldm [Logical Model File] . Test System [Logical System]
Material [Logical Entity] . Project Management (LDM) [Logical Model] . project.ldm [Logical Model File] . Test System [Logical System]
Member [Logical Entity] . Project Management (LDM) [Logical Model] . project.ldm [Logical Model File] . Test System [Logical System]
Participate [Logical Entity] . Project Management (LDM) [Logical Model] . project.ldm [Logical Model File] . Test System [Logical System]
Project [Logical Entity] . Project Management (LDM) [Logical Model] . project.ldm [Logical Model File] . Test System [Logical System]
Task [Logical Entity] . Project Management (LDM) [Logical Model] . project.ldm [Logical Model File] . Test System [Logical System]
Team [Logical Entity] . Project Management (LDM) [Logical Model] . project.ldm [Logical Model File] . Test System [Logical System]
Used [Logical Entity] . Project Management (LDM) [Logical Model] . project.ldm [Logical Model File] . Test System [Logical System]
Project Management (LDM) [Logical Model] . project.ldm [Logical Model File] . Test System [Logical System]
project.ldm [Logical Model File] . Test System [Logical System]
Test System [Logical System]
Nodes: 61, edges: 0
