Entity1 [Column] . Entity1 [Table] . schemaName [Schema] . databaseName [Database] . 50 [Server]
Entity1 [Column] . Entity1 [Table] . schemaName [Schema] . databaseName [Database] . 51 [Server]
databaseName [Database] . 1 [Server]
databaseName [Database] . 10 [Server]
databaseName [Database] . 11 [Server]
databaseName [Database] . 12 [Server]
databaseName [Database] . 13 [Server]
databaseName [Database] . 14 [Server]
databaseName [Database] . 15 [Server]
databaseName [Database] . 16 [Server]
databaseName [Database] . 17 [Server]
databaseName [Database] . 18 [Server]
databaseName [Database] . 19 [Server]
databaseName [Database] . 2 [Server]
databaseName [Database] . 20 [Server]
databaseName [Database] . 21 [Server]
databaseName [Database] . 22 [Server]
databaseName [Database] . 23 [Server]
databaseName [Database] . 24 [Server]
databaseName [Database] . 25 [Server]
databaseName [Database] . 26 [Server]
databaseName [Database] . 27 [Server]
databaseName [Database] . 28 [Server]
databaseName [Database] . 29 [Server]
databaseName [Database] . 3 [Server]
databaseName [Database] . 30 [Server]
databaseName [Database] . 31 [Server]
databaseName [Database] . 32 [Server]
databaseName [Database] . 33 [Server]
databaseName [Database] . 34 [Server]
databaseName [Database] . 35 [Server]
databaseName [Database] . 36 [Server]
databaseName [Database] . 37 [Server]
databaseName [Database] . 38 [Server]
databaseName [Database] . 39 [Server]
databaseName [Database] . 4 [Server]
databaseName [Database] . 40 [Server]
databaseName [Database] . 41 [Server]
databaseName [Database] . 42 [Server]
databaseName [Database] . 43 [Server]
databaseName [Database] . 44 [Server]
databaseName [Database] . 45 [Server]
databaseName [Database] . 46 [Server]
databaseName [Database] . 47 [Server]
databaseName [Database] . 48 [Server]
databaseName [Database] . 49 [Server]
databaseName [Database] . 5 [Server]
databaseName [Database] . 50 [Server]
databaseName [Database] . 51 [Server]
databaseName [Database] . 52 [Server]
databaseName [Database] . 53 [Server]
databaseName [Database] . 54 [Server]
databaseName [Database] . 55 [Server]
databaseName [Database] . 56 [Server]
databaseName [Database] . 57 [Server]
databaseName [Database] . 58 [Server]
databaseName [Database] . 59 [Server]
databaseName [Database] . 6 [Server]
databaseName [Database] . 60 [Server]
databaseName [Database] . 61 [Server]
databaseName [Database] . 62 [Server]
databaseName [Database] . 63 [Server]
databaseName [Database] . 64 [Server]
databaseName [Database] . 65 [Server]
databaseName [Database] . 66 [Server]
databaseName [Database] . 67 [Server]
databaseName [Database] . 68 [Server]
databaseName [Database] . 69 [Server]
databaseName [Database] . 7 [Server]
databaseName [Database] . 70 [Server]
databaseName [Database] . 71 [Server]
databaseName [Database] . 72 [Server]
databaseName [Database] . 73 [Server]
databaseName [Database] . 74 [Server]
databaseName [Database] . 75 [Server]
databaseName [Database] . 76 [Server]
databaseName [Database] . 77 [Server]
databaseName [Database] . 78 [Server]
databaseName [Database] . 79 [Server]
databaseName [Database] . 8 [Server]
databaseName [Database] . 80 [Server]
databaseName [Database] . 81 [Server]
databaseName [Database] . 82 [Server]
databaseName [Database] . 83 [Server]
databaseName [Database] . 84 [Server]
databaseName [Database] . 85 [Server]
databaseName [Database] . 86 [Server]
databaseName [Database] . 87 [Server]
databaseName [Database] . 88 [Server]
databaseName [Database] . 89 [Server]
databaseName [Database] . 9 [Server]
databaseName [Database] . 90 [Server]
databaseName [Database] . 91 [Server]
databaseName [Database] . 92 [Server]
databaseName [Database] . 93 [Server]
databaseName [Database] . 94 [Server]
databaseName [Database] . 95 [Server]
databaseName [Database] . 96 [Server]
databaseName [Database] . 97 [Server]
schemaName [Schema] . databaseName [Database] . 1 [Server]
schemaName [Schema] . databaseName [Database] . 10 [Server]
schemaName [Schema] . databaseName [Database] . 11 [Server]
schemaName [Schema] . databaseName [Database] . 12 [Server]
schemaName [Schema] . databaseName [Database] . 13 [Server]
schemaName [Schema] . databaseName [Database] . 14 [Server]
schemaName [Schema] . databaseName [Database] . 15 [Server]
schemaName [Schema] . databaseName [Database] . 16 [Server]
schemaName [Schema] . databaseName [Database] . 17 [Server]
schemaName [Schema] . databaseName [Database] . 18 [Server]
schemaName [Schema] . databaseName [Database] . 19 [Server]
schemaName [Schema] . databaseName [Database] . 2 [Server]
schemaName [Schema] . databaseName [Database] . 20 [Server]
schemaName [Schema] . databaseName [Database] . 21 [Server]
schemaName [Schema] . databaseName [Database] . 22 [Server]
schemaName [Schema] . databaseName [Database] . 23 [Server]
schemaName [Schema] . databaseName [Database] . 24 [Server]
schemaName [Schema] . databaseName [Database] . 25 [Server]
schemaName [Schema] . databaseName [Database] . 26 [Server]
schemaName [Schema] . databaseName [Database] . 27 [Server]
schemaName [Schema] . databaseName [Database] . 28 [Server]
schemaName [Schema] . databaseName [Database] . 29 [Server]
schemaName [Schema] . databaseName [Database] . 3 [Server]
schemaName [Schema] . databaseName [Database] . 30 [Server]
schemaName [Schema] . databaseName [Database] . 31 [Server]
schemaName [Schema] . databaseName [Database] . 32 [Server]
schemaName [Schema] . databaseName [Database] . 33 [Server]
schemaName [Schema] . databaseName [Database] . 34 [Server]
schemaName [Schema] . databaseName [Database] . 35 [Server]
schemaName [Schema] . databaseName [Database] . 36 [Server]
schemaName [Schema] . databaseName [Database] . 37 [Server]
schemaName [Schema] . databaseName [Database] . 38 [Server]
schemaName [Schema] . databaseName [Database] . 39 [Server]
schemaName [Schema] . databaseName [Database] . 4 [Server]
schemaName [Schema] . databaseName [Database] . 40 [Server]
schemaName [Schema] . databaseName [Database] . 41 [Server]
schemaName [Schema] . databaseName [Database] . 42 [Server]
schemaName [Schema] . databaseName [Database] . 43 [Server]
schemaName [Schema] . databaseName [Database] . 44 [Server]
schemaName [Schema] . databaseName [Database] . 45 [Server]
schemaName [Schema] . databaseName [Database] . 46 [Server]
schemaName [Schema] . databaseName [Database] . 47 [Server]
schemaName [Schema] . databaseName [Database] . 48 [Server]
schemaName [Schema] . databaseName [Database] . 49 [Server]
schemaName [Schema] . databaseName [Database] . 5 [Server]
schemaName [Schema] . databaseName [Database] . 50 [Server]
schemaName [Schema] . databaseName [Database] . 51 [Server]
schemaName [Schema] . databaseName [Database] . 52 [Server]
schemaName [Schema] . databaseName [Database] . 53 [Server]
schemaName [Schema] . databaseName [Database] . 54 [Server]
schemaName [Schema] . databaseName [Database] . 55 [Server]
schemaName [Schema] . databaseName [Database] . 56 [Server]
schemaName [Schema] . databaseName [Database] . 57 [Server]
schemaName [Schema] . databaseName [Database] . 58 [Server]
schemaName [Schema] . databaseName [Database] . 59 [Server]
schemaName [Schema] . databaseName [Database] . 6 [Server]
schemaName [Schema] . databaseName [Database] . 60 [Server]
schemaName [Schema] . databaseName [Database] . 61 [Server]
schemaName [Schema] . databaseName [Database] . 62 [Server]
schemaName [Schema] . databaseName [Database] . 63 [Server]
schemaName [Schema] . databaseName [Database] . 64 [Server]
schemaName [Schema] . databaseName [Database] . 65 [Server]
schemaName [Schema] . databaseName [Database] . 66 [Server]
schemaName [Schema] . databaseName [Database] . 67 [Server]
schemaName [Schema] . databaseName [Database] . 68 [Server]
schemaName [Schema] . databaseName [Database] . 69 [Server]
schemaName [Schema] . databaseName [Database] . 7 [Server]
schemaName [Schema] . databaseName [Database] . 70 [Server]
schemaName [Schema] . databaseName [Database] . 71 [Server]
schemaName [Schema] . databaseName [Database] . 72 [Server]
schemaName [Schema] . databaseName [Database] . 73 [Server]
schemaName [Schema] . databaseName [Database] . 74 [Server]
schemaName [Schema] . databaseName [Database] . 75 [Server]
schemaName [Schema] . databaseName [Database] . 76 [Server]
schemaName [Schema] . databaseName [Database] . 77 [Server]
schemaName [Schema] . databaseName [Database] . 78 [Server]
schemaName [Schema] . databaseName [Database] . 79 [Server]
schemaName [Schema] . databaseName [Database] . 8 [Server]
schemaName [Schema] . databaseName [Database] . 80 [Server]
schemaName [Schema] . databaseName [Database] . 81 [Server]
schemaName [Schema] . databaseName [Database] . 82 [Server]
schemaName [Schema] . databaseName [Database] . 83 [Server]
schemaName [Schema] . databaseName [Database] . 84 [Server]
schemaName [Schema] . databaseName [Database] . 85 [Server]
schemaName [Schema] . databaseName [Database] . 86 [Server]
schemaName [Schema] . databaseName [Database] . 87 [Server]
schemaName [Schema] . databaseName [Database] . 88 [Server]
schemaName [Schema] . databaseName [Database] . 89 [Server]
schemaName [Schema] . databaseName [Database] . 9 [Server]
schemaName [Schema] . databaseName [Database] . 90 [Server]
schemaName [Schema] . databaseName [Database] . 91 [Server]
schemaName [Schema] . databaseName [Database] . 92 [Server]
schemaName [Schema] . databaseName [Database] . 93 [Server]
schemaName [Schema] . databaseName [Database] . 94 [Server]
schemaName [Schema] . databaseName [Database] . 95 [Server]
schemaName [Schema] . databaseName [Database] . 96 [Server]
schemaName [Schema] . databaseName [Database] . 97 [Server]
1 [Server]
10 [Server]
11 [Server]
12 [Server]
13 [Server]
14 [Server]
15 [Server]
16 [Server]
17 [Server]
18 [Server]
19 [Server]
2 [Server]
20 [Server]
21 [Server]
22 [Server]
23 [Server]
24 [Server]
25 [Server]
26 [Server]
27 [Server]
28 [Server]
29 [Server]
3 [Server]
30 [Server]
31 [Server]
32 [Server]
33 [Server]
34 [Server]
35 [Server]
36 [Server]
37 [Server]
38 [Server]
39 [Server]
4 [Server]
40 [Server]
41 [Server]
42 [Server]
43 [Server]
44 [Server]
45 [Server]
46 [Server]
47 [Server]
48 [Server]
49 [Server]
5 [Server]
50 [Server]
51 [Server]
52 [Server]
53 [Server]
54 [Server]
55 [Server]
56 [Server]
57 [Server]
58 [Server]
59 [Server]
6 [Server]
60 [Server]
61 [Server]
62 [Server]
63 [Server]
64 [Server]
65 [Server]
66 [Server]
67 [Server]
68 [Server]
69 [Server]
7 [Server]
70 [Server]
71 [Server]
72 [Server]
73 [Server]
74 [Server]
75 [Server]
76 [Server]
77 [Server]
78 [Server]
79 [Server]
8 [Server]
80 [Server]
81 [Server]
82 [Server]
83 [Server]
84 [Server]
85 [Server]
86 [Server]
87 [Server]
88 [Server]
89 [Server]
9 [Server]
90 [Server]
91 [Server]
92 [Server]
93 [Server]
94 [Server]
95 [Server]
96 [Server]
97 [Server]
Entity1 [Table] . schemaName [Schema] . databaseName [Database] . 1 [Server]
Entity1 [Table] . schemaName [Schema] . databaseName [Database] . 10 [Server]
Entity1 [Table] . schemaName [Schema] . databaseName [Database] . 11 [Server]
Entity1 [Table] . schemaName [Schema] . databaseName [Database] . 12 [Server]
Entity1 [Table] . schemaName [Schema] . databaseName [Database] . 13 [Server]
Entity1 [Table] . schemaName [Schema] . databaseName [Database] . 14 [Server]
Entity1 [Table] . schemaName [Schema] . databaseName [Database] . 15 [Server]
Entity1 [Table] . schemaName [Schema] . databaseName [Database] . 16 [Server]
Entity1 [Table] . schemaName [Schema] . databaseName [Database] . 17 [Server]
Entity1 [Table] . schemaName [Schema] . databaseName [Database] . 18 [Server]
Entity1 [Table] . schemaName [Schema] . databaseName [Database] . 19 [Server]
Entity1 [Table] . schemaName [Schema] . databaseName [Database] . 2 [Server]
Entity1 [Table] . schemaName [Schema] . databaseName [Database] . 20 [Server]
Entity1 [Table] . schemaName [Schema] . databaseName [Database] . 21 [Server]
Entity1 [Table] . schemaName [Schema] . databaseName [Database] . 22 [Server]
Entity1 [Table] . schemaName [Schema] . databaseName [Database] . 23 [Server]
Entity1 [Table] . schemaName [Schema] . databaseName [Database] . 24 [Server]
Entity1 [Table] . schemaName [Schema] . databaseName [Database] . 25 [Server]
Entity1 [Table] . schemaName [Schema] . databaseName [Database] . 26 [Server]
Entity1 [Table] . schemaName [Schema] . databaseName [Database] . 27 [Server]
Entity1 [Table] . schemaName [Schema] . databaseName [Database] . 28 [Server]
Entity1 [Table] . schemaName [Schema] . databaseName [Database] . 29 [Server]
Entity1 [Table] . schemaName [Schema] . databaseName [Database] . 3 [Server]
Entity1 [Table] . schemaName [Schema] . databaseName [Database] . 30 [Server]
Entity1 [Table] . schemaName [Schema] . databaseName [Database] . 31 [Server]
Entity1 [Table] . schemaName [Schema] . databaseName [Database] . 32 [Server]
Entity1 [Table] . schemaName [Schema] . databaseName [Database] . 33 [Server]
Entity1 [Table] . schemaName [Schema] . databaseName [Database] . 34 [Server]
Entity1 [Table] . schemaName [Schema] . databaseName [Database] . 35 [Server]
Entity1 [Table] . schemaName [Schema] . databaseName [Database] . 36 [Server]
Entity1 [Table] . schemaName [Schema] . databaseName [Database] . 37 [Server]
Entity1 [Table] . schemaName [Schema] . databaseName [Database] . 38 [Server]
Entity1 [Table] . schemaName [Schema] . databaseName [Database] . 39 [Server]
Entity1 [Table] . schemaName [Schema] . databaseName [Database] . 4 [Server]
Entity1 [Table] . schemaName [Schema] . databaseName [Database] . 40 [Server]
Entity1 [Table] . schemaName [Schema] . databaseName [Database] . 41 [Server]
Entity1 [Table] . schemaName [Schema] . databaseName [Database] . 42 [Server]
Entity1 [Table] . schemaName [Schema] . databaseName [Database] . 43 [Server]
Entity1 [Table] . schemaName [Schema] . databaseName [Database] . 44 [Server]
Entity1 [Table] . schemaName [Schema] . databaseName [Database] . 45 [Server]
Entity1 [Table] . schemaName [Schema] . databaseName [Database] . 46 [Server]
Entity1 [Table] . schemaName [Schema] . databaseName [Database] . 47 [Server]
Entity1 [Table] . schemaName [Schema] . databaseName [Database] . 48 [Server]
Entity1 [Table] . schemaName [Schema] . databaseName [Database] . 49 [Server]
Entity1 [Table] . schemaName [Schema] . databaseName [Database] . 5 [Server]
Entity1 [Table] . schemaName [Schema] . databaseName [Database] . 50 [Server]
Entity1 [Table] . schemaName [Schema] . databaseName [Database] . 51 [Server]
Entity1 [Table] . schemaName [Schema] . databaseName [Database] . 52 [Server]
Entity1 [Table] . schemaName [Schema] . databaseName [Database] . 53 [Server]
Entity1 [Table] . schemaName [Schema] . databaseName [Database] . 54 [Server]
Entity1 [Table] . schemaName [Schema] . databaseName [Database] . 55 [Server]
Entity1 [Table] . schemaName [Schema] . databaseName [Database] . 56 [Server]
Entity1 [Table] . schemaName [Schema] . databaseName [Database] . 57 [Server]
Entity1 [Table] . schemaName [Schema] . databaseName [Database] . 58 [Server]
Entity1 [Table] . schemaName [Schema] . databaseName [Database] . 59 [Server]
Entity1 [Table] . schemaName [Schema] . databaseName [Database] . 6 [Server]
Entity1 [Table] . schemaName [Schema] . databaseName [Database] . 60 [Server]
Entity1 [Table] . schemaName [Schema] . databaseName [Database] . 61 [Server]
Entity1 [Table] . schemaName [Schema] . databaseName [Database] . 62 [Server]
Entity1 [Table] . schemaName [Schema] . databaseName [Database] . 63 [Server]
Entity1 [Table] . schemaName [Schema] . databaseName [Database] . 64 [Server]
Entity1 [Table] . schemaName [Schema] . databaseName [Database] . 65 [Server]
Entity1 [Table] . schemaName [Schema] . databaseName [Database] . 66 [Server]
Entity1 [Table] . schemaName [Schema] . databaseName [Database] . 67 [Server]
Entity1 [Table] . schemaName [Schema] . databaseName [Database] . 68 [Server]
Entity1 [Table] . schemaName [Schema] . databaseName [Database] . 69 [Server]
Entity1 [Table] . schemaName [Schema] . databaseName [Database] . 7 [Server]
Entity1 [Table] . schemaName [Schema] . databaseName [Database] . 70 [Server]
Entity1 [Table] . schemaName [Schema] . databaseName [Database] . 71 [Server]
Entity1 [Table] . schemaName [Schema] . databaseName [Database] . 72 [Server]
Entity1 [Table] . schemaName [Schema] . databaseName [Database] . 73 [Server]
Entity1 [Table] . schemaName [Schema] . databaseName [Database] . 74 [Server]
Entity1 [Table] . schemaName [Schema] . databaseName [Database] . 75 [Server]
Entity1 [Table] . schemaName [Schema] . databaseName [Database] . 76 [Server]
Entity1 [Table] . schemaName [Schema] . databaseName [Database] . 77 [Server]
Entity1 [Table] . schemaName [Schema] . databaseName [Database] . 78 [Server]
Entity1 [Table] . schemaName [Schema] . databaseName [Database] . 79 [Server]
Entity1 [Table] . schemaName [Schema] . databaseName [Database] . 8 [Server]
Entity1 [Table] . schemaName [Schema] . databaseName [Database] . 80 [Server]
Entity1 [Table] . schemaName [Schema] . databaseName [Database] . 81 [Server]
Entity1 [Table] . schemaName [Schema] . databaseName [Database] . 82 [Server]
Entity1 [Table] . schemaName [Schema] . databaseName [Database] . 83 [Server]
Entity1 [Table] . schemaName [Schema] . databaseName [Database] . 84 [Server]
Entity1 [Table] . schemaName [Schema] . databaseName [Database] . 85 [Server]
Entity1 [Table] . schemaName [Schema] . databaseName [Database] . 86 [Server]
Entity1 [Table] . schemaName [Schema] . databaseName [Database] . 87 [Server]
Entity1 [Table] . schemaName [Schema] . databaseName [Database] . 88 [Server]
Entity1 [Table] . schemaName [Schema] . databaseName [Database] . 89 [Server]
Entity1 [Table] . schemaName [Schema] . databaseName [Database] . 9 [Server]
Entity1 [Table] . schemaName [Schema] . databaseName [Database] . 90 [Server]
Entity1 [Table] . schemaName [Schema] . databaseName [Database] . 91 [Server]
Entity1 [Table] . schemaName [Schema] . databaseName [Database] . 92 [Server]
Entity1 [Table] . schemaName [Schema] . databaseName [Database] . 93 [Server]
Entity1 [Table] . schemaName [Schema] . databaseName [Database] . 94 [Server]
Entity1 [Table] . schemaName [Schema] . databaseName [Database] . 95 [Server]
Entity1 [Table] . schemaName [Schema] . databaseName [Database] . 96 [Server]
Entity1 [Table] . schemaName [Schema] . databaseName [Database] . 97 [Server]
Nodes: 390, edges: 0
