Attribute_1 [Column] . Entity1 [Table] . schemaName [Schema] . databaseName [Database] . BasicPhysical [Server]
Attribute_1 [Column] . Entity2 [Table] . schemaName [Schema] . databaseName [Database] . BasicPhysical [Server]
Attribute_2 [Column] . Entity1 [Table] . schemaName [Schema] . databaseName [Database] . BasicPhysical [Server]
Attribute_2 [Column] . Entity2 [Table] . schemaName [Schema] . databaseName [Database] . BasicPhysical [Server]
Column_1 [Column] . Table1 [Table] . schemaName [Schema] . databaseName [Database] . BasicPhysical [Server]
Column_2 [Column] . Table1 [Table] . schemaName [Schema] . databaseName [Database] . BasicPhysical [Server]
Column_3 [Column] . Table1 [Table] . schemaName [Schema] . databaseName [Database] . BasicPhysical [Server]
databaseName [Database] . BasicPhysical [Server]
schemaName [Schema] . databaseName [Database] . BasicPhysical [Server]
BasicPhysical [Server]
Entity1 [Table] . schemaName [Schema] . databaseName [Database] . BasicPhysical [Server]
Entity2 [Table] . schemaName [Schema] . databaseName [Database] . BasicPhysical [Server]
Table1 [Table] . schemaName [Schema] . databaseName [Database] . BasicPhysical [Server]
Nodes: 13, edges: 0
