ACTUAL_PRICE [Column] . ITEM [Table] . DEMO [Schema] . databaseName [Database] . Physical [Server]
ADDRESS [Column] . CUSTOMER [Table] . DEMO [Schema] . databaseName [Database] . Physical [Server]
AREA_CODE [Column] . CUSTOMER [Table] . DEMO [Schema] . databaseName [Database] . Physical [Server]
CITY [Column] . CUSTOMER [Table] . DEMO [Schema] . databaseName [Database] . Physical [Server]
COMMENTS [Column] . CUSTOMER [Table] . DEMO [Schema] . databaseName [Database] . Physical [Server]
COMMISSION [Column] . EMPLOYEE [Table] . DEMO [Schema] . databaseName [Database] . Physical [Server]
CREDIT_LIMIT [Column] . CUSTOMER [Table] . DEMO [Schema] . databaseName [Database] . Physical [Server]
CUSTOMER_ID [Column] . CUSTOMER [Table] . DEMO [Schema] . databaseName [Database] . Physical [Server]
CUSTOMER_ID [Column] . SALES_ORDER [Table] . DEMO [Schema] . databaseName [Database] . Physical [Server]
DEPARTMENT_ID [Column] . DEPARTMENT [Table] . DEMO [Schema] . databaseName [Database] . Physical [Server]
DEPARTMENT_ID [Column] . EMPLOYEE [Table] . DEMO [Schema] . databaseName [Database] . Physical [Server]
DESCRIPTION [Column] . PRODUCT [Table] . DEMO [Schema] . databaseName [Database] . Physical [Server]
EMPLOYEE_ID [Column] . EMPLOYEE [Table] . DEMO [Schema] . databaseName [Database] . Physical [Server]
END_DATE [Column] . PRICE [Table] . DEMO [Schema] . databaseName [Database] . Physical [Server]
FIRST_NAME [Column] . EMPLOYEE [Table] . DEMO [Schema] . databaseName [Database] . Physical [Server]
FUNCTION [Column] . JOB [Table] . DEMO [Schema] . databaseName [Database] . Physical [Server]
GRADE_ID [Column] . EMPLOYEE [Table] . DEMO [Schema] . databaseName [Database] . Physical [Server]
GRADE_ID [Column] . SALARY_GRADE [Table] . DEMO [Schema] . databaseName [Database] . Physical [Server]
HIRE_DATE [Column] . EMPLOYEE [Table] . DEMO [Schema] . databaseName [Database] . Physical [Server]
ITEM_ID [Column] . ITEM [Table] . DEMO [Schema] . databaseName [Database] . Physical [Server]
JOB_ID [Column] . EMPLOYEE [Table] . DEMO [Schema] . databaseName [Database] . Physical [Server]
JOB_ID [Column] . JOB [Table] . DEMO [Schema] . databaseName [Database] . Physical [Server]
LAST_NAME [Column] . EMPLOYEE [Table] . DEMO [Schema] . databaseName [Database] . Physical [Server]
LIST_PRICE [Column] . PRICE [Table] . DEMO [Schema] . databaseName [Database] . Physical [Server]
LOCATION_ID [Column] . DEPARTMENT [Table] . DEMO [Schema] . databaseName [Database] . Physical [Server]
LOCATION_ID [Column] . LOCATION [Table] . DEMO [Schema] . databaseName [Database] . Physical [Server]
LOWER_BOUND [Column] . SALARY_GRADE [Table] . DEMO [Schema] . databaseName [Database] . Physical [Server]
MANAGER_ID [Column] . EMPLOYEE [Table] . DEMO [Schema] . databaseName [Database] . Physical [Server]
MIDDLE_INITIAL [Column] . EMPLOYEE [Table] . DEMO [Schema] . databaseName [Database] . Physical [Server]
MIN_PRICE [Column] . PRICE [Table] . DEMO [Schema] . databaseName [Database] . Physical [Server]
NAME [Column] . CUSTOMER [Table] . DEMO [Schema] . databaseName [Database] . Physical [Server]
NAME [Column] . DEPARTMENT [Table] . DEMO [Schema] . databaseName [Database] . Physical [Server]
ORDER_DATE [Column] . SALES_ORDER [Table] . DEMO [Schema] . databaseName [Database] . Physical [Server]
ORDER_ID [Column] . ITEM [Table] . DEMO [Schema] . databaseName [Database] . Physical [Server]
ORDER_ID [Column] . SALES_ORDER [Table] . DEMO [Schema] . databaseName [Database] . Physical [Server]
PHONE_NUMBER [Column] . CUSTOMER [Table] . DEMO [Schema] . databaseName [Database] . Physical [Server]
PRODUCT_ID [Column] . ITEM [Table] . DEMO [Schema] . databaseName [Database] . Physical [Server]
PRODUCT_ID [Column] . PRICE [Table] . DEMO [Schema] . databaseName [Database] . Physical [Server]
PRODUCT_ID [Column] . PRODUCT [Table] . DEMO [Schema] . databaseName [Database] . Physical [Server]
QUANTITY [Column] . ITEM [Table] . DEMO [Schema] . databaseName [Database] . Physical [Server]
REGIONAL_GROUP [Column] . LOCATION [Table] . DEMO [Schema] . databaseName [Database] . Physical [Server]
SALARY [Column] . EMPLOYEE [Table] . DEMO [Schema] . databaseName [Database] . Physical [Server]
SALESPERSON_ID [Column] . CUSTOMER [Table] . DEMO [Schema] . databaseName [Database] . Physical [Server]
SHIP_DATE [Column] . SALES_ORDER [Table] . DEMO [Schema] . databaseName [Database] . Physical [Server]
START_DATE [Column] . PRICE [Table] . DEMO [Schema] . databaseName [Database] . Physical [Server]
STATE [Column] . CUSTOMER [Table] . DEMO [Schema] . databaseName [Database] . Physical [Server]
TOTAL [Column] . ITEM [Table] . DEMO [Schema] . databaseName [Database] . Physical [Server]
TOTAL [Column] . SALES_ORDER [Table] . DEMO [Schema] . databaseName [Database] . Physical [Server]
UPPER_BOUND [Column] . SALARY_GRADE [Table] . DEMO [Schema] . databaseName [Database] . Physical [Server]
ZIP_CODE [Column] . CUSTOMER [Table] . DEMO [Schema] . databaseName [Database] . Physical [Server]
databaseName [Database] . Physical [Server]
DEMO [Schema] . databaseName [Database] . Physical [Server]
Physical [Server]
CUSTOMER [Table] . DEMO [Schema] . databaseName [Database] . Physical [Server]
DEPARTMENT [Table] . DEMO [Schema] . databaseName [Database] . Physical [Server]
EMPLOYEE [Table] . DEMO [Schema] . databaseName [Database] . Physical [Server]
ITEM [Table] . DEMO [Schema] . databaseName [Database] . Physical [Server]
JOB [Table] . DEMO [Schema] . databaseName [Database] . Physical [Server]
LOCATION [Table] . DEMO [Schema] . databaseName [Database] . Physical [Server]
PRICE [Table] . DEMO [Schema] . databaseName [Database] . Physical [Server]
PRODUCT [Table] . DEMO [Schema] . databaseName [Database] . Physical [Server]
SALARY_GRADE [Table] . DEMO [Schema] . databaseName [Database] . Physical [Server]
SALES_ORDER [Table] . DEMO [Schema] . databaseName [Database] . Physical [Server]
Nodes: 63, edges: 0
