ADMISSION_ID [Column] . ADMISSION [Table] . ERADMIN [Schema] . databaseName [Database] . Physical [Server]
ADMISSION_ID [Column] . ADMISSION_TEST [Table] . ERADMIN [Schema] . databaseName [Database] . Physical [Server]
ADMISSION_ID [Column] . MEDICATION_DISP [Table] . ERADMIN [Schema] . databaseName [Database] . Physical [Server]
ADMISSION_ID [Column] . NURSE_ADMISSION [Table] . ERADMIN [Schema] . databaseName [Database] . Physical [Server]
ADMISSION_ID [Column] . PATIENT_PROCEDURE [Table] . ERADMIN [Schema] . databaseName [Database] . Physical [Server]
ADMISSION_TEST_ID [Column] . ADMISSION_TEST [Table] . ERADMIN [Schema] . databaseName [Database] . Physical [Server]
ADMISSION_TIME [Column] . ADMISSION [Table] . ERADMIN [Schema] . databaseName [Database] . Physical [Server]
ADMITTING_NURSE_ID [Column] . ADMISSION [Table] . ERADMIN [Schema] . databaseName [Database] . Physical [Server]
AMOUNT [Column] . MEDICATION_DISP [Table] . ERADMIN [Schema] . databaseName [Database] . Physical [Server]
BEGIN_ATTEND_TIME [Column] . NURSE_ADMISSION [Table] . ERADMIN [Schema] . databaseName [Database] . Physical [Server]
CARRIER_ADDRESS [Column] . INSURANCE_CARRIER [Table] . ERADMIN [Schema] . databaseName [Database] . Physical [Server]
CARRIER_CITY [Column] . INSURANCE_CARRIER [Table] . ERADMIN [Schema] . databaseName [Database] . Physical [Server]
CARRIER_NAME [Column] . INSURANCE_CARRIER [Table] . ERADMIN [Schema] . databaseName [Database] . Physical [Server]
CARRIER_NAME [Column] . PATIENT_INSURANCE [Table] . ERADMIN [Schema] . databaseName [Database] . Physical [Server]
CARRIER_STATE [Column] . INSURANCE_CARRIER [Table] . ERADMIN [Schema] . databaseName [Database] . Physical [Server]
CARRIER_ZIP [Column] . INSURANCE_CARRIER [Table] . ERADMIN [Schema] . databaseName [Database] . Physical [Server]
CO_PAY [Column] . PATIENT_INSURANCE [Table] . ERADMIN [Schema] . databaseName [Database] . Physical [Server]
DATE_TIME_GIVEN [Column] . MEDICATION_DISP [Table] . ERADMIN [Schema] . databaseName [Database] . Physical [Server]
DESCRIPTION [Column] . ADMISSION_TEST [Table] . ERADMIN [Schema] . databaseName [Database] . Physical [Server]
DESCRIPTION [Column] . MEDICATION_DISPM [Table] . ERADMIN [Schema] . databaseName [Database] . Physical [Server]
DOB [Column] . PATIENT [Table] . ERADMIN [Schema] . databaseName [Database] . Physical [Server]
DOCTOR_ID [Column] . DOCTOR [Table] . ERADMIN [Schema] . databaseName [Database] . Physical [Server]
DOCTOR_ID [Column] . DOCTOR_PROCEDURE [Table] . ERADMIN [Schema] . databaseName [Database] . Physical [Server]
EFFECTIVE_DATE [Column] . PATIENT_INSURANCE [Table] . ERADMIN [Schema] . databaseName [Database] . Physical [Server]
END_ATTEND_DATE [Column] . NURSE_ADMISSION [Table] . ERADMIN [Schema] . databaseName [Database] . Physical [Server]
END_DATE [Column] . PATIENT_INSURANCE [Table] . ERADMIN [Schema] . databaseName [Database] . Physical [Server]
END_TIME [Column] . PATIENT_PROCEDURE [Table] . ERADMIN [Schema] . databaseName [Database] . Physical [Server]
FIRST_NAME [Column] . DOCTOR [Table] . ERADMIN [Schema] . databaseName [Database] . Physical [Server]
FIRST_NAME [Column] . NURSE [Table] . ERADMIN [Schema] . databaseName [Database] . Physical [Server]
FIRST_NAME [Column] . PATIENT [Table] . ERADMIN [Schema] . databaseName [Database] . Physical [Server]
GENDER [Column] . PATIENT [Table] . ERADMIN [Schema] . databaseName [Database] . Physical [Server]
GROUP_NUMBER [Column] . PATIENT_INSURANCE [Table] . ERADMIN [Schema] . databaseName [Database] . Physical [Server]
HOME_PHONE [Column] . PATIENT [Table] . ERADMIN [Schema] . databaseName [Database] . Physical [Server]
HOURLY_RATE [Column] . NURSE [Table] . ERADMIN [Schema] . databaseName [Database] . Physical [Server]
LAST_NAME [Column] . DOCTOR [Table] . ERADMIN [Schema] . databaseName [Database] . Physical [Server]
LAST_NAME [Column] . NURSE [Table] . ERADMIN [Schema] . databaseName [Database] . Physical [Server]
LAST_NAME [Column] . PATIENT [Table] . ERADMIN [Schema] . databaseName [Database] . Physical [Server]
MEDICATION_DISPENSED_ID [Column] . MEDICATION_DISP [Table] . ERADMIN [Schema] . databaseName [Database] . Physical [Server]
MEDICATION_DISPENSED_METHOD_ID [Column] . MEDICATION_DISP [Table] . ERADMIN [Schema] . databaseName [Database] . Physical [Server]
MEDICATION_DISPENSED_METHOD_ID [Column] . MEDICATION_DISPM [Table] . ERADMIN [Schema] . databaseName [Database] . Physical [Server]
MEDICATION_ID [Column] . MEDICATION [Table] . ERADMIN [Schema] . databaseName [Database] . Physical [Server]
MEDICATION_ID [Column] . MEDICATION_DISP [Table] . ERADMIN [Schema] . databaseName [Database] . Physical [Server]
MEDICATION_NAME [Column] . MEDICATION [Table] . ERADMIN [Schema] . databaseName [Database] . Physical [Server]
MIDDLE_INITIAL [Column] . NURSE [Table] . ERADMIN [Schema] . databaseName [Database] . Physical [Server]
MIDDLE_INITIAL [Column] . PATIENT [Table] . ERADMIN [Schema] . databaseName [Database] . Physical [Server]
NURSE_ID [Column] . NURSE [Table] . ERADMIN [Schema] . databaseName [Database] . Physical [Server]
NURSE_ID [Column] . NURSE_ADMISSION [Table] . ERADMIN [Schema] . databaseName [Database] . Physical [Server]
NURSE_ID [Column] . NURSE_PROCEDURE [Table] . ERADMIN [Schema] . databaseName [Database] . Physical [Server]
NURSE_RESPONSIBLE [Column] . ADMISSION_TEST [Table] . ERADMIN [Schema] . databaseName [Database] . Physical [Server]
OVERTIME_RATE [Column] . NURSE [Table] . ERADMIN [Schema] . databaseName [Database] . Physical [Server]
PAGER [Column] . DOCTOR [Table] . ERADMIN [Schema] . databaseName [Database] . Physical [Server]
PAGER [Column] . NURSE [Table] . ERADMIN [Schema] . databaseName [Database] . Physical [Server]
PATIENT_ID [Column] . ADMISSION [Table] . ERADMIN [Schema] . databaseName [Database] . Physical [Server]
PATIENT_ID [Column] . PATIENT [Table] . ERADMIN [Schema] . databaseName [Database] . Physical [Server]
PATIENT_ID [Column] . PATIENT_INSURANCE [Table] . ERADMIN [Schema] . databaseName [Database] . Physical [Server]
PATIENT_INSURANCE_ID [Column] . PATIENT_INSURANCE [Table] . ERADMIN [Schema] . databaseName [Database] . Physical [Server]
PHONE [Column] . PATIENT_INSURANCE [Table] . ERADMIN [Schema] . databaseName [Database] . Physical [Server]
PRACTICE_NAME [Column] . DOCTOR [Table] . ERADMIN [Schema] . databaseName [Database] . Physical [Server]
PROCEDURE_ID [Column] . DOCTOR_PROCEDURE [Table] . ERADMIN [Schema] . databaseName [Database] . Physical [Server]
PROCEDURE_ID [Column] . NURSE_PROCEDURE [Table] . ERADMIN [Schema] . databaseName [Database] . Physical [Server]
PROCEDURE_ID [Column] . PATIENT_PROCEDURE [Table] . ERADMIN [Schema] . databaseName [Database] . Physical [Server]
PROCEDURE_TYPE_ID [Column] . DOCTOR_PROCEDURE [Table] . ERADMIN [Schema] . databaseName [Database] . Physical [Server]
PROCEDURE_TYPE_ID [Column] . NURSE_PROCEDURE [Table] . ERADMIN [Schema] . databaseName [Database] . Physical [Server]
PROCEDURE_TYPE_ID [Column] . PATIENT_PROCEDURE [Table] . ERADMIN [Schema] . databaseName [Database] . Physical [Server]
PROCEDURE_TYPE_ID [Column] . PROCEDURE_TYPE [Table] . ERADMIN [Schema] . databaseName [Database] . Physical [Server]
PROCEDURE_TYPE_NAME [Column] . PROCEDURE_TYPE [Table] . ERADMIN [Schema] . databaseName [Database] . Physical [Server]
RELEASE_COMMENTS [Column] . ADMISSION [Table] . ERADMIN [Schema] . databaseName [Database] . Physical [Server]
RELEASE_TIME [Column] . ADMISSION [Table] . ERADMIN [Schema] . databaseName [Database] . Physical [Server]
REQUESTING_DOCTOR [Column] . ADMISSION_TEST [Table] . ERADMIN [Schema] . databaseName [Database] . Physical [Server]
SHIFT_PREFERRED [Column] . NURSE [Table] . ERADMIN [Schema] . databaseName [Database] . Physical [Server]
SPECIALTY [Column] . DOCTOR [Table] . ERADMIN [Schema] . databaseName [Database] . Physical [Server]
SSN [Column] . PATIENT [Table] . ERADMIN [Schema] . databaseName [Database] . Physical [Server]
START_TIME [Column] . PATIENT_PROCEDURE [Table] . ERADMIN [Schema] . databaseName [Database] . Physical [Server]
SUPERVISING_NURSE [Column] . NURSE [Table] . ERADMIN [Schema] . databaseName [Database] . Physical [Server]
TIME_COMPLETED [Column] . ADMISSION_TEST [Table] . ERADMIN [Schema] . databaseName [Database] . Physical [Server]
TIME_REQUESTED [Column] . ADMISSION_TEST [Table] . ERADMIN [Schema] . databaseName [Database] . Physical [Server]
UNITS [Column] . MEDICATION_DISP [Table] . ERADMIN [Schema] . databaseName [Database] . Physical [Server]
databaseName [Database] . Physical [Server]
ERADMIN [Schema] . databaseName [Database] . Physical [Server]
Physical [Server]
ADMISSION [Table] . ERADMIN [Schema] . databaseName [Database] . Physical [Server]
ADMISSION_TEST [Table] . ERADMIN [Schema] . databaseName [Database] . Physical [Server]
DOCTOR [Table] . ERADMIN [Schema] . databaseName [Database] . Physical [Server]
DOCTOR_PROCEDURE [Table] . ERADMIN [Schema] . databaseName [Database] . Physical [Server]
INSURANCE_CARRIER [Table] . ERADMIN [Schema] . databaseName [Database] . Physical [Server]
MEDICATION [Table] . ERADMIN [Schema] . databaseName [Database] . Physical [Server]
MEDICATION_DISP [Table] . ERADMIN [Schema] . databaseName [Database] . Physical [Server]
MEDICATION_DISPM [Table] . ERADMIN [Schema] . databaseName [Database] . Physical [Server]
NURSE [Table] . ERADMIN [Schema] . databaseName [Database] . Physical [Server]
NURSE_ADMISSION [Table] . ERADMIN [Schema] . databaseName [Database] . Physical [Server]
NURSE_PROCEDURE [Table] . ERADMIN [Schema] . databaseName [Database] . Physical [Server]
PATIENT [Table] . ERADMIN [Schema] . databaseName [Database] . Physical [Server]
PATIENT_INSURANCE [Table] . ERADMIN [Schema] . databaseName [Database] . Physical [Server]
PATIENT_PROCEDURE [Table] . ERADMIN [Schema] . databaseName [Database] . Physical [Server]
PROCEDURE_TYPE [Table] . ERADMIN [Schema] . databaseName [Database] . Physical [Server]
Nodes: 95, edges: 0
