ACTION [Column] . CLIENT_FACT [Table] . GIMDW [Schema] . databaseName [Database] . GIM_DW [Server]
ACTION [Column] . CLIENT_TRANSACTION [Table] . GIM [Schema] . databaseName [Database] . GIM_OLTP [Server]
BROKER_COMMISSION [Column] . CLIENT_FACT [Table] . GIMDW [Schema] . databaseName [Database] . GIM_DW [Server]
BROKER_COMMISSION [Column] . CLIENT_TRANSACTION [Table] . GIM [Schema] . databaseName [Database] . GIM_OLTP [Server]
BROKER_FIRST_NAME [Column] . BROKER [Table] . GIM [Schema] . databaseName [Database] . GIM_OLTP [Server]
BROKER_ID [Column] . BROKER [Table] . GIM [Schema] . databaseName [Database] . GIM_OLTP [Server]
BROKER_ID [Column] . BROKER_DIM [Table] . GIMDW [Schema] . databaseName [Database] . GIM_DW [Server]
BROKER_ID [Column] . CLIENT [Table] . GIM [Schema] . databaseName [Database] . GIM_OLTP [Server]
BROKER_ID [Column] . CLIENT_FACT [Table] . GIMDW [Schema] . databaseName [Database] . GIM_DW [Server]
BROKER_ID [Column] . CLIENT_TRANSACTION [Table] . GIM [Schema] . databaseName [Database] . GIM_OLTP [Server]
BROKER_LAST_NAME [Column] . BROKER [Table] . GIM [Schema] . databaseName [Database] . GIM_OLTP [Server]
BROKER_MIDDLE_INITIAL [Column] . BROKER [Table] . GIM [Schema] . databaseName [Database] . GIM_OLTP [Server]
BROKER_NAME [Column] . BROKER_DIM [Table] . GIMDW [Schema] . databaseName [Database] . GIM_DW [Server]
CITY [Column] . REGION_DIM [Table] . GIMDW [Schema] . databaseName [Database] . GIM_DW [Server]
CLIENT_CITY [Column] . CLIENT [Table] . GIM [Schema] . databaseName [Database] . GIM_OLTP [Server]
CLIENT_CITY [Column] . CLIENT_FACT [Table] . GIMDW [Schema] . databaseName [Database] . GIM_DW [Server]
CLIENT_COUNTRY [Column] . CLIENT [Table] . GIM [Schema] . databaseName [Database] . GIM_OLTP [Server]
CLIENT_COUNTRY [Column] . CLIENT_FACT [Table] . GIMDW [Schema] . databaseName [Database] . GIM_DW [Server]
CLIENT_FIRST_NAME [Column] . CLIENT [Table] . GIM [Schema] . databaseName [Database] . GIM_OLTP [Server]
CLIENT_GENDER [Column] . CLIENT [Table] . GIM [Schema] . databaseName [Database] . GIM_OLTP [Server]
CLIENT_GENDER [Column] . CLIENT_FACT [Table] . GIMDW [Schema] . databaseName [Database] . GIM_DW [Server]
CLIENT_HOUSEHOLD_INCOME [Column] . CLIENT [Table] . GIM [Schema] . databaseName [Database] . GIM_OLTP [Server]
CLIENT_HOUSEHOLD_INCOME [Column] . CLIENT_FACT [Table] . GIMDW [Schema] . databaseName [Database] . GIM_DW [Server]
CLIENT_ID [Column] . CLIENT [Table] . GIM [Schema] . databaseName [Database] . GIM_OLTP [Server]
CLIENT_ID [Column] . CLIENT_FACT [Table] . GIMDW [Schema] . databaseName [Database] . GIM_DW [Server]
CLIENT_ID [Column] . CLIENT_TRANSACTION [Table] . GIM [Schema] . databaseName [Database] . GIM_OLTP [Server]
CLIENT_LAST_NAME [Column] . CLIENT [Table] . GIM [Schema] . databaseName [Database] . GIM_OLTP [Server]
CLIENT_MARITAL_STATUS [Column] . CLIENT [Table] . GIM [Schema] . databaseName [Database] . GIM_OLTP [Server]
CLIENT_MARITAL_STATUS [Column] . CLIENT_FACT [Table] . GIMDW [Schema] . databaseName [Database] . GIM_DW [Server]
CLIENT_PHONE_NUMBER [Column] . CLIENT [Table] . GIM [Schema] . databaseName [Database] . GIM_OLTP [Server]
CLIENT_PHONE_NUMBER [Column] . CLIENT_FACT [Table] . GIMDW [Schema] . databaseName [Database] . GIM_DW [Server]
CLIENT_POSTAL_CODE [Column] . CLIENT [Table] . GIM [Schema] . databaseName [Database] . GIM_OLTP [Server]
CLIENT_POSTAL_CODE [Column] . CLIENT_FACT [Table] . GIMDW [Schema] . databaseName [Database] . GIM_DW [Server]
CLIENT_STATE_PROVINCE [Column] . CLIENT [Table] . GIM [Schema] . databaseName [Database] . GIM_OLTP [Server]
CLIENT_STATE_PROVINCE [Column] . CLIENT_FACT [Table] . GIMDW [Schema] . databaseName [Database] . GIM_DW [Server]
CLIENT_STREET_ADDRESS [Column] . CLIENT [Table] . GIM [Schema] . databaseName [Database] . GIM_OLTP [Server]
CLIENT_TRANSACTION_ID [Column] . CLIENT_TRANSACTION [Table] . GIM [Schema] . databaseName [Database] . GIM_OLTP [Server]
CLIENT_YEAR_OF_BIRTH [Column] . CLIENT [Table] . GIM [Schema] . databaseName [Database] . GIM_OLTP [Server]
CLIENT_YEAR_OF_BIRTH [Column] . CLIENT_FACT [Table] . GIMDW [Schema] . databaseName [Database] . GIM_DW [Server]
DEMOGRAPHIC_CODE [Column] . REGION_DIM [Table] . GIMDW [Schema] . databaseName [Database] . GIM_DW [Server]
DESCRIPTION [Column] . CLIENT_FACT [Table] . GIMDW [Schema] . databaseName [Database] . GIM_DW [Server]
DESCRIPTION [Column] . CLIENT_TRANSACTION [Table] . GIM [Schema] . databaseName [Database] . GIM_OLTP [Server]
INVESTMENT_DURATION [Column] . INVESTMENT [Table] . GIM [Schema] . databaseName [Database] . GIM_OLTP [Server]
INVESTMENT_DURATION [Column] . INVESTMENT_DIM [Table] . GIMDW [Schema] . databaseName [Database] . GIM_DW [Server]
INVESTMENT_ID [Column] . CLIENT_FACT [Table] . GIMDW [Schema] . databaseName [Database] . GIM_DW [Server]
INVESTMENT_ID [Column] . CLIENT_TRANSACTION [Table] . GIM [Schema] . databaseName [Database] . GIM_OLTP [Server]
INVESTMENT_ID [Column] . INVESTMENT [Table] . GIM [Schema] . databaseName [Database] . GIM_OLTP [Server]
INVESTMENT_ID [Column] . INVESTMENT_DIM [Table] . GIMDW [Schema] . databaseName [Database] . GIM_DW [Server]
INVESTMENT_NAME [Column] . INVESTMENT [Table] . GIM [Schema] . databaseName [Database] . GIM_OLTP [Server]
INVESTMENT_NAME [Column] . INVESTMENT_DIM [Table] . GIMDW [Schema] . databaseName [Database] . GIM_DW [Server]
INVESTMENT_TYPE_ID [Column] . INVESTMENT [Table] . GIM [Schema] . databaseName [Database] . GIM_OLTP [Server]
INVESTMENT_TYPE_ID [Column] . INVESTMENT_TYPE [Table] . GIM [Schema] . databaseName [Database] . GIM_OLTP [Server]
INVESTMENT_TYPE_NAME [Column] . INVESTMENT_TYPE [Table] . GIM [Schema] . databaseName [Database] . GIM_OLTP [Server]
INVESTMENT_UNIT [Column] . INVESTMENT [Table] . GIM [Schema] . databaseName [Database] . GIM_OLTP [Server]
INVESTMENT_UNIT [Column] . INVESTMENT_DIM [Table] . GIMDW [Schema] . databaseName [Database] . GIM_DW [Server]
INVESTMENT_VENDOR [Column] . INVESTMENT [Table] . GIM [Schema] . databaseName [Database] . GIM_OLTP [Server]
INVESTMENT_VENDOR [Column] . INVESTMENT_DIM [Table] . GIMDW [Schema] . databaseName [Database] . GIM_DW [Server]
MANAGER_ID [Column] . BROKER [Table] . GIM [Schema] . databaseName [Database] . GIM_OLTP [Server]
NUMBER_OF_UNITS [Column] . CLIENT_FACT [Table] . GIMDW [Schema] . databaseName [Database] . GIM_DW [Server]
NUMBER_OF_UNITS [Column] . CLIENT_TRANSACTION [Table] . GIM [Schema] . databaseName [Database] . GIM_OLTP [Server]
OFFICE_ADDRESS [Column] . OFFICE_LOCATION [Table] . GIM [Schema] . databaseName [Database] . GIM_OLTP [Server]
OFFICE_CITY [Column] . OFFICE_LOCATION [Table] . GIM [Schema] . databaseName [Database] . GIM_OLTP [Server]
OFFICE_COUNTRY [Column] . OFFICE_LOCATION [Table] . GIM [Schema] . databaseName [Database] . GIM_OLTP [Server]
OFFICE_LOCATION_ID [Column] . BROKER [Table] . GIM [Schema] . databaseName [Database] . GIM_OLTP [Server]
OFFICE_LOCATION_ID [Column] . OFFICE_LOCATION [Table] . GIM [Schema] . databaseName [Database] . GIM_OLTP [Server]
OFFICE_NAME [Column] . OFFICE_LOCATION [Table] . GIM [Schema] . databaseName [Database] . GIM_OLTP [Server]
OFFICE_POSTAL_CODE [Column] . OFFICE_LOCATION [Table] . GIM [Schema] . databaseName [Database] . GIM_OLTP [Server]
OFFICE_STATE_PROVINCE [Column] . OFFICE_LOCATION [Table] . GIM [Schema] . databaseName [Database] . GIM_OLTP [Server]
PRICE [Column] . CLIENT_FACT [Table] . GIMDW [Schema] . databaseName [Database] . GIM_DW [Server]
PRICE [Column] . CLIENT_TRANSACTION [Table] . GIM [Schema] . databaseName [Database] . GIM_OLTP [Server]
REGION_ID [Column] . CLIENT_FACT [Table] . GIMDW [Schema] . databaseName [Database] . GIM_DW [Server]
REGION_ID [Column] . REGION_DIM [Table] . GIMDW [Schema] . databaseName [Database] . GIM_DW [Server]
STATE_CODE [Column] . REGION_DIM [Table] . GIMDW [Schema] . databaseName [Database] . GIM_DW [Server]
TRANSACTION_COMP_TIMESTAMP [Column] . CLIENT_FACT [Table] . GIMDW [Schema] . databaseName [Database] . GIM_DW [Server]
TRANSACTION_COMP_TIMESTAMP [Column] . CLIENT_TRANSACTION [Table] . GIM [Schema] . databaseName [Database] . GIM_OLTP [Server]
TRANSACTION_STATUS [Column] . CLIENT_FACT [Table] . GIMDW [Schema] . databaseName [Database] . GIM_DW [Server]
TRANSACTION_STATUS [Column] . CLIENT_TRANSACTION [Table] . GIM [Schema] . databaseName [Database] . GIM_OLTP [Server]
TRANSACTION_SUB_TIMESTAMP [Column] . CLIENT_FACT [Table] . GIMDW [Schema] . databaseName [Database] . GIM_DW [Server]
TRANSACTION_SUB_TIMESTAMP [Column] . CLIENT_TRANSACTION [Table] . GIM [Schema] . databaseName [Database] . GIM_OLTP [Server]
YEARS_WITH_FIRM [Column] . BROKER [Table] . GIM [Schema] . databaseName [Database] . GIM_OLTP [Server]
YEARS_WITH_FIRM [Column] . BROKER_DIM [Table] . GIMDW [Schema] . databaseName [Database] . GIM_DW [Server]
ZIP_CODE [Column] . REGION_DIM [Table] . GIMDW [Schema] . databaseName [Database] . GIM_DW [Server]
databaseName [Database] . GIM_DW [Server]
databaseName [Database] . GIM_OLTP [Server]
GIM [Schema] . databaseName [Database] . GIM_OLTP [Server]
GIMDW [Schema] . databaseName [Database] . GIM_DW [Server]
GIM_DW [Server]
GIM_OLTP [Server]
BROKER [Table] . GIM [Schema] . databaseName [Database] . GIM_OLTP [Server]
BROKER_DIM [Table] . GIMDW [Schema] . databaseName [Database] . GIM_DW [Server]
CLIENT [Table] . GIM [Schema] . databaseName [Database] . GIM_OLTP [Server]
CLIENT_FACT [Table] . GIMDW [Schema] . databaseName [Database] . GIM_DW [Server]
CLIENT_TRANSACTION [Table] . GIM [Schema] . databaseName [Database] . GIM_OLTP [Server]
INVESTMENT [Table] . GIM [Schema] . databaseName [Database] . GIM_OLTP [Server]
INVESTMENT_DIM [Table] . GIMDW [Schema] . databaseName [Database] . GIM_DW [Server]
INVESTMENT_TYPE [Table] . GIM [Schema] . databaseName [Database] . GIM_OLTP [Server]
OFFICE_LOCATION [Table] . GIM [Schema] . databaseName [Database] . GIM_OLTP [Server]
REGION_DIM [Table] . GIMDW [Schema] . databaseName [Database] . GIM_DW [Server]
Nodes: 98, edges: 0
