ADDRESS [Column] . CUSTOMERS [Table] . NORTH [Schema] . databaseName [Database] . Migration Project (Oracle 8i) [Server]
ADDRESS [Column] . EMPLOYEES [Table] . NORTH [Schema] . databaseName [Database] . Migration Project (Oracle 8i) [Server]
ADDRESS [Column] . SUPPLIERS [Table] . NORTH [Schema] . databaseName [Database] . Migration Project (Oracle 8i) [Server]
Address [Column] . Customers [Table] . dbo [Schema] . databaseName [Database] . Northwind Production (SQL Server 2000) [Server]
Address [Column] . Employees [Table] . dbo [Schema] . databaseName [Database] . Northwind Production (SQL Server 2000) [Server]
Address [Column] . Suppliers [Table] . dbo [Schema] . databaseName [Database] . Northwind Production (SQL Server 2000) [Server]
BIRTHDATE [Column] . EMPLOYEES [Table] . NORTH [Schema] . databaseName [Database] . Migration Project (Oracle 8i) [Server]
BirthDate [Column] . Employees [Table] . dbo [Schema] . databaseName [Database] . Northwind Production (SQL Server 2000) [Server]
CATEGORYID [Column] . CATEGORIES [Table] . NORTH [Schema] . databaseName [Database] . Migration Project (Oracle 8i) [Server]
CATEGORYID [Column] . PRODUCTS [Table] . NORTH [Schema] . databaseName [Database] . Migration Project (Oracle 8i) [Server]
CATEGORYNAME [Column] . CATEGORIES [Table] . NORTH [Schema] . databaseName [Database] . Migration Project (Oracle 8i) [Server]
CITY [Column] . CUSTOMERS [Table] . NORTH [Schema] . databaseName [Database] . Migration Project (Oracle 8i) [Server]
CITY [Column] . EMPLOYEES [Table] . NORTH [Schema] . databaseName [Database] . Migration Project (Oracle 8i) [Server]
CITY [Column] . SUPPLIERS [Table] . NORTH [Schema] . databaseName [Database] . Migration Project (Oracle 8i) [Server]
COMPANYNAME [Column] . CUSTOMERS [Table] . NORTH [Schema] . databaseName [Database] . Migration Project (Oracle 8i) [Server]
COMPANYNAME [Column] . SHIPPERS [Table] . NORTH [Schema] . databaseName [Database] . Migration Project (Oracle 8i) [Server]
COMPANYNAME [Column] . SUPPLIERS [Table] . NORTH [Schema] . databaseName [Database] . Migration Project (Oracle 8i) [Server]
CONTACTNAME [Column] . CUSTOMERS [Table] . NORTH [Schema] . databaseName [Database] . Migration Project (Oracle 8i) [Server]
CONTACTNAME [Column] . SUPPLIERS [Table] . NORTH [Schema] . databaseName [Database] . Migration Project (Oracle 8i) [Server]
CONTACTTITLE [Column] . CUSTOMERS [Table] . NORTH [Schema] . databaseName [Database] . Migration Project (Oracle 8i) [Server]
CONTACTTITLE [Column] . SUPPLIERS [Table] . NORTH [Schema] . databaseName [Database] . Migration Project (Oracle 8i) [Server]
COUNTRY [Column] . CUSTOMERS [Table] . NORTH [Schema] . databaseName [Database] . Migration Project (Oracle 8i) [Server]
COUNTRY [Column] . EMPLOYEES [Table] . NORTH [Schema] . databaseName [Database] . Migration Project (Oracle 8i) [Server]
COUNTRY [Column] . SUPPLIERS [Table] . NORTH [Schema] . databaseName [Database] . Migration Project (Oracle 8i) [Server]
CUSTOMERDESC [Column] . CUSTOMERDEMOGRAPHICS [Table] . NORTH [Schema] . databaseName [Database] . Migration Project (Oracle 8i) [Server]
CUSTOMERID [Column] . CUSTOMERCUSTOMERDEMO [Table] . NORTH [Schema] . databaseName [Database] . Migration Project (Oracle 8i) [Server]
CUSTOMERID [Column] . CUSTOMERS [Table] . NORTH [Schema] . databaseName [Database] . Migration Project (Oracle 8i) [Server]
CUSTOMERID [Column] . ORDERS [Table] . NORTH [Schema] . databaseName [Database] . Migration Project (Oracle 8i) [Server]
CUSTOMERTYPEID [Column] . CUSTOMERCUSTOMERDEMO [Table] . NORTH [Schema] . databaseName [Database] . Migration Project (Oracle 8i) [Server]
CUSTOMERTYPEID [Column] . CUSTOMERDEMOGRAPHICS [Table] . NORTH [Schema] . databaseName [Database] . Migration Project (Oracle 8i) [Server]
CategoryID [Column] . Categories [Table] . dbo [Schema] . databaseName [Database] . Northwind Production (SQL Server 2000) [Server]
CategoryID [Column] . Products [Table] . dbo [Schema] . databaseName [Database] . Northwind Production (SQL Server 2000) [Server]
CategoryName [Column] . Categories [Table] . dbo [Schema] . databaseName [Database] . Northwind Production (SQL Server 2000) [Server]
City [Column] . Customers [Table] . dbo [Schema] . databaseName [Database] . Northwind Production (SQL Server 2000) [Server]
City [Column] . Employees [Table] . dbo [Schema] . databaseName [Database] . Northwind Production (SQL Server 2000) [Server]
City [Column] . Suppliers [Table] . dbo [Schema] . databaseName [Database] . Northwind Production (SQL Server 2000) [Server]
CompanyName [Column] . Customers [Table] . dbo [Schema] . databaseName [Database] . Northwind Production (SQL Server 2000) [Server]
CompanyName [Column] . Shippers [Table] . dbo [Schema] . databaseName [Database] . Northwind Production (SQL Server 2000) [Server]
CompanyName [Column] . Suppliers [Table] . dbo [Schema] . databaseName [Database] . Northwind Production (SQL Server 2000) [Server]
ContactName [Column] . Customers [Table] . dbo [Schema] . databaseName [Database] . Northwind Production (SQL Server 2000) [Server]
ContactName [Column] . Suppliers [Table] . dbo [Schema] . databaseName [Database] . Northwind Production (SQL Server 2000) [Server]
ContactTitle [Column] . Customers [Table] . dbo [Schema] . databaseName [Database] . Northwind Production (SQL Server 2000) [Server]
ContactTitle [Column] . Suppliers [Table] . dbo [Schema] . databaseName [Database] . Northwind Production (SQL Server 2000) [Server]
Country [Column] . Customers [Table] . dbo [Schema] . databaseName [Database] . Northwind Production (SQL Server 2000) [Server]
Country [Column] . Employees [Table] . dbo [Schema] . databaseName [Database] . Northwind Production (SQL Server 2000) [Server]
Country [Column] . Suppliers [Table] . dbo [Schema] . databaseName [Database] . Northwind Production (SQL Server 2000) [Server]
CustomerDesc [Column] . CustomerDemographics [Table] . dbo [Schema] . databaseName [Database] . Northwind Production (SQL Server 2000) [Server]
CustomerID [Column] . CustomerCustomerDemo [Table] . dbo [Schema] . databaseName [Database] . Northwind Production (SQL Server 2000) [Server]
CustomerID [Column] . Customers [Table] . dbo [Schema] . databaseName [Database] . Northwind Production (SQL Server 2000) [Server]
CustomerID [Column] . Orders [Table] . dbo [Schema] . databaseName [Database] . Northwind Production (SQL Server 2000) [Server]
CustomerTypeID [Column] . CustomerCustomerDemo [Table] . dbo [Schema] . databaseName [Database] . Northwind Production (SQL Server 2000) [Server]
CustomerTypeID [Column] . CustomerDemographics [Table] . dbo [Schema] . databaseName [Database] . Northwind Production (SQL Server 2000) [Server]
DESCRIPTION [Column] . CATEGORIES [Table] . NORTH [Schema] . databaseName [Database] . Migration Project (Oracle 8i) [Server]
DISCONTINUED [Column] . PRODUCTS [Table] . NORTH [Schema] . databaseName [Database] . Migration Project (Oracle 8i) [Server]
DISCOUNT [Column] . ORDER_DETAILS [Table] . NORTH [Schema] . databaseName [Database] . Migration Project (Oracle 8i) [Server]
Description [Column] . Categories [Table] . dbo [Schema] . databaseName [Database] . Northwind Production (SQL Server 2000) [Server]
Discontinued [Column] . Products [Table] . dbo [Schema] . databaseName [Database] . Northwind Production (SQL Server 2000) [Server]
Discount [Column] . Order Details [Table] . dbo [Schema] . databaseName [Database] . Northwind Production (SQL Server 2000) [Server]
EMPLOYEEID [Column] . EMPLOYEES [Table] . NORTH [Schema] . databaseName [Database] . Migration Project (Oracle 8i) [Server]
EMPLOYEEID [Column] . EMPLOYEETERRITORIES [Table] . NORTH [Schema] . databaseName [Database] . Migration Project (Oracle 8i) [Server]
EMPLOYEEID [Column] . ORDERS [Table] . NORTH [Schema] . databaseName [Database] . Migration Project (Oracle 8i) [Server]
EXTENSION [Column] . EMPLOYEES [Table] . NORTH [Schema] . databaseName [Database] . Migration Project (Oracle 8i) [Server]
EmployeeID [Column] . EmployeeTerritories [Table] . dbo [Schema] . databaseName [Database] . Northwind Production (SQL Server 2000) [Server]
EmployeeID [Column] . Employees [Table] . dbo [Schema] . databaseName [Database] . Northwind Production (SQL Server 2000) [Server]
EmployeeID [Column] . Orders [Table] . dbo [Schema] . databaseName [Database] . Northwind Production (SQL Server 2000) [Server]
Extension [Column] . Employees [Table] . dbo [Schema] . databaseName [Database] . Northwind Production (SQL Server 2000) [Server]
FAX [Column] . CUSTOMERS [Table] . NORTH [Schema] . databaseName [Database] . Migration Project (Oracle 8i) [Server]
FAX [Column] . SUPPLIERS [Table] . NORTH [Schema] . databaseName [Database] . Migration Project (Oracle 8i) [Server]
FIRSTNAME [Column] . EMPLOYEES [Table] . NORTH [Schema] . databaseName [Database] . Migration Project (Oracle 8i) [Server]
FREIGHT [Column] . ORDERS [Table] . NORTH [Schema] . databaseName [Database] . Migration Project (Oracle 8i) [Server]
Fax [Column] . Customers [Table] . dbo [Schema] . databaseName [Database] . Northwind Production (SQL Server 2000) [Server]
Fax [Column] . Suppliers [Table] . dbo [Schema] . databaseName [Database] . Northwind Production (SQL Server 2000) [Server]
FirstName [Column] . Employees [Table] . dbo [Schema] . databaseName [Database] . Northwind Production (SQL Server 2000) [Server]
Freight [Column] . Orders [Table] . dbo [Schema] . databaseName [Database] . Northwind Production (SQL Server 2000) [Server]
HIREDATE [Column] . EMPLOYEES [Table] . NORTH [Schema] . databaseName [Database] . Migration Project (Oracle 8i) [Server]
HOMEPAGE [Column] . SUPPLIERS [Table] . NORTH [Schema] . databaseName [Database] . Migration Project (Oracle 8i) [Server]
HOMEPHONE [Column] . EMPLOYEES [Table] . NORTH [Schema] . databaseName [Database] . Migration Project (Oracle 8i) [Server]
HireDate [Column] . Employees [Table] . dbo [Schema] . databaseName [Database] . Northwind Production (SQL Server 2000) [Server]
HomePage [Column] . Suppliers [Table] . dbo [Schema] . databaseName [Database] . Northwind Production (SQL Server 2000) [Server]
HomePhone [Column] . Employees [Table] . dbo [Schema] . databaseName [Database] . Northwind Production (SQL Server 2000) [Server]
LASTNAME [Column] . EMPLOYEES [Table] . NORTH [Schema] . databaseName [Database] . Migration Project (Oracle 8i) [Server]
LastName [Column] . Employees [Table] . dbo [Schema] . databaseName [Database] . Northwind Production (SQL Server 2000) [Server]
NOTES [Column] . EMPLOYEES [Table] . NORTH [Schema] . databaseName [Database] . Migration Project (Oracle 8i) [Server]
Notes [Column] . Employees [Table] . dbo [Schema] . databaseName [Database] . Northwind Production (SQL Server 2000) [Server]
ORDERDATE [Column] . ORDERS [Table] . NORTH [Schema] . databaseName [Database] . Migration Project (Oracle 8i) [Server]
ORDERID [Column] . ORDERS [Table] . NORTH [Schema] . databaseName [Database] . Migration Project (Oracle 8i) [Server]
ORDERID [Column] . ORDER_DETAILS [Table] . NORTH [Schema] . databaseName [Database] . Migration Project (Oracle 8i) [Server]
OrderDate [Column] . Orders [Table] . dbo [Schema] . databaseName [Database] . Northwind Production (SQL Server 2000) [Server]
OrderID [Column] . Order Details [Table] . dbo [Schema] . databaseName [Database] . Northwind Production (SQL Server 2000) [Server]
OrderID [Column] . Orders [Table] . dbo [Schema] . databaseName [Database] . Northwind Production (SQL Server 2000) [Server]
PHONE [Column] . CUSTOMERS [Table] . NORTH [Schema] . databaseName [Database] . Migration Project (Oracle 8i) [Server]
PHONE [Column] . SHIPPERS [Table] . NORTH [Schema] . databaseName [Database] . Migration Project (Oracle 8i) [Server]
PHONE [Column] . SUPPLIERS [Table] . NORTH [Schema] . databaseName [Database] . Migration Project (Oracle 8i) [Server]
PHOTO [Column] . EMPLOYEES [Table] . NORTH [Schema] . databaseName [Database] . Migration Project (Oracle 8i) [Server]
PHOTOPATH [Column] . EMPLOYEES [Table] . NORTH [Schema] . databaseName [Database] . Migration Project (Oracle 8i) [Server]
PICTURE [Column] . CATEGORIES [Table] . NORTH [Schema] . databaseName [Database] . Migration Project (Oracle 8i) [Server]
POSTALCODE [Column] . CUSTOMERS [Table] . NORTH [Schema] . databaseName [Database] . Migration Project (Oracle 8i) [Server]
POSTALCODE [Column] . EMPLOYEES [Table] . NORTH [Schema] . databaseName [Database] . Migration Project (Oracle 8i) [Server]
POSTALCODE [Column] . SUPPLIERS [Table] . NORTH [Schema] . databaseName [Database] . Migration Project (Oracle 8i) [Server]
PRODUCTID [Column] . ORDER_DETAILS [Table] . NORTH [Schema] . databaseName [Database] . Migration Project (Oracle 8i) [Server]
PRODUCTID [Column] . PRODUCTS [Table] . NORTH [Schema] . databaseName [Database] . Migration Project (Oracle 8i) [Server]
PRODUCTNAME [Column] . PRODUCTS [Table] . NORTH [Schema] . databaseName [Database] . Migration Project (Oracle 8i) [Server]
Phone [Column] . Customers [Table] . dbo [Schema] . databaseName [Database] . Northwind Production (SQL Server 2000) [Server]
Phone [Column] . Shippers [Table] . dbo [Schema] . databaseName [Database] . Northwind Production (SQL Server 2000) [Server]
Phone [Column] . Suppliers [Table] . dbo [Schema] . databaseName [Database] . Northwind Production (SQL Server 2000) [Server]
Photo [Column] . Employees [Table] . dbo [Schema] . databaseName [Database] . Northwind Production (SQL Server 2000) [Server]
PhotoPath [Column] . Employees [Table] . dbo [Schema] . databaseName [Database] . Northwind Production (SQL Server 2000) [Server]
Picture [Column] . Categories [Table] . dbo [Schema] . databaseName [Database] . Northwind Production (SQL Server 2000) [Server]
PostalCode [Column] . Customers [Table] . dbo [Schema] . databaseName [Database] . Northwind Production (SQL Server 2000) [Server]
PostalCode [Column] . Employees [Table] . dbo [Schema] . databaseName [Database] . Northwind Production (SQL Server 2000) [Server]
PostalCode [Column] . Suppliers [Table] . dbo [Schema] . databaseName [Database] . Northwind Production (SQL Server 2000) [Server]
ProductID [Column] . Order Details [Table] . dbo [Schema] . databaseName [Database] . Northwind Production (SQL Server 2000) [Server]
ProductID [Column] . Products [Table] . dbo [Schema] . databaseName [Database] . Northwind Production (SQL Server 2000) [Server]
ProductName [Column] . Order Details [Table] . dbo [Schema] . databaseName [Database] . Northwind Production (SQL Server 2000) [Server]
ProductName [Column] . Products [Table] . dbo [Schema] . databaseName [Database] . Northwind Production (SQL Server 2000) [Server]
QUANTITY [Column] . ORDER_DETAILS [Table] . NORTH [Schema] . databaseName [Database] . Migration Project (Oracle 8i) [Server]
QUANTITYPERUNIT [Column] . PRODUCTS [Table] . NORTH [Schema] . databaseName [Database] . Migration Project (Oracle 8i) [Server]
Quantity [Column] . Order Details [Table] . dbo [Schema] . databaseName [Database] . Northwind Production (SQL Server 2000) [Server]
QuantityPerUnit [Column] . Products [Table] . dbo [Schema] . databaseName [Database] . Northwind Production (SQL Server 2000) [Server]
REGION [Column] . CUSTOMERS [Table] . NORTH [Schema] . databaseName [Database] . Migration Project (Oracle 8i) [Server]
REGION [Column] . EMPLOYEES [Table] . NORTH [Schema] . databaseName [Database] . Migration Project (Oracle 8i) [Server]
REGION [Column] . SUPPLIERS [Table] . NORTH [Schema] . databaseName [Database] . Migration Project (Oracle 8i) [Server]
REGIONDESCRIPTION [Column] . REGION [Table] . NORTH [Schema] . databaseName [Database] . Migration Project (Oracle 8i) [Server]
REGIONID [Column] . REGION [Table] . NORTH [Schema] . databaseName [Database] . Migration Project (Oracle 8i) [Server]
REGIONID [Column] . TERRITORIES [Table] . NORTH [Schema] . databaseName [Database] . Migration Project (Oracle 8i) [Server]
REORDERLEVEL [Column] . PRODUCTS [Table] . NORTH [Schema] . databaseName [Database] . Migration Project (Oracle 8i) [Server]
REPORTSTO [Column] . EMPLOYEES [Table] . NORTH [Schema] . databaseName [Database] . Migration Project (Oracle 8i) [Server]
REQUIREDDATE [Column] . ORDERS [Table] . NORTH [Schema] . databaseName [Database] . Migration Project (Oracle 8i) [Server]
Region [Column] . Customers [Table] . dbo [Schema] . databaseName [Database] . Northwind Production (SQL Server 2000) [Server]
Region [Column] . Employees [Table] . dbo [Schema] . databaseName [Database] . Northwind Production (SQL Server 2000) [Server]
Region [Column] . Suppliers [Table] . dbo [Schema] . databaseName [Database] . Northwind Production (SQL Server 2000) [Server]
RegionDescription [Column] . Region [Table] . dbo [Schema] . databaseName [Database] . Northwind Production (SQL Server 2000) [Server]
RegionID [Column] . Region [Table] . dbo [Schema] . databaseName [Database] . Northwind Production (SQL Server 2000) [Server]
RegionID [Column] . Territories [Table] . dbo [Schema] . databaseName [Database] . Northwind Production (SQL Server 2000) [Server]
ReorderLevel [Column] . Products [Table] . dbo [Schema] . databaseName [Database] . Northwind Production (SQL Server 2000) [Server]
ReportsTo [Column] . Employees [Table] . dbo [Schema] . databaseName [Database] . Northwind Production (SQL Server 2000) [Server]
RequiredDate [Column] . Orders [Table] . dbo [Schema] . databaseName [Database] . Northwind Production (SQL Server 2000) [Server]
SHIPADDRESS [Column] . ORDERS [Table] . NORTH [Schema] . databaseName [Database] . Migration Project (Oracle 8i) [Server]
SHIPCITY [Column] . ORDERS [Table] . NORTH [Schema] . databaseName [Database] . Migration Project (Oracle 8i) [Server]
SHIPCOUNTRY [Column] . ORDERS [Table] . NORTH [Schema] . databaseName [Database] . Migration Project (Oracle 8i) [Server]
SHIPNAME [Column] . ORDERS [Table] . NORTH [Schema] . databaseName [Database] . Migration Project (Oracle 8i) [Server]
SHIPPEDDATE [Column] . ORDERS [Table] . NORTH [Schema] . databaseName [Database] . Migration Project (Oracle 8i) [Server]
SHIPPERID [Column] . SHIPPERS [Table] . NORTH [Schema] . databaseName [Database] . Migration Project (Oracle 8i) [Server]
SHIPPOSTALCODE [Column] . ORDERS [Table] . NORTH [Schema] . databaseName [Database] . Migration Project (Oracle 8i) [Server]
SHIPREGION [Column] . ORDERS [Table] . NORTH [Schema] . databaseName [Database] . Migration Project (Oracle 8i) [Server]
SHIPVIA [Column] . ORDERS [Table] . NORTH [Schema] . databaseName [Database] . Migration Project (Oracle 8i) [Server]
SUPPLIERID [Column] . PRODUCTS [Table] . NORTH [Schema] . databaseName [Database] . Migration Project (Oracle 8i) [Server]
SUPPLIERID [Column] . SUPPLIERS [Table] . NORTH [Schema] . databaseName [Database] . Migration Project (Oracle 8i) [Server]
ShipAddress [Column] . Orders [Table] . dbo [Schema] . databaseName [Database] . Northwind Production (SQL Server 2000) [Server]
ShipCity [Column] . Orders [Table] . dbo [Schema] . databaseName [Database] . Northwind Production (SQL Server 2000) [Server]
ShipCountry [Column] . Orders [Table] . dbo [Schema] . databaseName [Database] . Northwind Production (SQL Server 2000) [Server]
ShipName [Column] . Orders [Table] . dbo [Schema] . databaseName [Database] . Northwind Production (SQL Server 2000) [Server]
ShipPostalCode [Column] . Orders [Table] . dbo [Schema] . databaseName [Database] . Northwind Production (SQL Server 2000) [Server]
ShipRegion [Column] . Orders [Table] . dbo [Schema] . databaseName [Database] . Northwind Production (SQL Server 2000) [Server]
ShipVia [Column] . Orders [Table] . dbo [Schema] . databaseName [Database] . Northwind Production (SQL Server 2000) [Server]
ShippedDate [Column] . Orders [Table] . dbo [Schema] . databaseName [Database] . Northwind Production (SQL Server 2000) [Server]
ShipperID [Column] . Shippers [Table] . dbo [Schema] . databaseName [Database] . Northwind Production (SQL Server 2000) [Server]
SupplierID [Column] . Products [Table] . dbo [Schema] . databaseName [Database] . Northwind Production (SQL Server 2000) [Server]
SupplierID [Column] . Suppliers [Table] . dbo [Schema] . databaseName [Database] . Northwind Production (SQL Server 2000) [Server]
TERRITORYDESCRIPTION [Column] . TERRITORIES [Table] . NORTH [Schema] . databaseName [Database] . Migration Project (Oracle 8i) [Server]
TERRITORYID [Column] . EMPLOYEETERRITORIES [Table] . NORTH [Schema] . databaseName [Database] . Migration Project (Oracle 8i) [Server]
TERRITORYID [Column] . TERRITORIES [Table] . NORTH [Schema] . databaseName [Database] . Migration Project (Oracle 8i) [Server]
TITLE [Column] . EMPLOYEES [Table] . NORTH [Schema] . databaseName [Database] . Migration Project (Oracle 8i) [Server]
TITLEOFCOURTESY [Column] . EMPLOYEES [Table] . NORTH [Schema] . databaseName [Database] . Migration Project (Oracle 8i) [Server]
TerritoryDescription [Column] . Territories [Table] . dbo [Schema] . databaseName [Database] . Northwind Production (SQL Server 2000) [Server]
TerritoryID [Column] . EmployeeTerritories [Table] . dbo [Schema] . databaseName [Database] . Northwind Production (SQL Server 2000) [Server]
TerritoryID [Column] . Territories [Table] . dbo [Schema] . databaseName [Database] . Northwind Production (SQL Server 2000) [Server]
Title [Column] . Employees [Table] . dbo [Schema] . databaseName [Database] . Northwind Production (SQL Server 2000) [Server]
TitleOfCourtesy [Column] . Employees [Table] . dbo [Schema] . databaseName [Database] . Northwind Production (SQL Server 2000) [Server]
UNITPRICE [Column] . ORDER_DETAILS [Table] . NORTH [Schema] . databaseName [Database] . Migration Project (Oracle 8i) [Server]
UNITPRICE [Column] . PRODUCTS [Table] . NORTH [Schema] . databaseName [Database] . Migration Project (Oracle 8i) [Server]
UNITSINSTOCK [Column] . PRODUCTS [Table] . NORTH [Schema] . databaseName [Database] . Migration Project (Oracle 8i) [Server]
UNITSONORDER [Column] . PRODUCTS [Table] . NORTH [Schema] . databaseName [Database] . Migration Project (Oracle 8i) [Server]
UPDATEDATE [Column] . CUSTOMERS [Table] . NORTH [Schema] . databaseName [Database] . Migration Project (Oracle 8i) [Server]
UPDATEDATE [Column] . ORDERS [Table] . NORTH [Schema] . databaseName [Database] . Migration Project (Oracle 8i) [Server]
UnitPrice [Column] . Order Details [Table] . dbo [Schema] . databaseName [Database] . Northwind Production (SQL Server 2000) [Server]
UnitPrice [Column] . Products [Table] . dbo [Schema] . databaseName [Database] . Northwind Production (SQL Server 2000) [Server]
UnitsInStock [Column] . Products [Table] . dbo [Schema] . databaseName [Database] . Northwind Production (SQL Server 2000) [Server]
UnitsOnOrder [Column] . Products [Table] . dbo [Schema] . databaseName [Database] . Northwind Production (SQL Server 2000) [Server]
databaseName [Database] . Migration Project (Oracle 8i) [Server]
databaseName [Database] . Northwind Production (SQL Server 2000) [Server]
NORTH [Schema] . databaseName [Database] . Migration Project (Oracle 8i) [Server]
dbo [Schema] . databaseName [Database] . Northwind Production (SQL Server 2000) [Server]
Migration Project (Oracle 8i) [Server]
Northwind Production (SQL Server 2000) [Server]
CATEGORIES [Table] . NORTH [Schema] . databaseName [Database] . Migration Project (Oracle 8i) [Server]
CUSTOMERCUSTOMERDEMO [Table] . NORTH [Schema] . databaseName [Database] . Migration Project (Oracle 8i) [Server]
CUSTOMERDEMOGRAPHICS [Table] . NORTH [Schema] . databaseName [Database] . Migration Project (Oracle 8i) [Server]
CUSTOMERS [Table] . NORTH [Schema] . databaseName [Database] . Migration Project (Oracle 8i) [Server]
Categories [Table] . dbo [Schema] . databaseName [Database] . Northwind Production (SQL Server 2000) [Server]
CustomerCustomerDemo [Table] . dbo [Schema] . databaseName [Database] . Northwind Production (SQL Server 2000) [Server]
CustomerDemographics [Table] . dbo [Schema] . databaseName [Database] . Northwind Production (SQL Server 2000) [Server]
Customers [Table] . dbo [Schema] . databaseName [Database] . Northwind Production (SQL Server 2000) [Server]
EMPLOYEES [Table] . NORTH [Schema] . databaseName [Database] . Migration Project (Oracle 8i) [Server]
EMPLOYEETERRITORIES [Table] . NORTH [Schema] . databaseName [Database] . Migration Project (Oracle 8i) [Server]
EmployeeTerritories [Table] . dbo [Schema] . databaseName [Database] . Northwind Production (SQL Server 2000) [Server]
Employees [Table] . dbo [Schema] . databaseName [Database] . Northwind Production (SQL Server 2000) [Server]
ORDERS [Table] . NORTH [Schema] . databaseName [Database] . Migration Project (Oracle 8i) [Server]
ORDER_DETAILS [Table] . NORTH [Schema] . databaseName [Database] . Migration Project (Oracle 8i) [Server]
Order Details [Table] . dbo [Schema] . databaseName [Database] . Northwind Production (SQL Server 2000) [Server]
Orders [Table] . dbo [Schema] . databaseName [Database] . Northwind Production (SQL Server 2000) [Server]
PRODUCTS [Table] . NORTH [Schema] . databaseName [Database] . Migration Project (Oracle 8i) [Server]
Products [Table] . dbo [Schema] . databaseName [Database] . Northwind Production (SQL Server 2000) [Server]
REGION [Table] . NORTH [Schema] . databaseName [Database] . Migration Project (Oracle 8i) [Server]
Region [Table] . dbo [Schema] . databaseName [Database] . Northwind Production (SQL Server 2000) [Server]
SHIPPERS [Table] . NORTH [Schema] . databaseName [Database] . Migration Project (Oracle 8i) [Server]
SUPPLIERS [Table] . NORTH [Schema] . databaseName [Database] . Migration Project (Oracle 8i) [Server]
Shippers [Table] . dbo [Schema] . databaseName [Database] . Northwind Production (SQL Server 2000) [Server]
Suppliers [Table] . dbo [Schema] . databaseName [Database] . Northwind Production (SQL Server 2000) [Server]
TERRITORIES [Table] . NORTH [Schema] . databaseName [Database] . Migration Project (Oracle 8i) [Server]
Territories [Table] . dbo [Schema] . databaseName [Database] . Northwind Production (SQL Server 2000) [Server]
Nodes: 211, edges: 0
