ACTIVE_INGREDIENTS [Column] . ACT_ING [Table] . dbo [Schema] . databaseName [Database] . DB2UDB Prototype [Server]
ACTIVE_INGREDIENTS [Column] . APVL [Table] . dbo [Schema] . databaseName [Database] . DB2UDB Prototype [Server]
ACTIVE_INGREDIENTS [Column] . CMPTR [Table] . dbo [Schema] . databaseName [Database] . DB2UDB Prototype [Server]
ACTIVE_INGREDIENTS [Column] . MOL [Table] . dbo [Schema] . databaseName [Database] . DB2UDB Prototype [Server]
ACTIVE_INGREDIENTS [Column] . STRTH [Table] . dbo [Schema] . databaseName [Database] . DB2UDB Prototype [Server]
ACTIVE_INGREDIENT_ID [Column] . ACT_ING [Table] . dbo [Schema] . databaseName [Database] . DB2UDB Prototype [Server]
ACTIVE_INGREDIENT_ID [Column] . APPV_PRD [Table] . dbo [Schema] . databaseName [Database] . DB2UDB Prototype [Server]
APPLICANT [Column] . APP [Table] . dbo [Schema] . databaseName [Database] . DB2UDB Prototype [Server]
APPLICANT [Column] . APVL [Table] . dbo [Schema] . databaseName [Database] . DB2UDB Prototype [Server]
APPLICANT [Column] . CMPTR [Table] . dbo [Schema] . databaseName [Database] . DB2UDB Prototype [Server]
APPLICANT_FULL_NAME [Column] . APP_FL_NM [Table] . dbo [Schema] . databaseName [Database] . DB2UDB Prototype [Server]
APPLICANT_FULL_NAME [Column] . APVL [Table] . dbo [Schema] . databaseName [Database] . DB2UDB Prototype [Server]
APPLICANT_FULL_NAME_ID [Column] . APPV_PRD [Table] . dbo [Schema] . databaseName [Database] . DB2UDB Prototype [Server]
APPLICANT_FULL_NAME_ID [Column] . APP_FL_NM [Table] . dbo [Schema] . databaseName [Database] . DB2UDB Prototype [Server]
APPLICANT_ID [Column] . APP [Table] . dbo [Schema] . databaseName [Database] . DB2UDB Prototype [Server]
APPLICANT_ID [Column] . APPV_PRD [Table] . dbo [Schema] . databaseName [Database] . DB2UDB Prototype [Server]
APPLICANT_ID [Column] . APP_FL_NM [Table] . dbo [Schema] . databaseName [Database] . DB2UDB Prototype [Server]
APPLICATION_NBR [Column] . APP_NR [Table] . dbo [Schema] . databaseName [Database] . DB2UDB Prototype [Server]
APPLICATION_NBR [Column] . APVL [Table] . dbo [Schema] . databaseName [Database] . DB2UDB Prototype [Server]
APPLICATION_NBR [Column] . EXLY_STS [Table] . dbo [Schema] . databaseName [Database] . DB2UDB Prototype [Server]
APPLICATION_NBR [Column] . PAT_STS [Table] . dbo [Schema] . databaseName [Database] . DB2UDB Prototype [Server]
APPLICATION_NBR_ID [Column] . APPV_PRD [Table] . dbo [Schema] . databaseName [Database] . DB2UDB Prototype [Server]
APPLICATION_NBR_ID [Column] . APP_NR [Table] . dbo [Schema] . databaseName [Database] . DB2UDB Prototype [Server]
APPROVAL_DATE [Column] . APPV_PRD [Table] . dbo [Schema] . databaseName [Database] . DB2UDB Prototype [Server]
APPROVAL_DATE [Column] . APVL [Table] . dbo [Schema] . databaseName [Database] . DB2UDB Prototype [Server]
APPROVAL_ID [Column] . APPV_PRD [Table] . dbo [Schema] . databaseName [Database] . DB2UDB Prototype [Server]
APPROVAL_ID [Column] . APVL [Table] . dbo [Schema] . databaseName [Database] . DB2UDB Prototype [Server]
APPROVED_PRODUCT_ID [Column] . APPV_PRD [Table] . dbo [Schema] . databaseName [Database] . DB2UDB Prototype [Server]
APPROVED_PRODUCT_ID [Column] . PRD_EXLY [Table] . dbo [Schema] . databaseName [Database] . DB2UDB Prototype [Server]
APPROVED_PRODUCT_ID [Column] . PRD_PAT [Table] . dbo [Schema] . databaseName [Database] . DB2UDB Prototype [Server]
Active_Ingredient_ID [Column] . Active_Ingredient [Table] . dbo [Schema] . databaseName [Database] . OrangeMart [Server]
Active_Ingredient_ID [Column] . Approved_Product [Table] . dbo [Schema] . databaseName [Database] . OrangeMart [Server]
Active_Ingredients [Column] . Active_Ingredient [Table] . dbo [Schema] . databaseName [Database] . OrangeMart [Server]
Active_Ingredients [Column] . Approval [Table] . dbo [Schema] . databaseName [Database] . OrangeMart [Server]
Active_Ingredients [Column] . Competitor [Table] . dbo [Schema] . databaseName [Database] . OrangeMart [Server]
Active_Ingredients [Column] . Molecule [Table] . dbo [Schema] . databaseName [Database] . OrangeMart [Server]
Active_Ingredients [Column] . Strength [Table] . dbo [Schema] . databaseName [Database] . OrangeMart [Server]
Applicant [Column] . Applicant [Table] . dbo [Schema] . databaseName [Database] . OrangeMart [Server]
Applicant [Column] . Approval [Table] . dbo [Schema] . databaseName [Database] . OrangeMart [Server]
Applicant [Column] . Competitor [Table] . dbo [Schema] . databaseName [Database] . OrangeMart [Server]
Applicant_Full_Name [Column] . Applicant_Full_Name [Table] . dbo [Schema] . databaseName [Database] . OrangeMart [Server]
Applicant_Full_Name [Column] . Approval [Table] . dbo [Schema] . databaseName [Database] . OrangeMart [Server]
Applicant_Full_Name_ID [Column] . Applicant_Full_Name [Table] . dbo [Schema] . databaseName [Database] . OrangeMart [Server]
Applicant_Full_Name_ID [Column] . Approved_Product [Table] . dbo [Schema] . databaseName [Database] . OrangeMart [Server]
Applicant_ID [Column] . Applicant [Table] . dbo [Schema] . databaseName [Database] . OrangeMart [Server]
Applicant_ID [Column] . Applicant_Full_Name [Table] . dbo [Schema] . databaseName [Database] . OrangeMart [Server]
Applicant_ID [Column] . Approved_Product [Table] . dbo [Schema] . databaseName [Database] . OrangeMart [Server]
Application_Nbr [Column] . Application_Nbr [Table] . dbo [Schema] . databaseName [Database] . OrangeMart [Server]
Application_Nbr [Column] . Approval [Table] . dbo [Schema] . databaseName [Database] . OrangeMart [Server]
Application_Nbr [Column] . Exclusivity_Status [Table] . dbo [Schema] . databaseName [Database] . OrangeMart [Server]
Application_Nbr [Column] . Patent_Status [Table] . dbo [Schema] . databaseName [Database] . OrangeMart [Server]
Application_Nbr_ID [Column] . Application_Nbr [Table] . dbo [Schema] . databaseName [Database] . OrangeMart [Server]
Application_Nbr_ID [Column] . Approved_Product [Table] . dbo [Schema] . databaseName [Database] . OrangeMart [Server]
Approval_Date [Column] . Approval [Table] . dbo [Schema] . databaseName [Database] . OrangeMart [Server]
Approval_Date [Column] . Approved_Product [Table] . dbo [Schema] . databaseName [Database] . OrangeMart [Server]
Approval_ID [Column] . Approval [Table] . dbo [Schema] . databaseName [Database] . OrangeMart [Server]
Approval_ID [Column] . Approved_Product [Table] . dbo [Schema] . databaseName [Database] . OrangeMart [Server]
Approved_Product_ID [Column] . Approved_Product [Table] . dbo [Schema] . databaseName [Database] . OrangeMart [Server]
Approved_Product_ID [Column] . Product_Exclusivity [Table] . dbo [Schema] . databaseName [Database] . OrangeMart [Server]
Approved_Product_ID [Column] . Product_Patent [Table] . dbo [Schema] . databaseName [Database] . OrangeMart [Server]
COMPETITOR_ID [Column] . CMPTR [Table] . dbo [Schema] . databaseName [Database] . DB2UDB Prototype [Server]
Competitor_ID [Column] . Competitor [Table] . dbo [Schema] . databaseName [Database] . OrangeMart [Server]
DESCRIPTION [Column] . EXLY_CD [Table] . dbo [Schema] . databaseName [Database] . DB2UDB Prototype [Server]
DESCRIPTION [Column] . PAT_USE_CD [Table] . dbo [Schema] . databaseName [Database] . DB2UDB Prototype [Server]
DOSAGE_FORM [Column] . APVL [Table] . dbo [Schema] . databaseName [Database] . DB2UDB Prototype [Server]
DOSAGE_FORM [Column] . CMPTR [Table] . dbo [Schema] . databaseName [Database] . DB2UDB Prototype [Server]
DOSAGE_FORM [Column] . DSG_FRM [Table] . dbo [Schema] . databaseName [Database] . DB2UDB Prototype [Server]
DOSAGE_FORM [Column] . MOL [Table] . dbo [Schema] . databaseName [Database] . DB2UDB Prototype [Server]
DOSAGE_FORM [Column] . STRTH [Table] . dbo [Schema] . databaseName [Database] . DB2UDB Prototype [Server]
DOSAGE_FORM_ID [Column] . APPV_PRD [Table] . dbo [Schema] . databaseName [Database] . DB2UDB Prototype [Server]
DOSAGE_FORM_ID [Column] . DSG_FRM [Table] . dbo [Schema] . databaseName [Database] . DB2UDB Prototype [Server]
DRUG_PRODUCT_FLAG [Column] . PAT_STS [Table] . dbo [Schema] . databaseName [Database] . DB2UDB Prototype [Server]
DRUG_SUBSTANCE_FLAG [Column] . PAT_STS [Table] . dbo [Schema] . databaseName [Database] . DB2UDB Prototype [Server]
Description [Column] . Exclusivity_Code [Table] . dbo [Schema] . databaseName [Database] . OrangeMart [Server]
Description [Column] . Patent_Use_Code [Table] . dbo [Schema] . databaseName [Database] . OrangeMart [Server]
Dosage_Form [Column] . Approval [Table] . dbo [Schema] . databaseName [Database] . OrangeMart [Server]
Dosage_Form [Column] . Competitor [Table] . dbo [Schema] . databaseName [Database] . OrangeMart [Server]
Dosage_Form [Column] . Dosage_Form [Table] . dbo [Schema] . databaseName [Database] . OrangeMart [Server]
Dosage_Form [Column] . Molecule [Table] . dbo [Schema] . databaseName [Database] . OrangeMart [Server]
Dosage_Form [Column] . Strength [Table] . dbo [Schema] . databaseName [Database] . OrangeMart [Server]
Dosage_Form_ID [Column] . Approved_Product [Table] . dbo [Schema] . databaseName [Database] . OrangeMart [Server]
Dosage_Form_ID [Column] . Dosage_Form [Table] . dbo [Schema] . databaseName [Database] . OrangeMart [Server]
Drug_Product_Flag [Column] . Patent_Status [Table] . dbo [Schema] . databaseName [Database] . OrangeMart [Server]
Drug_Substance_Flag [Column] . Patent_Status [Table] . dbo [Schema] . databaseName [Database] . OrangeMart [Server]
EXCLUSIVITY_CODE [Column] . EXLY_CD [Table] . dbo [Schema] . databaseName [Database] . DB2UDB Prototype [Server]
EXCLUSIVITY_CODE [Column] . EXLY_STS [Table] . dbo [Schema] . databaseName [Database] . DB2UDB Prototype [Server]
EXCLUSIVITY_CODE_ID [Column] . EXLY_CD [Table] . dbo [Schema] . databaseName [Database] . DB2UDB Prototype [Server]
EXCLUSIVITY_EXPIRATION [Column] . EXLY_STS [Table] . dbo [Schema] . databaseName [Database] . DB2UDB Prototype [Server]
EXCLUSIVITY_EXPIRATION [Column] . PRD_EXLY [Table] . dbo [Schema] . databaseName [Database] . DB2UDB Prototype [Server]
EXCLUSIVITY_STATUS_ID [Column] . EXLY_STS [Table] . dbo [Schema] . databaseName [Database] . DB2UDB Prototype [Server]
EXCLUSIVITY_STATUS_ID [Column] . PRD_EXLY [Table] . dbo [Schema] . databaseName [Database] . DB2UDB Prototype [Server]
Exclusivity_Code [Column] . Exclusivity_Code [Table] . dbo [Schema] . databaseName [Database] . OrangeMart [Server]
Exclusivity_Code [Column] . Exclusivity_Status [Table] . dbo [Schema] . databaseName [Database] . OrangeMart [Server]
Exclusivity_Code_ID [Column] . Exclusivity_Code [Table] . dbo [Schema] . databaseName [Database] . OrangeMart [Server]
Exclusivity_Expiration [Column] . Exclusivity_Status [Table] . dbo [Schema] . databaseName [Database] . OrangeMart [Server]
Exclusivity_Expiration [Column] . Product_Exclusivity [Table] . dbo [Schema] . databaseName [Database] . OrangeMart [Server]
Exclusivity_Status_ID [Column] . Exclusivity_Status [Table] . dbo [Schema] . databaseName [Database] . OrangeMart [Server]
Exclusivity_Status_ID [Column] . Product_Exclusivity [Table] . dbo [Schema] . databaseName [Database] . OrangeMart [Server]
INDICATIONS [Column] . APVL [Table] . dbo [Schema] . databaseName [Database] . DB2UDB Prototype [Server]
IS_REF_LISTED [Column] . APPV_PRD [Table] . dbo [Schema] . databaseName [Database] . DB2UDB Prototype [Server]
IS_REF_LISTED [Column] . APVL [Table] . dbo [Schema] . databaseName [Database] . DB2UDB Prototype [Server]
Indications [Column] . Approval [Table] . dbo [Schema] . databaseName [Database] . OrangeMart [Server]
Is_Ref_Listed [Column] . Approval [Table] . dbo [Schema] . databaseName [Database] . OrangeMart [Server]
Is_Ref_Listed [Column] . Approved_Product [Table] . dbo [Schema] . databaseName [Database] . OrangeMart [Server]
MOLECULE_ID [Column] . MOL [Table] . dbo [Schema] . databaseName [Database] . DB2UDB Prototype [Server]
MOLECULE_ID [Column] . STRTH [Table] . dbo [Schema] . databaseName [Database] . DB2UDB Prototype [Server]
Molecule_ID [Column] . Molecule [Table] . dbo [Schema] . databaseName [Database] . OrangeMart [Server]
Molecule_ID [Column] . Strength [Table] . dbo [Schema] . databaseName [Database] . OrangeMart [Server]
NEW COL [Column] . Trade_Name [Table] . dbo [Schema] . databaseName [Database] . OrangeMart [Server]
PATENT_EXPIRATION [Column] . PAT_STS [Table] . dbo [Schema] . databaseName [Database] . DB2UDB Prototype [Server]
PATENT_EXPIRATION [Column] . PRD_PAT [Table] . dbo [Schema] . databaseName [Database] . DB2UDB Prototype [Server]
PATENT_NBR [Column] . PAT_STS [Table] . dbo [Schema] . databaseName [Database] . DB2UDB Prototype [Server]
PATENT_NBR [Column] . PRD_PAT [Table] . dbo [Schema] . databaseName [Database] . DB2UDB Prototype [Server]
PATENT_STATUS_ID [Column] . PAT_STS [Table] . dbo [Schema] . databaseName [Database] . DB2UDB Prototype [Server]
PATENT_STATUS_ID [Column] . PRD_PAT [Table] . dbo [Schema] . databaseName [Database] . DB2UDB Prototype [Server]
PATENT_USE_CODE [Column] . PAT_STS [Table] . dbo [Schema] . databaseName [Database] . DB2UDB Prototype [Server]
PATENT_USE_CODE [Column] . PAT_USE_CD [Table] . dbo [Schema] . databaseName [Database] . DB2UDB Prototype [Server]
PATENT_USE_CODE_ID [Column] . PAT_USE_CD [Table] . dbo [Schema] . databaseName [Database] . DB2UDB Prototype [Server]
PRODUCT [Column] . PRD_REV2000 [Table] . dbo [Schema] . databaseName [Database] . DB2UDB Prototype [Server]
PRODUCT [Column] . PRD_REV2001 [Table] . dbo [Schema] . databaseName [Database] . DB2UDB Prototype [Server]
PRODUCT [Column] . PRD_REV2002 [Table] . dbo [Schema] . databaseName [Database] . DB2UDB Prototype [Server]
PRODUCT [Column] . PRD_REV2003 [Table] . dbo [Schema] . databaseName [Database] . DB2UDB Prototype [Server]
PRODUCT [Column] . PRD_REV2004 [Table] . dbo [Schema] . databaseName [Database] . DB2UDB Prototype [Server]
PRODUCT_EXCLUSIVITY_ID [Column] . PRD_EXLY [Table] . dbo [Schema] . databaseName [Database] . DB2UDB Prototype [Server]
PRODUCT_NBR [Column] . APVL [Table] . dbo [Schema] . databaseName [Database] . DB2UDB Prototype [Server]
PRODUCT_NBR [Column] . EXLY_STS [Table] . dbo [Schema] . databaseName [Database] . DB2UDB Prototype [Server]
PRODUCT_NBR [Column] . PAT_STS [Table] . dbo [Schema] . databaseName [Database] . DB2UDB Prototype [Server]
PRODUCT_NBR [Column] . PRD_NBR [Table] . dbo [Schema] . databaseName [Database] . DB2UDB Prototype [Server]
PRODUCT_NBR_ID [Column] . APPV_PRD [Table] . dbo [Schema] . databaseName [Database] . DB2UDB Prototype [Server]
PRODUCT_NBR_ID [Column] . PRD_NBR [Table] . dbo [Schema] . databaseName [Database] . DB2UDB Prototype [Server]
PRODUCT_PATENT_ID [Column] . PRD_PAT [Table] . dbo [Schema] . databaseName [Database] . DB2UDB Prototype [Server]
PRODUCT_REVENUE_ID [Column] . PRD_REV2000 [Table] . dbo [Schema] . databaseName [Database] . DB2UDB Prototype [Server]
PRODUCT_REVENUE_ID [Column] . PRD_REV2001 [Table] . dbo [Schema] . databaseName [Database] . DB2UDB Prototype [Server]
PRODUCT_REVENUE_ID [Column] . PRD_REV2002 [Table] . dbo [Schema] . databaseName [Database] . DB2UDB Prototype [Server]
PRODUCT_REVENUE_ID [Column] . PRD_REV2003 [Table] . dbo [Schema] . databaseName [Database] . DB2UDB Prototype [Server]
PRODUCT_REVENUE_ID [Column] . PRD_REV2004 [Table] . dbo [Schema] . databaseName [Database] . DB2UDB Prototype [Server]
Patent_Expiration [Column] . Patent_Status [Table] . dbo [Schema] . databaseName [Database] . OrangeMart [Server]
Patent_Expiration [Column] . Product_Patent [Table] . dbo [Schema] . databaseName [Database] . OrangeMart [Server]
Patent_Nbr [Column] . Patent_Status [Table] . dbo [Schema] . databaseName [Database] . OrangeMart [Server]
Patent_Nbr [Column] . Product_Patent [Table] . dbo [Schema] . databaseName [Database] . OrangeMart [Server]
Patent_Status_ID [Column] . Patent_Status [Table] . dbo [Schema] . databaseName [Database] . OrangeMart [Server]
Patent_Status_ID [Column] . Product_Patent [Table] . dbo [Schema] . databaseName [Database] . OrangeMart [Server]
Patent_Use_Code [Column] . Patent_Status [Table] . dbo [Schema] . databaseName [Database] . OrangeMart [Server]
Patent_Use_Code [Column] . Patent_Use_Code [Table] . dbo [Schema] . databaseName [Database] . OrangeMart [Server]
Patent_Use_Code_ID [Column] . Patent_Use_Code [Table] . dbo [Schema] . databaseName [Database] . OrangeMart [Server]
Product [Column] . Product_Revenue [Table] . dbo [Schema] . databaseName [Database] . OrangeMart [Server]
Product_Exclusivity_ID [Column] . Product_Exclusivity [Table] . dbo [Schema] . databaseName [Database] . OrangeMart [Server]
Product_Nbr [Column] . Approval [Table] . dbo [Schema] . databaseName [Database] . OrangeMart [Server]
Product_Nbr [Column] . Exclusivity_Status [Table] . dbo [Schema] . databaseName [Database] . OrangeMart [Server]
Product_Nbr [Column] . Patent_Status [Table] . dbo [Schema] . databaseName [Database] . OrangeMart [Server]
Product_Nbr [Column] . Product_Nbr [Table] . dbo [Schema] . databaseName [Database] . OrangeMart [Server]
Product_Nbr_ID [Column] . Approved_Product [Table] . dbo [Schema] . databaseName [Database] . OrangeMart [Server]
Product_Nbr_ID [Column] . Product_Nbr [Table] . dbo [Schema] . databaseName [Database] . OrangeMart [Server]
Product_Patent_ID [Column] . Product_Patent [Table] . dbo [Schema] . databaseName [Database] . OrangeMart [Server]
Product_Revenue_ID [Column] . Product_Revenue [Table] . dbo [Schema] . databaseName [Database] . OrangeMart [Server]
REV_2000 [Column] . PRD_REV2000 [Table] . dbo [Schema] . databaseName [Database] . DB2UDB Prototype [Server]
REV_2001 [Column] . PRD_REV2001 [Table] . dbo [Schema] . databaseName [Database] . DB2UDB Prototype [Server]
REV_2002 [Column] . PRD_REV2002 [Table] . dbo [Schema] . databaseName [Database] . DB2UDB Prototype [Server]
REV_2003 [Column] . PRD_REV2003 [Table] . dbo [Schema] . databaseName [Database] . DB2UDB Prototype [Server]
REV_2004 [Column] . PRD_REV2004 [Table] . dbo [Schema] . databaseName [Database] . DB2UDB Prototype [Server]
ROUTE_OF_ADMIN [Column] . APVL [Table] . dbo [Schema] . databaseName [Database] . DB2UDB Prototype [Server]
ROUTE_OF_ADMIN [Column] . CMPTR [Table] . dbo [Schema] . databaseName [Database] . DB2UDB Prototype [Server]
ROUTE_OF_ADMIN [Column] . MOL [Table] . dbo [Schema] . databaseName [Database] . DB2UDB Prototype [Server]
ROUTE_OF_ADMIN [Column] . RT_ADMN [Table] . dbo [Schema] . databaseName [Database] . DB2UDB Prototype [Server]
ROUTE_OF_ADMIN [Column] . STRTH [Table] . dbo [Schema] . databaseName [Database] . DB2UDB Prototype [Server]
ROUTE_OF_ADMIN_ID [Column] . APPV_PRD [Table] . dbo [Schema] . databaseName [Database] . DB2UDB Prototype [Server]
ROUTE_OF_ADMIN_ID [Column] . RT_ADMN [Table] . dbo [Schema] . databaseName [Database] . DB2UDB Prototype [Server]
RX_STATUS [Column] . APVL [Table] . dbo [Schema] . databaseName [Database] . DB2UDB Prototype [Server]
RX_STATUS [Column] . CMPTR [Table] . dbo [Schema] . databaseName [Database] . DB2UDB Prototype [Server]
RX_STATUS [Column] . MOL [Table] . dbo [Schema] . databaseName [Database] . DB2UDB Prototype [Server]
RX_STATUS [Column] . RX_STS [Table] . dbo [Schema] . databaseName [Database] . DB2UDB Prototype [Server]
RX_STATUS [Column] . STRTH [Table] . dbo [Schema] . databaseName [Database] . DB2UDB Prototype [Server]
RX_STATUS_ID [Column] . APPV_PRD [Table] . dbo [Schema] . databaseName [Database] . DB2UDB Prototype [Server]
RX_STATUS_ID [Column] . RX_STS [Table] . dbo [Schema] . databaseName [Database] . DB2UDB Prototype [Server]
RX_Status [Column] . Approval [Table] . dbo [Schema] . databaseName [Database] . OrangeMart [Server]
RX_Status [Column] . Competitor [Table] . dbo [Schema] . databaseName [Database] . OrangeMart [Server]
RX_Status [Column] . Molecule [Table] . dbo [Schema] . databaseName [Database] . OrangeMart [Server]
RX_Status [Column] . RX_Status [Table] . dbo [Schema] . databaseName [Database] . OrangeMart [Server]
RX_Status [Column] . Strength [Table] . dbo [Schema] . databaseName [Database] . OrangeMart [Server]
RX_Status_ID [Column] . Approved_Product [Table] . dbo [Schema] . databaseName [Database] . OrangeMart [Server]
RX_Status_ID [Column] . RX_Status [Table] . dbo [Schema] . databaseName [Database] . OrangeMart [Server]
Rev_2000 [Column] . Product_Revenue [Table] . dbo [Schema] . databaseName [Database] . OrangeMart [Server]
Rev_2001 [Column] . Product_Revenue [Table] . dbo [Schema] . databaseName [Database] . OrangeMart [Server]
Rev_2002 [Column] . Product_Revenue [Table] . dbo [Schema] . databaseName [Database] . OrangeMart [Server]
Rev_2003 [Column] . Product_Revenue [Table] . dbo [Schema] . databaseName [Database] . OrangeMart [Server]
Rev_2004 [Column] . Product_Revenue [Table] . dbo [Schema] . databaseName [Database] . OrangeMart [Server]
Route_of_Admin [Column] . Approval [Table] . dbo [Schema] . databaseName [Database] . OrangeMart [Server]
Route_of_Admin [Column] . Competitor [Table] . dbo [Schema] . databaseName [Database] . OrangeMart [Server]
Route_of_Admin [Column] . Molecule [Table] . dbo [Schema] . databaseName [Database] . OrangeMart [Server]
Route_of_Admin [Column] . Route_of_Admin [Table] . dbo [Schema] . databaseName [Database] . OrangeMart [Server]
Route_of_Admin [Column] . Strength [Table] . dbo [Schema] . databaseName [Database] . OrangeMart [Server]
Route_of_Admin_ID [Column] . Approved_Product [Table] . dbo [Schema] . databaseName [Database] . OrangeMart [Server]
Route_of_Admin_ID [Column] . Route_of_Admin [Table] . dbo [Schema] . databaseName [Database] . OrangeMart [Server]
STRENGTH [Column] . APPV_PRD [Table] . dbo [Schema] . databaseName [Database] . DB2UDB Prototype [Server]
STRENGTH [Column] . APVL [Table] . dbo [Schema] . databaseName [Database] . DB2UDB Prototype [Server]
STRENGTH [Column] . CMPTR [Table] . dbo [Schema] . databaseName [Database] . DB2UDB Prototype [Server]
STRENGTH [Column] . STRTH [Table] . dbo [Schema] . databaseName [Database] . DB2UDB Prototype [Server]
STRENGTH_ID [Column] . CMPTR [Table] . dbo [Schema] . databaseName [Database] . DB2UDB Prototype [Server]
STRENGTH_ID [Column] . STRTH [Table] . dbo [Schema] . databaseName [Database] . DB2UDB Prototype [Server]
Strength [Column] . Approval [Table] . dbo [Schema] . databaseName [Database] . OrangeMart [Server]
Strength [Column] . Approved_Product [Table] . dbo [Schema] . databaseName [Database] . OrangeMart [Server]
Strength [Column] . Competitor [Table] . dbo [Schema] . databaseName [Database] . OrangeMart [Server]
Strength [Column] . Strength [Table] . dbo [Schema] . databaseName [Database] . OrangeMart [Server]
Strength_ID [Column] . Competitor [Table] . dbo [Schema] . databaseName [Database] . OrangeMart [Server]
Strength_ID [Column] . Strength [Table] . dbo [Schema] . databaseName [Database] . OrangeMart [Server]
THERAPEUTIC_EQUIV_CODE [Column] . APVL [Table] . dbo [Schema] . databaseName [Database] . DB2UDB Prototype [Server]
THERAPEUTIC_EQUIV_CODE [Column] . THRP_EQV_CD [Table] . dbo [Schema] . databaseName [Database] . DB2UDB Prototype [Server]
THERAPEUTIC_EQUIV_CODE_ID [Column] . APPV_PRD [Table] . dbo [Schema] . databaseName [Database] . DB2UDB Prototype [Server]
THERAPEUTIC_EQUIV_CODE_ID [Column] . THRP_EQV_CD [Table] . dbo [Schema] . databaseName [Database] . DB2UDB Prototype [Server]
TRADE_NAME [Column] . APVL [Table] . dbo [Schema] . databaseName [Database] . DB2UDB Prototype [Server]
TRADE_NAME [Column] . TRD_NAME [Table] . dbo [Schema] . databaseName [Database] . DB2UDB Prototype [Server]
TRADE_NAME_ID [Column] . APPV_PRD [Table] . dbo [Schema] . databaseName [Database] . DB2UDB Prototype [Server]
TRADE_NAME_ID [Column] . PRD_REV2000 [Table] . dbo [Schema] . databaseName [Database] . DB2UDB Prototype [Server]
TRADE_NAME_ID [Column] . PRD_REV2001 [Table] . dbo [Schema] . databaseName [Database] . DB2UDB Prototype [Server]
TRADE_NAME_ID [Column] . PRD_REV2002 [Table] . dbo [Schema] . databaseName [Database] . DB2UDB Prototype [Server]
TRADE_NAME_ID [Column] . PRD_REV2003 [Table] . dbo [Schema] . databaseName [Database] . DB2UDB Prototype [Server]
TRADE_NAME_ID [Column] . PRD_REV2004 [Table] . dbo [Schema] . databaseName [Database] . DB2UDB Prototype [Server]
TRADE_NAME_ID [Column] . TRD_NAME [Table] . dbo [Schema] . databaseName [Database] . DB2UDB Prototype [Server]
Therapeutic_Equiv_Code [Column] . Approval [Table] . dbo [Schema] . databaseName [Database] . OrangeMart [Server]
Therapeutic_Equiv_Code [Column] . Therapeutic_Equiv_Code [Table] . dbo [Schema] . databaseName [Database] . OrangeMart [Server]
Therapeutic_Equiv_Code_ID [Column] . Approved_Product [Table] . dbo [Schema] . databaseName [Database] . OrangeMart [Server]
Therapeutic_Equiv_Code_ID [Column] . Therapeutic_Equiv_Code [Table] . dbo [Schema] . databaseName [Database] . OrangeMart [Server]
Trade_Name [Column] . Approval [Table] . dbo [Schema] . databaseName [Database] . OrangeMart [Server]
Trade_Name [Column] . Trade_Name [Table] . dbo [Schema] . databaseName [Database] . OrangeMart [Server]
Trade_Name_ID [Column] . Approved_Product [Table] . dbo [Schema] . databaseName [Database] . OrangeMart [Server]
Trade_Name_ID [Column] . Product_Revenue [Table] . dbo [Schema] . databaseName [Database] . OrangeMart [Server]
Trade_Name_ID [Column] . Trade_Name [Table] . dbo [Schema] . databaseName [Database] . OrangeMart [Server]
databaseName [Database] . DB2UDB Prototype [Server]
databaseName [Database] . OrangeMart [Server]
dbo [Schema] . databaseName [Database] . DB2UDB Prototype [Server]
dbo [Schema] . databaseName [Database] . OrangeMart [Server]
DB2UDB Prototype [Server]
OrangeMart [Server]
ACT_ING [Table] . dbo [Schema] . databaseName [Database] . DB2UDB Prototype [Server]
APP [Table] . dbo [Schema] . databaseName [Database] . DB2UDB Prototype [Server]
APPV_PRD [Table] . dbo [Schema] . databaseName [Database] . DB2UDB Prototype [Server]
APP_FL_NM [Table] . dbo [Schema] . databaseName [Database] . DB2UDB Prototype [Server]
APP_NR [Table] . dbo [Schema] . databaseName [Database] . DB2UDB Prototype [Server]
APVL [Table] . dbo [Schema] . databaseName [Database] . DB2UDB Prototype [Server]
Active_Ingredient [Table] . dbo [Schema] . databaseName [Database] . OrangeMart [Server]
Applicant [Table] . dbo [Schema] . databaseName [Database] . OrangeMart [Server]
Applicant_Full_Name [Table] . dbo [Schema] . databaseName [Database] . OrangeMart [Server]
Application_Nbr [Table] . dbo [Schema] . databaseName [Database] . OrangeMart [Server]
Approval [Table] . dbo [Schema] . databaseName [Database] . OrangeMart [Server]
Approved_Product [Table] . dbo [Schema] . databaseName [Database] . OrangeMart [Server]
CMPTR [Table] . dbo [Schema] . databaseName [Database] . DB2UDB Prototype [Server]
Competitor [Table] . dbo [Schema] . databaseName [Database] . OrangeMart [Server]
DSG_FRM [Table] . dbo [Schema] . databaseName [Database] . DB2UDB Prototype [Server]
Dosage_Form [Table] . dbo [Schema] . databaseName [Database] . OrangeMart [Server]
EXLY_CD [Table] . dbo [Schema] . databaseName [Database] . DB2UDB Prototype [Server]
EXLY_STS [Table] . dbo [Schema] . databaseName [Database] . DB2UDB Prototype [Server]
Exclusivity_Code [Table] . dbo [Schema] . databaseName [Database] . OrangeMart [Server]
Exclusivity_Status [Table] . dbo [Schema] . databaseName [Database] . OrangeMart [Server]
MOL [Table] . dbo [Schema] . databaseName [Database] . DB2UDB Prototype [Server]
Molecule [Table] . dbo [Schema] . databaseName [Database] . OrangeMart [Server]
PAT_STS [Table] . dbo [Schema] . databaseName [Database] . DB2UDB Prototype [Server]
PAT_USE_CD [Table] . dbo [Schema] . databaseName [Database] . DB2UDB Prototype [Server]
PRD_EXLY [Table] . dbo [Schema] . databaseName [Database] . DB2UDB Prototype [Server]
PRD_NBR [Table] . dbo [Schema] . databaseName [Database] . DB2UDB Prototype [Server]
PRD_PAT [Table] . dbo [Schema] . databaseName [Database] . DB2UDB Prototype [Server]
PRD_REV2000 [Table] . dbo [Schema] . databaseName [Database] . DB2UDB Prototype [Server]
PRD_REV2001 [Table] . dbo [Schema] . databaseName [Database] . DB2UDB Prototype [Server]
PRD_REV2002 [Table] . dbo [Schema] . databaseName [Database] . DB2UDB Prototype [Server]
PRD_REV2003 [Table] . dbo [Schema] . databaseName [Database] . DB2UDB Prototype [Server]
PRD_REV2004 [Table] . dbo [Schema] . databaseName [Database] . DB2UDB Prototype [Server]
Patent_Status [Table] . dbo [Schema] . databaseName [Database] . OrangeMart [Server]
Patent_Use_Code [Table] . dbo [Schema] . databaseName [Database] . OrangeMart [Server]
Product_Exclusivity [Table] . dbo [Schema] . databaseName [Database] . OrangeMart [Server]
Product_Nbr [Table] . dbo [Schema] . databaseName [Database] . OrangeMart [Server]
Product_Patent [Table] . dbo [Schema] . databaseName [Database] . OrangeMart [Server]
Product_Revenue [Table] . dbo [Schema] . databaseName [Database] . OrangeMart [Server]
RT_ADMN [Table] . dbo [Schema] . databaseName [Database] . DB2UDB Prototype [Server]
RX_STS [Table] . dbo [Schema] . databaseName [Database] . DB2UDB Prototype [Server]
RX_Status [Table] . dbo [Schema] . databaseName [Database] . OrangeMart [Server]
Route_of_Admin [Table] . dbo [Schema] . databaseName [Database] . OrangeMart [Server]
STRTH [Table] . dbo [Schema] . databaseName [Database] . DB2UDB Prototype [Server]
Strength [Table] . dbo [Schema] . databaseName [Database] . OrangeMart [Server]
THRP_EQV_CD [Table] . dbo [Schema] . databaseName [Database] . DB2UDB Prototype [Server]
TRD_NAME [Table] . dbo [Schema] . databaseName [Database] . DB2UDB Prototype [Server]
Therapeutic_Equiv_Code [Table] . dbo [Schema] . databaseName [Database] . OrangeMart [Server]
Trade_Name [Table] . dbo [Schema] . databaseName [Database] . OrangeMart [Server]
Nodes: 281, edges: 0
