address [Column] . authors [Table] . dbo [Schema] . databaseName [Database] . Physical [Server]
advance [Column] . titles [Table] . dbo [Schema] . databaseName [Database] . Physical [Server]
au_fname [Column] . authors [Table] . dbo [Schema] . databaseName [Database] . Physical [Server]
au_id [Column] . authors [Table] . dbo [Schema] . databaseName [Database] . Physical [Server]
au_id [Column] . titleauthor [Table] . dbo [Schema] . databaseName [Database] . Physical [Server]
au_lname [Column] . authors [Table] . dbo [Schema] . databaseName [Database] . Physical [Server]
au_ord [Column] . titleauthor [Table] . dbo [Schema] . databaseName [Database] . Physical [Server]
city [Column] . authors [Table] . dbo [Schema] . databaseName [Database] . Physical [Server]
city [Column] . publishers [Table] . dbo [Schema] . databaseName [Database] . Physical [Server]
city [Column] . stores [Table] . dbo [Schema] . databaseName [Database] . Physical [Server]
contract [Column] . authors [Table] . dbo [Schema] . databaseName [Database] . Physical [Server]
country [Column] . publishers [Table] . dbo [Schema] . databaseName [Database] . Physical [Server]
discount [Column] . discounts [Table] . dbo [Schema] . databaseName [Database] . Physical [Server]
discounttype [Column] . discounts [Table] . dbo [Schema] . databaseName [Database] . Physical [Server]
emp_id [Column] . employee [Table] . dbo [Schema] . databaseName [Database] . Physical [Server]
fname [Column] . employee [Table] . dbo [Schema] . databaseName [Database] . Physical [Server]
highqty [Column] . discounts [Table] . dbo [Schema] . databaseName [Database] . Physical [Server]
hirange [Column] . roysched [Table] . dbo [Schema] . databaseName [Database] . Physical [Server]
hire_date [Column] . employee [Table] . dbo [Schema] . databaseName [Database] . Physical [Server]
job_desc [Column] . jobs [Table] . dbo [Schema] . databaseName [Database] . Physical [Server]
job_id [Column] . employee [Table] . dbo [Schema] . databaseName [Database] . Physical [Server]
job_id [Column] . jobs [Table] . dbo [Schema] . databaseName [Database] . Physical [Server]
job_lvl [Column] . employee [Table] . dbo [Schema] . databaseName [Database] . Physical [Server]
lname [Column] . employee [Table] . dbo [Schema] . databaseName [Database] . Physical [Server]
logo [Column] . pub_info [Table] . dbo [Schema] . databaseName [Database] . Physical [Server]
lorange [Column] . roysched [Table] . dbo [Schema] . databaseName [Database] . Physical [Server]
lowqty [Column] . discounts [Table] . dbo [Schema] . databaseName [Database] . Physical [Server]
max_lvl [Column] . jobs [Table] . dbo [Schema] . databaseName [Database] . Physical [Server]
min_lvl [Column] . jobs [Table] . dbo [Schema] . databaseName [Database] . Physical [Server]
minit [Column] . employee [Table] . dbo [Schema] . databaseName [Database] . Physical [Server]
notes [Column] . titles [Table] . dbo [Schema] . databaseName [Database] . Physical [Server]
ord_date [Column] . sales [Table] . dbo [Schema] . databaseName [Database] . Physical [Server]
ord_num [Column] . sales [Table] . dbo [Schema] . databaseName [Database] . Physical [Server]
payterms [Column] . sales [Table] . dbo [Schema] . databaseName [Database] . Physical [Server]
phone [Column] . authors [Table] . dbo [Schema] . databaseName [Database] . Physical [Server]
pr_info [Column] . pub_info [Table] . dbo [Schema] . databaseName [Database] . Physical [Server]
price [Column] . titles [Table] . dbo [Schema] . databaseName [Database] . Physical [Server]
pub_id [Column] . employee [Table] . dbo [Schema] . databaseName [Database] . Physical [Server]
pub_id [Column] . pub_info [Table] . dbo [Schema] . databaseName [Database] . Physical [Server]
pub_id [Column] . publishers [Table] . dbo [Schema] . databaseName [Database] . Physical [Server]
pub_id [Column] . titles [Table] . dbo [Schema] . databaseName [Database] . Physical [Server]
pub_name [Column] . publishers [Table] . dbo [Schema] . databaseName [Database] . Physical [Server]
pubdate [Column] . titles [Table] . dbo [Schema] . databaseName [Database] . Physical [Server]
qty [Column] . sales [Table] . dbo [Schema] . databaseName [Database] . Physical [Server]
royalty [Column] . roysched [Table] . dbo [Schema] . databaseName [Database] . Physical [Server]
royalty [Column] . titles [Table] . dbo [Schema] . databaseName [Database] . Physical [Server]
royaltyper [Column] . titleauthor [Table] . dbo [Schema] . databaseName [Database] . Physical [Server]
state [Column] . authors [Table] . dbo [Schema] . databaseName [Database] . Physical [Server]
state [Column] . publishers [Table] . dbo [Schema] . databaseName [Database] . Physical [Server]
state [Column] . stores [Table] . dbo [Schema] . databaseName [Database] . Physical [Server]
stor_address [Column] . stores [Table] . dbo [Schema] . databaseName [Database] . Physical [Server]
stor_id [Column] . discounts [Table] . dbo [Schema] . databaseName [Database] . Physical [Server]
stor_id [Column] . sales [Table] . dbo [Schema] . databaseName [Database] . Physical [Server]
stor_id [Column] . stores [Table] . dbo [Schema] . databaseName [Database] . Physical [Server]
stor_name [Column] . stores [Table] . dbo [Schema] . databaseName [Database] . Physical [Server]
title [Column] . titles [Table] . dbo [Schema] . databaseName [Database] . Physical [Server]
title_id [Column] . roysched [Table] . dbo [Schema] . databaseName [Database] . Physical [Server]
title_id [Column] . sales [Table] . dbo [Schema] . databaseName [Database] . Physical [Server]
title_id [Column] . titleauthor [Table] . dbo [Schema] . databaseName [Database] . Physical [Server]
title_id [Column] . titles [Table] . dbo [Schema] . databaseName [Database] . Physical [Server]
type [Column] . titles [Table] . dbo [Schema] . databaseName [Database] . Physical [Server]
ytd_sales [Column] . titles [Table] . dbo [Schema] . databaseName [Database] . Physical [Server]
zip [Column] . authors [Table] . dbo [Schema] . databaseName [Database] . Physical [Server]
zip [Column] . stores [Table] . dbo [Schema] . databaseName [Database] . Physical [Server]
databaseName [Database] . Physical [Server]
dbo [Schema] . databaseName [Database] . Physical [Server]
Physical [Server]
authors [Table] . dbo [Schema] . databaseName [Database] . Physical [Server]
discounts [Table] . dbo [Schema] . databaseName [Database] . Physical [Server]
employee [Table] . dbo [Schema] . databaseName [Database] . Physical [Server]
jobs [Table] . dbo [Schema] . databaseName [Database] . Physical [Server]
pub_info [Table] . dbo [Schema] . databaseName [Database] . Physical [Server]
publishers [Table] . dbo [Schema] . databaseName [Database] . Physical [Server]
roysched [Table] . dbo [Schema] . databaseName [Database] . Physical [Server]
sales [Table] . dbo [Schema] . databaseName [Database] . Physical [Server]
stores [Table] . dbo [Schema] . databaseName [Database] . Physical [Server]
titleauthor [Table] . dbo [Schema] . databaseName [Database] . Physical [Server]
titles [Table] . dbo [Schema] . databaseName [Database] . Physical [Server]
Nodes: 78, edges: 0
