Actual Price [Logical Attribute] . Item [Logical Entity] . DEMO [Logical Owner] . Demo.dm1 [Logical Model File] . TestSystem [Logical System]
Address [Logical Attribute] . Customer [Logical Entity] . DEMO [Logical Owner] . Demo.dm1 [Logical Model File] . TestSystem [Logical System]
Area Code [Logical Attribute] . Customer [Logical Entity] . DEMO [Logical Owner] . Demo.dm1 [Logical Model File] . TestSystem [Logical System]
City [Logical Attribute] . Customer [Logical Entity] . DEMO [Logical Owner] . Demo.dm1 [Logical Model File] . TestSystem [Logical System]
Comments [Logical Attribute] . Customer [Logical Entity] . DEMO [Logical Owner] . Demo.dm1 [Logical Model File] . TestSystem [Logical System]
Commission [Logical Attribute] . Employee [Logical Entity] . DEMO [Logical Owner] . Demo.dm1 [Logical Model File] . TestSystem [Logical System]
Credit Limit [Logical Attribute] . Customer [Logical Entity] . DEMO [Logical Owner] . Demo.dm1 [Logical Model File] . TestSystem [Logical System]
Customer ID [Logical Attribute] . Customer [Logical Entity] . DEMO [Logical Owner] . Demo.dm1 [Logical Model File] . TestSystem [Logical System]
Customer ID [Logical Attribute] . Sales Order [Logical Entity] . DEMO [Logical Owner] . Demo.dm1 [Logical Model File] . TestSystem [Logical System]
Department ID [Logical Attribute] . Department [Logical Entity] . DEMO [Logical Owner] . Demo.dm1 [Logical Model File] . TestSystem [Logical System]
Department ID [Logical Attribute] . Employee [Logical Entity] . DEMO [Logical Owner] . Demo.dm1 [Logical Model File] . TestSystem [Logical System]
Description [Logical Attribute] . Product [Logical Entity] . DEMO [Logical Owner] . Demo.dm1 [Logical Model File] . TestSystem [Logical System]
Employee ID [Logical Attribute] . Customer [Logical Entity] . DEMO [Logical Owner] . Demo.dm1 [Logical Model File] . TestSystem [Logical System]
Employee ID [Logical Attribute] . Employee [Logical Entity] . DEMO [Logical Owner] . Demo.dm1 [Logical Model File] . TestSystem [Logical System]
End Date [Logical Attribute] . Price [Logical Entity] . DEMO [Logical Owner] . Demo.dm1 [Logical Model File] . TestSystem [Logical System]
First Name [Logical Attribute] . Employee [Logical Entity] . DEMO [Logical Owner] . Demo.dm1 [Logical Model File] . TestSystem [Logical System]
Function [Logical Attribute] . Job [Logical Entity] . DEMO [Logical Owner] . Demo.dm1 [Logical Model File] . TestSystem [Logical System]
Grade ID [Logical Attribute] . Employee [Logical Entity] . DEMO [Logical Owner] . Demo.dm1 [Logical Model File] . TestSystem [Logical System]
Grade ID [Logical Attribute] . Salary Grade [Logical Entity] . DEMO [Logical Owner] . Demo.dm1 [Logical Model File] . TestSystem [Logical System]
Hire Date [Logical Attribute] . Employee [Logical Entity] . DEMO [Logical Owner] . Demo.dm1 [Logical Model File] . TestSystem [Logical System]
Item ID [Logical Attribute] . Item [Logical Entity] . DEMO [Logical Owner] . Demo.dm1 [Logical Model File] . TestSystem [Logical System]
Job ID [Logical Attribute] . Employee [Logical Entity] . DEMO [Logical Owner] . Demo.dm1 [Logical Model File] . TestSystem [Logical System]
Job ID [Logical Attribute] . Job [Logical Entity] . DEMO [Logical Owner] . Demo.dm1 [Logical Model File] . TestSystem [Logical System]
Last Name [Logical Attribute] . Employee [Logical Entity] . DEMO [Logical Owner] . Demo.dm1 [Logical Model File] . TestSystem [Logical System]
List Price [Logical Attribute] . Price [Logical Entity] . DEMO [Logical Owner] . Demo.dm1 [Logical Model File] . TestSystem [Logical System]
Location ID [Logical Attribute] . Department [Logical Entity] . DEMO [Logical Owner] . Demo.dm1 [Logical Model File] . TestSystem [Logical System]
Location ID [Logical Attribute] . Location [Logical Entity] . DEMO [Logical Owner] . Demo.dm1 [Logical Model File] . TestSystem [Logical System]
Lower Bound [Logical Attribute] . Salary Grade [Logical Entity] . DEMO [Logical Owner] . Demo.dm1 [Logical Model File] . TestSystem [Logical System]
Middle Initial [Logical Attribute] . Employee [Logical Entity] . DEMO [Logical Owner] . Demo.dm1 [Logical Model File] . TestSystem [Logical System]
Minimum Price [Logical Attribute] . Price [Logical Entity] . DEMO [Logical Owner] . Demo.dm1 [Logical Model File] . TestSystem [Logical System]
Name [Logical Attribute] . Customer [Logical Entity] . DEMO [Logical Owner] . Demo.dm1 [Logical Model File] . TestSystem [Logical System]
Name [Logical Attribute] . Department [Logical Entity] . DEMO [Logical Owner] . Demo.dm1 [Logical Model File] . TestSystem [Logical System]
Order Date [Logical Attribute] . Sales Order [Logical Entity] . DEMO [Logical Owner] . Demo.dm1 [Logical Model File] . TestSystem [Logical System]
Order ID [Logical Attribute] . Item [Logical Entity] . DEMO [Logical Owner] . Demo.dm1 [Logical Model File] . TestSystem [Logical System]
Order ID [Logical Attribute] . Sales Order [Logical Entity] . DEMO [Logical Owner] . Demo.dm1 [Logical Model File] . TestSystem [Logical System]
Phone Number [Logical Attribute] . Customer [Logical Entity] . DEMO [Logical Owner] . Demo.dm1 [Logical Model File] . TestSystem [Logical System]
Product ID [Logical Attribute] . Item [Logical Entity] . DEMO [Logical Owner] . Demo.dm1 [Logical Model File] . TestSystem [Logical System]
Product ID [Logical Attribute] . Price [Logical Entity] . DEMO [Logical Owner] . Demo.dm1 [Logical Model File] . TestSystem [Logical System]
Product ID [Logical Attribute] . Product [Logical Entity] . DEMO [Logical Owner] . Demo.dm1 [Logical Model File] . TestSystem [Logical System]
Quantity [Logical Attribute] . Item [Logical Entity] . DEMO [Logical Owner] . Demo.dm1 [Logical Model File] . TestSystem [Logical System]
Regional Group [Logical Attribute] . Location [Logical Entity] . DEMO [Logical Owner] . Demo.dm1 [Logical Model File] . TestSystem [Logical System]
Salary [Logical Attribute] . Employee [Logical Entity] . DEMO [Logical Owner] . Demo.dm1 [Logical Model File] . TestSystem [Logical System]
Ship Date [Logical Attribute] . Sales Order [Logical Entity] . DEMO [Logical Owner] . Demo.dm1 [Logical Model File] . TestSystem [Logical System]
Start Date [Logical Attribute] . Price [Logical Entity] . DEMO [Logical Owner] . Demo.dm1 [Logical Model File] . TestSystem [Logical System]
State [Logical Attribute] . Customer [Logical Entity] . DEMO [Logical Owner] . Demo.dm1 [Logical Model File] . TestSystem [Logical System]
Total [Logical Attribute] . Item [Logical Entity] . DEMO [Logical Owner] . Demo.dm1 [Logical Model File] . TestSystem [Logical System]
Total [Logical Attribute] . Sales Order [Logical Entity] . DEMO [Logical Owner] . Demo.dm1 [Logical Model File] . TestSystem [Logical System]
Upper Bound [Logical Attribute] . Salary Grade [Logical Entity] . DEMO [Logical Owner] . Demo.dm1 [Logical Model File] . TestSystem [Logical System]
Zip Code [Logical Attribute] . Customer [Logical Entity] . DEMO [Logical Owner] . Demo.dm1 [Logical Model File] . TestSystem [Logical System]
Customer [Logical Entity] . DEMO [Logical Owner] . Demo.dm1 [Logical Model File] . TestSystem [Logical System]
Department [Logical Entity] . DEMO [Logical Owner] . Demo.dm1 [Logical Model File] . TestSystem [Logical System]
Employee [Logical Entity] . DEMO [Logical Owner] . Demo.dm1 [Logical Model File] . TestSystem [Logical System]
Item [Logical Entity] . DEMO [Logical Owner] . Demo.dm1 [Logical Model File] . TestSystem [Logical System]
Job [Logical Entity] . DEMO [Logical Owner] . Demo.dm1 [Logical Model File] . TestSystem [Logical System]
Location [Logical Entity] . DEMO [Logical Owner] . Demo.dm1 [Logical Model File] . TestSystem [Logical System]
Price [Logical Entity] . DEMO [Logical Owner] . Demo.dm1 [Logical Model File] . TestSystem [Logical System]
Product [Logical Entity] . DEMO [Logical Owner] . Demo.dm1 [Logical Model File] . TestSystem [Logical System]
Salary Grade [Logical Entity] . DEMO [Logical Owner] . Demo.dm1 [Logical Model File] . TestSystem [Logical System]
Sales Order [Logical Entity] . DEMO [Logical Owner] . Demo.dm1 [Logical Model File] . TestSystem [Logical System]
Demo.dm1 [Logical Model File] . TestSystem [Logical System]
DEMO [Logical Owner] . Demo.dm1 [Logical Model File] . TestSystem [Logical System]
TestSystem [Logical System]
Nodes: 62, edges: 0
