Active Session Flag [Logical Attribute] . Shop Cart [Logical Entity] . NAMELESS [Logical Owner] . e-Commerce Order Shopping Cart.dm1 [Logical Model File] . TestSystem [Logical System]
Address Type Code [Logical Attribute] . Address Type [Logical Entity] . NAMELESS [Logical Owner] . e-Commerce Order Shopping Cart.dm1 [Logical Model File] . TestSystem [Logical System]
Address Type Code [Logical Attribute] . Customer Address [Logical Entity] . NAMELESS [Logical Owner] . e-Commerce Order Shopping Cart.dm1 [Logical Model File] . TestSystem [Logical System]
Address Type Desciption [Logical Attribute] . Address Type [Logical Entity] . NAMELESS [Logical Owner] . e-Commerce Order Shopping Cart.dm1 [Logical Model File] . TestSystem [Logical System]
Address Type Name [Logical Attribute] . Address Type [Logical Entity] . NAMELESS [Logical Owner] . e-Commerce Order Shopping Cart.dm1 [Logical Model File] . TestSystem [Logical System]
Credit Card Expiration Month [Logical Attribute] . Credit Card [Logical Entity] . NAMELESS [Logical Owner] . e-Commerce Order Shopping Cart.dm1 [Logical Model File] . TestSystem [Logical System]
Credit Card Expiration Year [Logical Attribute] . Credit Card [Logical Entity] . NAMELESS [Logical Owner] . e-Commerce Order Shopping Cart.dm1 [Logical Model File] . TestSystem [Logical System]
Credit Card Id [Logical Attribute] . Credit Card [Logical Entity] . NAMELESS [Logical Owner] . e-Commerce Order Shopping Cart.dm1 [Logical Model File] . TestSystem [Logical System]
Credit Card Number [Logical Attribute] . Credit Card [Logical Entity] . NAMELESS [Logical Owner] . e-Commerce Order Shopping Cart.dm1 [Logical Model File] . TestSystem [Logical System]
Credit Card Type Code [Logical Attribute] . Credit Card [Logical Entity] . NAMELESS [Logical Owner] . e-Commerce Order Shopping Cart.dm1 [Logical Model File] . TestSystem [Logical System]
Credit Card Type Code [Logical Attribute] . Credit Card Type [Logical Entity] . NAMELESS [Logical Owner] . e-Commerce Order Shopping Cart.dm1 [Logical Model File] . TestSystem [Logical System]
Credit Card Type Description [Logical Attribute] . Credit Card Type [Logical Entity] . NAMELESS [Logical Owner] . e-Commerce Order Shopping Cart.dm1 [Logical Model File] . TestSystem [Logical System]
Credit Card Type Name [Logical Attribute] . Credit Card Type [Logical Entity] . NAMELESS [Logical Owner] . e-Commerce Order Shopping Cart.dm1 [Logical Model File] . TestSystem [Logical System]
Currency Id [Logical Attribute] . Currency [Logical Entity] . NAMELESS [Logical Owner] . e-Commerce Order Shopping Cart.dm1 [Logical Model File] . TestSystem [Logical System]
Currency Id [Logical Attribute] . Order [Logical Entity] . NAMELESS [Logical Owner] . e-Commerce Order Shopping Cart.dm1 [Logical Model File] . TestSystem [Logical System]
Currency Name [Logical Attribute] . Currency [Logical Entity] . NAMELESS [Logical Owner] . e-Commerce Order Shopping Cart.dm1 [Logical Model File] . TestSystem [Logical System]
Currency Symbol [Logical Attribute] . Currency [Logical Entity] . NAMELESS [Logical Owner] . e-Commerce Order Shopping Cart.dm1 [Logical Model File] . TestSystem [Logical System]
Customer Address Id [Logical Attribute] . Customer Address [Logical Entity] . NAMELESS [Logical Owner] . e-Commerce Order Shopping Cart.dm1 [Logical Model File] . TestSystem [Logical System]
Customer Address Id [Logical Attribute] . Order [Logical Entity] . NAMELESS [Logical Owner] . e-Commerce Order Shopping Cart.dm1 [Logical Model File] . TestSystem [Logical System]
Customer Address Id [Logical Attribute] . Order Item [Logical Entity] . NAMELESS [Logical Owner] . e-Commerce Order Shopping Cart.dm1 [Logical Model File] . TestSystem [Logical System]
Customer Address Line1 [Logical Attribute] . Customer Address [Logical Entity] . NAMELESS [Logical Owner] . e-Commerce Order Shopping Cart.dm1 [Logical Model File] . TestSystem [Logical System]
Customer Address Line2 [Logical Attribute] . Customer Address [Logical Entity] . NAMELESS [Logical Owner] . e-Commerce Order Shopping Cart.dm1 [Logical Model File] . TestSystem [Logical System]
Customer Age [Logical Attribute] . Customer [Logical Entity] . NAMELESS [Logical Owner] . e-Commerce Order Shopping Cart.dm1 [Logical Model File] . TestSystem [Logical System]
Customer Area Code [Logical Attribute] . Customer Phone [Logical Entity] . NAMELESS [Logical Owner] . e-Commerce Order Shopping Cart.dm1 [Logical Model File] . TestSystem [Logical System]
Customer City [Logical Attribute] . Customer Address [Logical Entity] . NAMELESS [Logical Owner] . e-Commerce Order Shopping Cart.dm1 [Logical Model File] . TestSystem [Logical System]
Customer Email Address [Logical Attribute] . Customer [Logical Entity] . NAMELESS [Logical Owner] . e-Commerce Order Shopping Cart.dm1 [Logical Model File] . TestSystem [Logical System]
Customer First Name [Logical Attribute] . Customer [Logical Entity] . NAMELESS [Logical Owner] . e-Commerce Order Shopping Cart.dm1 [Logical Model File] . TestSystem [Logical System]
Customer Gendor [Logical Attribute] . Customer [Logical Entity] . NAMELESS [Logical Owner] . e-Commerce Order Shopping Cart.dm1 [Logical Model File] . TestSystem [Logical System]
Customer Id [Logical Attribute] . Credit Card [Logical Entity] . NAMELESS [Logical Owner] . e-Commerce Order Shopping Cart.dm1 [Logical Model File] . TestSystem [Logical System]
Customer Id [Logical Attribute] . Customer [Logical Entity] . NAMELESS [Logical Owner] . e-Commerce Order Shopping Cart.dm1 [Logical Model File] . TestSystem [Logical System]
Customer Id [Logical Attribute] . Customer Address [Logical Entity] . NAMELESS [Logical Owner] . e-Commerce Order Shopping Cart.dm1 [Logical Model File] . TestSystem [Logical System]
Customer Id [Logical Attribute] . Customer Phone [Logical Entity] . NAMELESS [Logical Owner] . e-Commerce Order Shopping Cart.dm1 [Logical Model File] . TestSystem [Logical System]
Customer Id [Logical Attribute] . Order [Logical Entity] . NAMELESS [Logical Owner] . e-Commerce Order Shopping Cart.dm1 [Logical Model File] . TestSystem [Logical System]
Customer Id [Logical Attribute] . Order Item [Logical Entity] . NAMELESS [Logical Owner] . e-Commerce Order Shopping Cart.dm1 [Logical Model File] . TestSystem [Logical System]
Customer Last Name [Logical Attribute] . Customer [Logical Entity] . NAMELESS [Logical Owner] . e-Commerce Order Shopping Cart.dm1 [Logical Model File] . TestSystem [Logical System]
Customer Middle Initial [Logical Attribute] . Customer [Logical Entity] . NAMELESS [Logical Owner] . e-Commerce Order Shopping Cart.dm1 [Logical Model File] . TestSystem [Logical System]
Customer Password [Logical Attribute] . Customer [Logical Entity] . NAMELESS [Logical Owner] . e-Commerce Order Shopping Cart.dm1 [Logical Model File] . TestSystem [Logical System]
Customer Phone [Logical Attribute] . Customer Phone [Logical Entity] . NAMELESS [Logical Owner] . e-Commerce Order Shopping Cart.dm1 [Logical Model File] . TestSystem [Logical System]
Customer Phone Extension [Logical Attribute] . Customer Phone [Logical Entity] . NAMELESS [Logical Owner] . e-Commerce Order Shopping Cart.dm1 [Logical Model File] . TestSystem [Logical System]
Customer Phone Id [Logical Attribute] . Customer Phone [Logical Entity] . NAMELESS [Logical Owner] . e-Commerce Order Shopping Cart.dm1 [Logical Model File] . TestSystem [Logical System]
Customer State [Logical Attribute] . Customer Address [Logical Entity] . NAMELESS [Logical Owner] . e-Commerce Order Shopping Cart.dm1 [Logical Model File] . TestSystem [Logical System]
Customer Zipcode [Logical Attribute] . Customer Address [Logical Entity] . NAMELESS [Logical Owner] . e-Commerce Order Shopping Cart.dm1 [Logical Model File] . TestSystem [Logical System]
Customer Zipcode Extension [Logical Attribute] . Customer Address [Logical Entity] . NAMELESS [Logical Owner] . e-Commerce Order Shopping Cart.dm1 [Logical Model File] . TestSystem [Logical System]
Dimension Units [Logical Attribute] . Product [Logical Entity] . NAMELESS [Logical Owner] . e-Commerce Order Shopping Cart.dm1 [Logical Model File] . TestSystem [Logical System]
Gift Message [Logical Attribute] . Order Item [Logical Entity] . NAMELESS [Logical Owner] . e-Commerce Order Shopping Cart.dm1 [Logical Model File] . TestSystem [Logical System]
Gift Wrap Option [Logical Attribute] . Order Item [Logical Entity] . NAMELESS [Logical Owner] . e-Commerce Order Shopping Cart.dm1 [Logical Model File] . TestSystem [Logical System]
Inventory Code [Logical Attribute] . Inventory Item [Logical Entity] . NAMELESS [Logical Owner] . e-Commerce Order Shopping Cart.dm1 [Logical Model File] . TestSystem [Logical System]
Is Primary Bill To [Logical Attribute] . Customer Address [Logical Entity] . NAMELESS [Logical Owner] . e-Commerce Order Shopping Cart.dm1 [Logical Model File] . TestSystem [Logical System]
Is Primary Ship To [Logical Attribute] . Customer Address [Logical Entity] . NAMELESS [Logical Owner] . e-Commerce Order Shopping Cart.dm1 [Logical Model File] . TestSystem [Logical System]
Item Price [Logical Attribute] . Order Item [Logical Entity] . NAMELESS [Logical Owner] . e-Commerce Order Shopping Cart.dm1 [Logical Model File] . TestSystem [Logical System]
Item Quantity [Logical Attribute] . Order Item [Logical Entity] . NAMELESS [Logical Owner] . e-Commerce Order Shopping Cart.dm1 [Logical Model File] . TestSystem [Logical System]
Item Ship Price [Logical Attribute] . Order Item [Logical Entity] . NAMELESS [Logical Owner] . e-Commerce Order Shopping Cart.dm1 [Logical Model File] . TestSystem [Logical System]
Location Address Line1 [Logical Attribute] . Inventory Location [Logical Entity] . NAMELESS [Logical Owner] . e-Commerce Order Shopping Cart.dm1 [Logical Model File] . TestSystem [Logical System]
Location Address Line2 [Logical Attribute] . Inventory Location [Logical Entity] . NAMELESS [Logical Owner] . e-Commerce Order Shopping Cart.dm1 [Logical Model File] . TestSystem [Logical System]
Location City [Logical Attribute] . Inventory Location [Logical Entity] . NAMELESS [Logical Owner] . e-Commerce Order Shopping Cart.dm1 [Logical Model File] . TestSystem [Logical System]
Location Id [Logical Attribute] . Inventory Item [Logical Entity] . NAMELESS [Logical Owner] . e-Commerce Order Shopping Cart.dm1 [Logical Model File] . TestSystem [Logical System]
Location Id [Logical Attribute] . Inventory Location [Logical Entity] . NAMELESS [Logical Owner] . e-Commerce Order Shopping Cart.dm1 [Logical Model File] . TestSystem [Logical System]
Location Name [Logical Attribute] . Inventory Location [Logical Entity] . NAMELESS [Logical Owner] . e-Commerce Order Shopping Cart.dm1 [Logical Model File] . TestSystem [Logical System]
Location State [Logical Attribute] . Inventory Location [Logical Entity] . NAMELESS [Logical Owner] . e-Commerce Order Shopping Cart.dm1 [Logical Model File] . TestSystem [Logical System]
Location Zipcode [Logical Attribute] . Inventory Location [Logical Entity] . NAMELESS [Logical Owner] . e-Commerce Order Shopping Cart.dm1 [Logical Model File] . TestSystem [Logical System]
Next Stock Date [Logical Attribute] . Inventory Item [Logical Entity] . NAMELESS [Logical Owner] . e-Commerce Order Shopping Cart.dm1 [Logical Model File] . TestSystem [Logical System]
Order Id [Logical Attribute] . Order [Logical Entity] . NAMELESS [Logical Owner] . e-Commerce Order Shopping Cart.dm1 [Logical Model File] . TestSystem [Logical System]
Order Id [Logical Attribute] . Order Item [Logical Entity] . NAMELESS [Logical Owner] . e-Commerce Order Shopping Cart.dm1 [Logical Model File] . TestSystem [Logical System]
Order Item Id [Logical Attribute] . Order Item [Logical Entity] . NAMELESS [Logical Owner] . e-Commerce Order Shopping Cart.dm1 [Logical Model File] . TestSystem [Logical System]
Order Memo [Logical Attribute] . Order [Logical Entity] . NAMELESS [Logical Owner] . e-Commerce Order Shopping Cart.dm1 [Logical Model File] . TestSystem [Logical System]
Order Process Date [Logical Attribute] . Order [Logical Entity] . NAMELESS [Logical Owner] . e-Commerce Order Shopping Cart.dm1 [Logical Model File] . TestSystem [Logical System]
Order Sales Tax Amount [Logical Attribute] . Order [Logical Entity] . NAMELESS [Logical Owner] . e-Commerce Order Shopping Cart.dm1 [Logical Model File] . TestSystem [Logical System]
Order Ship Date [Logical Attribute] . Order [Logical Entity] . NAMELESS [Logical Owner] . e-Commerce Order Shopping Cart.dm1 [Logical Model File] . TestSystem [Logical System]
Order Status Code [Logical Attribute] . Order [Logical Entity] . NAMELESS [Logical Owner] . e-Commerce Order Shopping Cart.dm1 [Logical Model File] . TestSystem [Logical System]
Order Status Code [Logical Attribute] . Order Status [Logical Entity] . NAMELESS [Logical Owner] . e-Commerce Order Shopping Cart.dm1 [Logical Model File] . TestSystem [Logical System]
Order Status Code Name [Logical Attribute] . Order Status [Logical Entity] . NAMELESS [Logical Owner] . e-Commerce Order Shopping Cart.dm1 [Logical Model File] . TestSystem [Logical System]
Order Submit Date [Logical Attribute] . Order [Logical Entity] . NAMELESS [Logical Owner] . e-Commerce Order Shopping Cart.dm1 [Logical Model File] . TestSystem [Logical System]
Order Total Amount [Logical Attribute] . Order [Logical Entity] . NAMELESS [Logical Owner] . e-Commerce Order Shopping Cart.dm1 [Logical Model File] . TestSystem [Logical System]
Phone Type Id [Logical Attribute] . Customer Phone [Logical Entity] . NAMELESS [Logical Owner] . e-Commerce Order Shopping Cart.dm1 [Logical Model File] . TestSystem [Logical System]
Phone Type Id [Logical Attribute] . Phone Type [Logical Entity] . NAMELESS [Logical Owner] . e-Commerce Order Shopping Cart.dm1 [Logical Model File] . TestSystem [Logical System]
Phone Type Name [Logical Attribute] . Phone Type [Logical Entity] . NAMELESS [Logical Owner] . e-Commerce Order Shopping Cart.dm1 [Logical Model File] . TestSystem [Logical System]
Product Alternate Upc [Logical Attribute] . Product [Logical Entity] . NAMELESS [Logical Owner] . e-Commerce Order Shopping Cart.dm1 [Logical Model File] . TestSystem [Logical System]
Product Category Code [Logical Attribute] . Product [Logical Entity] . NAMELESS [Logical Owner] . e-Commerce Order Shopping Cart.dm1 [Logical Model File] . TestSystem [Logical System]
Product Category Code [Logical Attribute] . Product Category [Logical Entity] . NAMELESS [Logical Owner] . e-Commerce Order Shopping Cart.dm1 [Logical Model File] . TestSystem [Logical System]
Product Category Description [Logical Attribute] . Product Category [Logical Entity] . NAMELESS [Logical Owner] . e-Commerce Order Shopping Cart.dm1 [Logical Model File] . TestSystem [Logical System]
Product Category Image [Logical Attribute] . Product Category [Logical Entity] . NAMELESS [Logical Owner] . e-Commerce Order Shopping Cart.dm1 [Logical Model File] . TestSystem [Logical System]
Product Category Name [Logical Attribute] . Product Category [Logical Entity] . NAMELESS [Logical Owner] . e-Commerce Order Shopping Cart.dm1 [Logical Model File] . TestSystem [Logical System]
Product Category Sort Order [Logical Attribute] . Product Category [Logical Entity] . NAMELESS [Logical Owner] . e-Commerce Order Shopping Cart.dm1 [Logical Model File] . TestSystem [Logical System]
Product Category Special [Logical Attribute] . Product Category [Logical Entity] . NAMELESS [Logical Owner] . e-Commerce Order Shopping Cart.dm1 [Logical Model File] . TestSystem [Logical System]
Product Date [Logical Attribute] . Product [Logical Entity] . NAMELESS [Logical Owner] . e-Commerce Order Shopping Cart.dm1 [Logical Model File] . TestSystem [Logical System]
Product Description [Logical Attribute] . Product [Logical Entity] . NAMELESS [Logical Owner] . e-Commerce Order Shopping Cart.dm1 [Logical Model File] . TestSystem [Logical System]
Product Discount Price [Logical Attribute] . Product [Logical Entity] . NAMELESS [Logical Owner] . e-Commerce Order Shopping Cart.dm1 [Logical Model File] . TestSystem [Logical System]
Product Full Image [Logical Attribute] . Product [Logical Entity] . NAMELESS [Logical Owner] . e-Commerce Order Shopping Cart.dm1 [Logical Model File] . TestSystem [Logical System]
Product Height [Logical Attribute] . Product [Logical Entity] . NAMELESS [Logical Owner] . e-Commerce Order Shopping Cart.dm1 [Logical Model File] . TestSystem [Logical System]
Product Id [Logical Attribute] . Inventory Item [Logical Entity] . NAMELESS [Logical Owner] . e-Commerce Order Shopping Cart.dm1 [Logical Model File] . TestSystem [Logical System]
Product Id [Logical Attribute] . Order Item [Logical Entity] . NAMELESS [Logical Owner] . e-Commerce Order Shopping Cart.dm1 [Logical Model File] . TestSystem [Logical System]
Product Id [Logical Attribute] . Product [Logical Entity] . NAMELESS [Logical Owner] . e-Commerce Order Shopping Cart.dm1 [Logical Model File] . TestSystem [Logical System]
Product Id [Logical Attribute] . Shop Cart [Logical Entity] . NAMELESS [Logical Owner] . e-Commerce Order Shopping Cart.dm1 [Logical Model File] . TestSystem [Logical System]
Product Last Update [Logical Attribute] . Product [Logical Entity] . NAMELESS [Logical Owner] . e-Commerce Order Shopping Cart.dm1 [Logical Model File] . TestSystem [Logical System]
Product Length [Logical Attribute] . Product [Logical Entity] . NAMELESS [Logical Owner] . e-Commerce Order Shopping Cart.dm1 [Logical Model File] . TestSystem [Logical System]
Product Manufacturing Id [Logical Attribute] . Product [Logical Entity] . NAMELESS [Logical Owner] . e-Commerce Order Shopping Cart.dm1 [Logical Model File] . TestSystem [Logical System]
Product Msrp Price [Logical Attribute] . Product [Logical Entity] . NAMELESS [Logical Owner] . e-Commerce Order Shopping Cart.dm1 [Logical Model File] . TestSystem [Logical System]
Product Name [Logical Attribute] . Product [Logical Entity] . NAMELESS [Logical Owner] . e-Commerce Order Shopping Cart.dm1 [Logical Model File] . TestSystem [Logical System]
Product Piece Quantity [Logical Attribute] . Product [Logical Entity] . NAMELESS [Logical Owner] . e-Commerce Order Shopping Cart.dm1 [Logical Model File] . TestSystem [Logical System]
Product Regular Price [Logical Attribute] . Product [Logical Entity] . NAMELESS [Logical Owner] . e-Commerce Order Shopping Cart.dm1 [Logical Model File] . TestSystem [Logical System]
Product Short Description [Logical Attribute] . Product [Logical Entity] . NAMELESS [Logical Owner] . e-Commerce Order Shopping Cart.dm1 [Logical Model File] . TestSystem [Logical System]
Product Sku [Logical Attribute] . Product [Logical Entity] . NAMELESS [Logical Owner] . e-Commerce Order Shopping Cart.dm1 [Logical Model File] . TestSystem [Logical System]
Product Sort Order [Logical Attribute] . Product [Logical Entity] . NAMELESS [Logical Owner] . e-Commerce Order Shopping Cart.dm1 [Logical Model File] . TestSystem [Logical System]
Product Thumbnail [Logical Attribute] . Product [Logical Entity] . NAMELESS [Logical Owner] . e-Commerce Order Shopping Cart.dm1 [Logical Model File] . TestSystem [Logical System]
Product Upc [Logical Attribute] . Product [Logical Entity] . NAMELESS [Logical Owner] . e-Commerce Order Shopping Cart.dm1 [Logical Model File] . TestSystem [Logical System]
Product Volume [Logical Attribute] . Product [Logical Entity] . NAMELESS [Logical Owner] . e-Commerce Order Shopping Cart.dm1 [Logical Model File] . TestSystem [Logical System]
Product Weight [Logical Attribute] . Product [Logical Entity] . NAMELESS [Logical Owner] . e-Commerce Order Shopping Cart.dm1 [Logical Model File] . TestSystem [Logical System]
Product Width [Logical Attribute] . Product [Logical Entity] . NAMELESS [Logical Owner] . e-Commerce Order Shopping Cart.dm1 [Logical Model File] . TestSystem [Logical System]
Promotion Code [Logical Attribute] . Product [Logical Entity] . NAMELESS [Logical Owner] . e-Commerce Order Shopping Cart.dm1 [Logical Model File] . TestSystem [Logical System]
Promotion Code [Logical Attribute] . Promotion [Logical Entity] . NAMELESS [Logical Owner] . e-Commerce Order Shopping Cart.dm1 [Logical Model File] . TestSystem [Logical System]
Promotion Discount Amount [Logical Attribute] . Promotion [Logical Entity] . NAMELESS [Logical Owner] . e-Commerce Order Shopping Cart.dm1 [Logical Model File] . TestSystem [Logical System]
Promotion Discount Percent [Logical Attribute] . Promotion [Logical Entity] . NAMELESS [Logical Owner] . e-Commerce Order Shopping Cart.dm1 [Logical Model File] . TestSystem [Logical System]
Promotion End Date [Logical Attribute] . Promotion [Logical Entity] . NAMELESS [Logical Owner] . e-Commerce Order Shopping Cart.dm1 [Logical Model File] . TestSystem [Logical System]
Promotion Name [Logical Attribute] . Promotion [Logical Entity] . NAMELESS [Logical Owner] . e-Commerce Order Shopping Cart.dm1 [Logical Model File] . TestSystem [Logical System]
Promotion Start Date [Logical Attribute] . Promotion [Logical Entity] . NAMELESS [Logical Owner] . e-Commerce Order Shopping Cart.dm1 [Logical Model File] . TestSystem [Logical System]
Sales Tax Amount [Logical Attribute] . Sales Tax [Logical Entity] . NAMELESS [Logical Owner] . e-Commerce Order Shopping Cart.dm1 [Logical Model File] . TestSystem [Logical System]
Sales Tax Id [Logical Attribute] . Order [Logical Entity] . NAMELESS [Logical Owner] . e-Commerce Order Shopping Cart.dm1 [Logical Model File] . TestSystem [Logical System]
Sales Tax Id [Logical Attribute] . Sales Tax [Logical Entity] . NAMELESS [Logical Owner] . e-Commerce Order Shopping Cart.dm1 [Logical Model File] . TestSystem [Logical System]
Sales Tax State [Logical Attribute] . Sales Tax [Logical Entity] . NAMELESS [Logical Owner] . e-Commerce Order Shopping Cart.dm1 [Logical Model File] . TestSystem [Logical System]
Sales Tax Zipcode [Logical Attribute] . Sales Tax [Logical Entity] . NAMELESS [Logical Owner] . e-Commerce Order Shopping Cart.dm1 [Logical Model File] . TestSystem [Logical System]
Ship Method Cost [Logical Attribute] . Ship Method [Logical Entity] . NAMELESS [Logical Owner] . e-Commerce Order Shopping Cart.dm1 [Logical Model File] . TestSystem [Logical System]
Ship Method Description [Logical Attribute] . Ship Method [Logical Entity] . NAMELESS [Logical Owner] . e-Commerce Order Shopping Cart.dm1 [Logical Model File] . TestSystem [Logical System]
Ship Method Id [Logical Attribute] . Order Item [Logical Entity] . NAMELESS [Logical Owner] . e-Commerce Order Shopping Cart.dm1 [Logical Model File] . TestSystem [Logical System]
Ship Method Id [Logical Attribute] . Ship Method [Logical Entity] . NAMELESS [Logical Owner] . e-Commerce Order Shopping Cart.dm1 [Logical Model File] . TestSystem [Logical System]
Ship Method Name [Logical Attribute] . Ship Method [Logical Entity] . NAMELESS [Logical Owner] . e-Commerce Order Shopping Cart.dm1 [Logical Model File] . TestSystem [Logical System]
Shop Cart Date [Logical Attribute] . Shop Cart [Logical Entity] . NAMELESS [Logical Owner] . e-Commerce Order Shopping Cart.dm1 [Logical Model File] . TestSystem [Logical System]
Shop Cart Id [Logical Attribute] . Order [Logical Entity] . NAMELESS [Logical Owner] . e-Commerce Order Shopping Cart.dm1 [Logical Model File] . TestSystem [Logical System]
Shop Cart Id [Logical Attribute] . Shop Cart [Logical Entity] . NAMELESS [Logical Owner] . e-Commerce Order Shopping Cart.dm1 [Logical Model File] . TestSystem [Logical System]
Shop Cart Quantity [Logical Attribute] . Shop Cart [Logical Entity] . NAMELESS [Logical Owner] . e-Commerce Order Shopping Cart.dm1 [Logical Model File] . TestSystem [Logical System]
Shop Cart Session Id [Logical Attribute] . Shop Cart [Logical Entity] . NAMELESS [Logical Owner] . e-Commerce Order Shopping Cart.dm1 [Logical Model File] . TestSystem [Logical System]
Stock Date [Logical Attribute] . Inventory Item [Logical Entity] . NAMELESS [Logical Owner] . e-Commerce Order Shopping Cart.dm1 [Logical Model File] . TestSystem [Logical System]
Stock Quantity [Logical Attribute] . Inventory Item [Logical Entity] . NAMELESS [Logical Owner] . e-Commerce Order Shopping Cart.dm1 [Logical Model File] . TestSystem [Logical System]
Weight Units [Logical Attribute] . Product [Logical Entity] . NAMELESS [Logical Owner] . e-Commerce Order Shopping Cart.dm1 [Logical Model File] . TestSystem [Logical System]
Wholesale Price [Logical Attribute] . Inventory Item [Logical Entity] . NAMELESS [Logical Owner] . e-Commerce Order Shopping Cart.dm1 [Logical Model File] . TestSystem [Logical System]
Zipcode Extension [Logical Attribute] . Inventory Location [Logical Entity] . NAMELESS [Logical Owner] . e-Commerce Order Shopping Cart.dm1 [Logical Model File] . TestSystem [Logical System]
Address Type [Logical Entity] . NAMELESS [Logical Owner] . e-Commerce Order Shopping Cart.dm1 [Logical Model File] . TestSystem [Logical System]
Credit Card [Logical Entity] . NAMELESS [Logical Owner] . e-Commerce Order Shopping Cart.dm1 [Logical Model File] . TestSystem [Logical System]
Credit Card Type [Logical Entity] . NAMELESS [Logical Owner] . e-Commerce Order Shopping Cart.dm1 [Logical Model File] . TestSystem [Logical System]
Currency [Logical Entity] . NAMELESS [Logical Owner] . e-Commerce Order Shopping Cart.dm1 [Logical Model File] . TestSystem [Logical System]
Customer [Logical Entity] . NAMELESS [Logical Owner] . e-Commerce Order Shopping Cart.dm1 [Logical Model File] . TestSystem [Logical System]
Customer Address [Logical Entity] . NAMELESS [Logical Owner] . e-Commerce Order Shopping Cart.dm1 [Logical Model File] . TestSystem [Logical System]
Customer Phone [Logical Entity] . NAMELESS [Logical Owner] . e-Commerce Order Shopping Cart.dm1 [Logical Model File] . TestSystem [Logical System]
Inventory Item [Logical Entity] . NAMELESS [Logical Owner] . e-Commerce Order Shopping Cart.dm1 [Logical Model File] . TestSystem [Logical System]
Inventory Location [Logical Entity] . NAMELESS [Logical Owner] . e-Commerce Order Shopping Cart.dm1 [Logical Model File] . TestSystem [Logical System]
Order [Logical Entity] . NAMELESS [Logical Owner] . e-Commerce Order Shopping Cart.dm1 [Logical Model File] . TestSystem [Logical System]
Order Item [Logical Entity] . NAMELESS [Logical Owner] . e-Commerce Order Shopping Cart.dm1 [Logical Model File] . TestSystem [Logical System]
Order Status [Logical Entity] . NAMELESS [Logical Owner] . e-Commerce Order Shopping Cart.dm1 [Logical Model File] . TestSystem [Logical System]
Phone Type [Logical Entity] . NAMELESS [Logical Owner] . e-Commerce Order Shopping Cart.dm1 [Logical Model File] . TestSystem [Logical System]
Product [Logical Entity] . NAMELESS [Logical Owner] . e-Commerce Order Shopping Cart.dm1 [Logical Model File] . TestSystem [Logical System]
Product Category [Logical Entity] . NAMELESS [Logical Owner] . e-Commerce Order Shopping Cart.dm1 [Logical Model File] . TestSystem [Logical System]
Promotion [Logical Entity] . NAMELESS [Logical Owner] . e-Commerce Order Shopping Cart.dm1 [Logical Model File] . TestSystem [Logical System]
Sales Tax [Logical Entity] . NAMELESS [Logical Owner] . e-Commerce Order Shopping Cart.dm1 [Logical Model File] . TestSystem [Logical System]
Ship Method [Logical Entity] . NAMELESS [Logical Owner] . e-Commerce Order Shopping Cart.dm1 [Logical Model File] . TestSystem [Logical System]
Shop Cart [Logical Entity] . NAMELESS [Logical Owner] . e-Commerce Order Shopping Cart.dm1 [Logical Model File] . TestSystem [Logical System]
e-Commerce Order Shopping Cart.dm1 [Logical Model File] . TestSystem [Logical System]
NAMELESS [Logical Owner] . e-Commerce Order Shopping Cart.dm1 [Logical Model File] . TestSystem [Logical System]
TestSystem [Logical System]
Nodes: 157, edges: 0
