Admission Conclusion Time [Logical Attribute] . Nurse Admission Information [Logical Entity] . ERADMIN [Logical Owner] . Emergency Admissions.dm1 [Logical Model File] . TestSystem [Logical System]
Admission Test Description [Logical Attribute] . Admission Test [Logical Entity] . ERADMIN [Logical Owner] . Emergency Admissions.dm1 [Logical Model File] . TestSystem [Logical System]
Admission Test ID [Logical Attribute] . Admission Test [Logical Entity] . ERADMIN [Logical Owner] . Emergency Admissions.dm1 [Logical Model File] . TestSystem [Logical System]
Amount [Logical Attribute] . Dispensed Medication Information [Logical Entity] . ERADMIN [Logical Owner] . Emergency Admissions.dm1 [Logical Model File] . TestSystem [Logical System]
Date Time Dispensed [Logical Attribute] . Dispensed Medication Information [Logical Entity] . ERADMIN [Logical Owner] . Emergency Admissions.dm1 [Logical Model File] . TestSystem [Logical System]
Doctor ID [Logical Attribute] . Admission Test [Logical Entity] . ERADMIN [Logical Owner] . Emergency Admissions.dm1 [Logical Model File] . TestSystem [Logical System]
Doctor ID [Logical Attribute] . Doctor [Logical Entity] . ERADMIN [Logical Owner] . Emergency Admissions.dm1 [Logical Model File] . TestSystem [Logical System]
Doctor ID [Logical Attribute] . Doctor Procedure [Logical Entity] . ERADMIN [Logical Owner] . Emergency Admissions.dm1 [Logical Model File] . TestSystem [Logical System]
First Name [Logical Attribute] . Doctor [Logical Entity] . ERADMIN [Logical Owner] . Emergency Admissions.dm1 [Logical Model File] . TestSystem [Logical System]
Initial Admission Time [Logical Attribute] . Nurse Admission Information [Logical Entity] . ERADMIN [Logical Owner] . Emergency Admissions.dm1 [Logical Model File] . TestSystem [Logical System]
Insurance Carrier Address [Logical Attribute] . Insurance Carrier Information [Logical Entity] . ERADMIN [Logical Owner] . Emergency Admissions.dm1 [Logical Model File] . TestSystem [Logical System]
Insurance Carrier City [Logical Attribute] . Insurance Carrier Information [Logical Entity] . ERADMIN [Logical Owner] . Emergency Admissions.dm1 [Logical Model File] . TestSystem [Logical System]
Insurance Carrier ID [Logical Attribute] . Insurance Carrier Information [Logical Entity] . ERADMIN [Logical Owner] . Emergency Admissions.dm1 [Logical Model File] . TestSystem [Logical System]
Insurance Carrier ID [Logical Attribute] . Patient Insurance Information [Logical Entity] . ERADMIN [Logical Owner] . Emergency Admissions.dm1 [Logical Model File] . TestSystem [Logical System]
Insurance Carrier State [Logical Attribute] . Insurance Carrier Information [Logical Entity] . ERADMIN [Logical Owner] . Emergency Admissions.dm1 [Logical Model File] . TestSystem [Logical System]
Insurance Carrier Zip Code [Logical Attribute] . Insurance Carrier Information [Logical Entity] . ERADMIN [Logical Owner] . Emergency Admissions.dm1 [Logical Model File] . TestSystem [Logical System]
Insurance Co-Pay Plan [Logical Attribute] . Patient Insurance Information [Logical Entity] . ERADMIN [Logical Owner] . Emergency Admissions.dm1 [Logical Model File] . TestSystem [Logical System]
Insurance Effective Date [Logical Attribute] . Patient Insurance Information [Logical Entity] . ERADMIN [Logical Owner] . Emergency Admissions.dm1 [Logical Model File] . TestSystem [Logical System]
Insurance End Date [Logical Attribute] . Patient Insurance Information [Logical Entity] . ERADMIN [Logical Owner] . Emergency Admissions.dm1 [Logical Model File] . TestSystem [Logical System]
Insurance Group Number [Logical Attribute] . Patient Insurance Information [Logical Entity] . ERADMIN [Logical Owner] . Emergency Admissions.dm1 [Logical Model File] . TestSystem [Logical System]
Insurance Phone Number [Logical Attribute] . Patient Insurance Information [Logical Entity] . ERADMIN [Logical Owner] . Emergency Admissions.dm1 [Logical Model File] . TestSystem [Logical System]
Last Name [Logical Attribute] . Doctor [Logical Entity] . ERADMIN [Logical Owner] . Emergency Admissions.dm1 [Logical Model File] . TestSystem [Logical System]
Medical Procedure Type ID [Logical Attribute] . Doctor Procedure [Logical Entity] . ERADMIN [Logical Owner] . Emergency Admissions.dm1 [Logical Model File] . TestSystem [Logical System]
Medical Procedure Type ID [Logical Attribute] . Medical Procedure Type [Logical Entity] . ERADMIN [Logical Owner] . Emergency Admissions.dm1 [Logical Model File] . TestSystem [Logical System]
Medical Procedure Type ID [Logical Attribute] . Patient Procedure [Logical Entity] . ERADMIN [Logical Owner] . Emergency Admissions.dm1 [Logical Model File] . TestSystem [Logical System]
Medical Procedure Type Name [Logical Attribute] . Medical Procedure Type [Logical Entity] . ERADMIN [Logical Owner] . Emergency Admissions.dm1 [Logical Model File] . TestSystem [Logical System]
Medication Dispensation Description [Logical Attribute] . Medication Dispensation Method [Logical Entity] . ERADMIN [Logical Owner] . Emergency Admissions.dm1 [Logical Model File] . TestSystem [Logical System]
Medication Dispensation Method ID [Logical Attribute] . Dispensed Medication Information [Logical Entity] . ERADMIN [Logical Owner] . Emergency Admissions.dm1 [Logical Model File] . TestSystem [Logical System]
Medication Dispensation Method ID [Logical Attribute] . Medication Dispensation Method [Logical Entity] . ERADMIN [Logical Owner] . Emergency Admissions.dm1 [Logical Model File] . TestSystem [Logical System]
Medication Dispensed ID [Logical Attribute] . Dispensed Medication Information [Logical Entity] . ERADMIN [Logical Owner] . Emergency Admissions.dm1 [Logical Model File] . TestSystem [Logical System]
Medication ID [Logical Attribute] . Dispensed Medication Information [Logical Entity] . ERADMIN [Logical Owner] . Emergency Admissions.dm1 [Logical Model File] . TestSystem [Logical System]
Medication ID [Logical Attribute] . Medication [Logical Entity] . ERADMIN [Logical Owner] . Emergency Admissions.dm1 [Logical Model File] . TestSystem [Logical System]
Medication Name [Logical Attribute] . Medication [Logical Entity] . ERADMIN [Logical Owner] . Emergency Admissions.dm1 [Logical Model File] . TestSystem [Logical System]
Nurse First Name [Logical Attribute] . Nurse [Logical Entity] . ERADMIN [Logical Owner] . Emergency Admissions.dm1 [Logical Model File] . TestSystem [Logical System]
Nurse ID [Logical Attribute] . Admission Test [Logical Entity] . ERADMIN [Logical Owner] . Emergency Admissions.dm1 [Logical Model File] . TestSystem [Logical System]
Nurse ID [Logical Attribute] . Nurse [Logical Entity] . ERADMIN [Logical Owner] . Emergency Admissions.dm1 [Logical Model File] . TestSystem [Logical System]
Nurse ID [Logical Attribute] . Nurse Admission Information [Logical Entity] . ERADMIN [Logical Owner] . Emergency Admissions.dm1 [Logical Model File] . TestSystem [Logical System]
Nurse ID [Logical Attribute] . Nurse Procedure [Logical Entity] . ERADMIN [Logical Owner] . Emergency Admissions.dm1 [Logical Model File] . TestSystem [Logical System]
Nurse ID [Logical Attribute] . Patient Admission Information [Logical Entity] . ERADMIN [Logical Owner] . Emergency Admissions.dm1 [Logical Model File] . TestSystem [Logical System]
Nurse Last Name [Logical Attribute] . Nurse [Logical Entity] . ERADMIN [Logical Owner] . Emergency Admissions.dm1 [Logical Model File] . TestSystem [Logical System]
Nurse Middle Initial [Logical Attribute] . Nurse [Logical Entity] . ERADMIN [Logical Owner] . Emergency Admissions.dm1 [Logical Model File] . TestSystem [Logical System]
Nurse's Hourly Pay Scale [Logical Attribute] . Nurse [Logical Entity] . ERADMIN [Logical Owner] . Emergency Admissions.dm1 [Logical Model File] . TestSystem [Logical System]
Nurse's Overtime Pay Scale [Logical Attribute] . Nurse [Logical Entity] . ERADMIN [Logical Owner] . Emergency Admissions.dm1 [Logical Model File] . TestSystem [Logical System]
Nurse's Pager [Logical Attribute] . Nurse [Logical Entity] . ERADMIN [Logical Owner] . Emergency Admissions.dm1 [Logical Model File] . TestSystem [Logical System]
Nurse's Preferred Shift [Logical Attribute] . Nurse [Logical Entity] . ERADMIN [Logical Owner] . Emergency Admissions.dm1 [Logical Model File] . TestSystem [Logical System]
Pager [Logical Attribute] . Doctor [Logical Entity] . ERADMIN [Logical Owner] . Emergency Admissions.dm1 [Logical Model File] . TestSystem [Logical System]
Patient Admission ID [Logical Attribute] . Admission Test [Logical Entity] . ERADMIN [Logical Owner] . Emergency Admissions.dm1 [Logical Model File] . TestSystem [Logical System]
Patient Admission ID [Logical Attribute] . Dispensed Medication Information [Logical Entity] . ERADMIN [Logical Owner] . Emergency Admissions.dm1 [Logical Model File] . TestSystem [Logical System]
Patient Admission ID [Logical Attribute] . Nurse Admission Information [Logical Entity] . ERADMIN [Logical Owner] . Emergency Admissions.dm1 [Logical Model File] . TestSystem [Logical System]
Patient Admission ID [Logical Attribute] . Patient Admission Information [Logical Entity] . ERADMIN [Logical Owner] . Emergency Admissions.dm1 [Logical Model File] . TestSystem [Logical System]
Patient Admission ID [Logical Attribute] . Patient Procedure [Logical Entity] . ERADMIN [Logical Owner] . Emergency Admissions.dm1 [Logical Model File] . TestSystem [Logical System]
Patient DOB [Logical Attribute] . Patient [Logical Entity] . ERADMIN [Logical Owner] . Emergency Admissions.dm1 [Logical Model File] . TestSystem [Logical System]
Patient First Name [Logical Attribute] . Patient [Logical Entity] . ERADMIN [Logical Owner] . Emergency Admissions.dm1 [Logical Model File] . TestSystem [Logical System]
Patient Gender [Logical Attribute] . Patient [Logical Entity] . ERADMIN [Logical Owner] . Emergency Admissions.dm1 [Logical Model File] . TestSystem [Logical System]
Patient Home Phone Number [Logical Attribute] . Patient [Logical Entity] . ERADMIN [Logical Owner] . Emergency Admissions.dm1 [Logical Model File] . TestSystem [Logical System]
Patient ID [Logical Attribute] . Patient [Logical Entity] . ERADMIN [Logical Owner] . Emergency Admissions.dm1 [Logical Model File] . TestSystem [Logical System]
Patient ID [Logical Attribute] . Patient Admission Information [Logical Entity] . ERADMIN [Logical Owner] . Emergency Admissions.dm1 [Logical Model File] . TestSystem [Logical System]
Patient ID [Logical Attribute] . Patient Insurance Information [Logical Entity] . ERADMIN [Logical Owner] . Emergency Admissions.dm1 [Logical Model File] . TestSystem [Logical System]
Patient Insurance Information ID [Logical Attribute] . Patient Insurance Information [Logical Entity] . ERADMIN [Logical Owner] . Emergency Admissions.dm1 [Logical Model File] . TestSystem [Logical System]
Patient Last Name [Logical Attribute] . Patient [Logical Entity] . ERADMIN [Logical Owner] . Emergency Admissions.dm1 [Logical Model File] . TestSystem [Logical System]
Patient Middle Initial [Logical Attribute] . Patient [Logical Entity] . ERADMIN [Logical Owner] . Emergency Admissions.dm1 [Logical Model File] . TestSystem [Logical System]
Patient Procedure ID [Logical Attribute] . Doctor Procedure [Logical Entity] . ERADMIN [Logical Owner] . Emergency Admissions.dm1 [Logical Model File] . TestSystem [Logical System]
Patient Procedure ID [Logical Attribute] . Patient Procedure [Logical Entity] . ERADMIN [Logical Owner] . Emergency Admissions.dm1 [Logical Model File] . TestSystem [Logical System]
Patient SSN [Logical Attribute] . Patient [Logical Entity] . ERADMIN [Logical Owner] . Emergency Admissions.dm1 [Logical Model File] . TestSystem [Logical System]
Patient's Release Time [Logical Attribute] . Patient Admission Information [Logical Entity] . ERADMIN [Logical Owner] . Emergency Admissions.dm1 [Logical Model File] . TestSystem [Logical System]
Practice Name [Logical Attribute] . Doctor [Logical Entity] . ERADMIN [Logical Owner] . Emergency Admissions.dm1 [Logical Model File] . TestSystem [Logical System]
Procedure End Time [Logical Attribute] . Patient Procedure [Logical Entity] . ERADMIN [Logical Owner] . Emergency Admissions.dm1 [Logical Model File] . TestSystem [Logical System]
Procedure ID [Logical Attribute] . Nurse Procedure [Logical Entity] . ERADMIN [Logical Owner] . Emergency Admissions.dm1 [Logical Model File] . TestSystem [Logical System]
Procedure Start Time [Logical Attribute] . Patient Procedure [Logical Entity] . ERADMIN [Logical Owner] . Emergency Admissions.dm1 [Logical Model File] . TestSystem [Logical System]
Procedure Type ID [Logical Attribute] . Nurse Procedure [Logical Entity] . ERADMIN [Logical Owner] . Emergency Admissions.dm1 [Logical Model File] . TestSystem [Logical System]
Release Comments [Logical Attribute] . Patient Admission Information [Logical Entity] . ERADMIN [Logical Owner] . Emergency Admissions.dm1 [Logical Model File] . TestSystem [Logical System]
Specialty [Logical Attribute] . Doctor [Logical Entity] . ERADMIN [Logical Owner] . Emergency Admissions.dm1 [Logical Model File] . TestSystem [Logical System]
Time Completed [Logical Attribute] . Admission Test [Logical Entity] . ERADMIN [Logical Owner] . Emergency Admissions.dm1 [Logical Model File] . TestSystem [Logical System]
Time Requested [Logical Attribute] . Admission Test [Logical Entity] . ERADMIN [Logical Owner] . Emergency Admissions.dm1 [Logical Model File] . TestSystem [Logical System]
Time of Admission [Logical Attribute] . Patient Admission Information [Logical Entity] . ERADMIN [Logical Owner] . Emergency Admissions.dm1 [Logical Model File] . TestSystem [Logical System]
Units [Logical Attribute] . Dispensed Medication Information [Logical Entity] . ERADMIN [Logical Owner] . Emergency Admissions.dm1 [Logical Model File] . TestSystem [Logical System]
Admission Test [Logical Entity] . ERADMIN [Logical Owner] . Emergency Admissions.dm1 [Logical Model File] . TestSystem [Logical System]
Dispensed Medication Information [Logical Entity] . ERADMIN [Logical Owner] . Emergency Admissions.dm1 [Logical Model File] . TestSystem [Logical System]
Doctor [Logical Entity] . ERADMIN [Logical Owner] . Emergency Admissions.dm1 [Logical Model File] . TestSystem [Logical System]
Doctor Procedure [Logical Entity] . ERADMIN [Logical Owner] . Emergency Admissions.dm1 [Logical Model File] . TestSystem [Logical System]
Insurance Carrier Information [Logical Entity] . ERADMIN [Logical Owner] . Emergency Admissions.dm1 [Logical Model File] . TestSystem [Logical System]
Medical Procedure Type [Logical Entity] . ERADMIN [Logical Owner] . Emergency Admissions.dm1 [Logical Model File] . TestSystem [Logical System]
Medication [Logical Entity] . ERADMIN [Logical Owner] . Emergency Admissions.dm1 [Logical Model File] . TestSystem [Logical System]
Medication Dispensation Method [Logical Entity] . ERADMIN [Logical Owner] . Emergency Admissions.dm1 [Logical Model File] . TestSystem [Logical System]
Nurse [Logical Entity] . ERADMIN [Logical Owner] . Emergency Admissions.dm1 [Logical Model File] . TestSystem [Logical System]
Nurse Admission Information [Logical Entity] . ERADMIN [Logical Owner] . Emergency Admissions.dm1 [Logical Model File] . TestSystem [Logical System]
Nurse Procedure [Logical Entity] . ERADMIN [Logical Owner] . Emergency Admissions.dm1 [Logical Model File] . TestSystem [Logical System]
Patient [Logical Entity] . ERADMIN [Logical Owner] . Emergency Admissions.dm1 [Logical Model File] . TestSystem [Logical System]
Patient Admission Information [Logical Entity] . ERADMIN [Logical Owner] . Emergency Admissions.dm1 [Logical Model File] . TestSystem [Logical System]
Patient Insurance Information [Logical Entity] . ERADMIN [Logical Owner] . Emergency Admissions.dm1 [Logical Model File] . TestSystem [Logical System]
Patient Procedure [Logical Entity] . ERADMIN [Logical Owner] . Emergency Admissions.dm1 [Logical Model File] . TestSystem [Logical System]
Emergency Admissions.dm1 [Logical Model File] . TestSystem [Logical System]
ERADMIN [Logical Owner] . Emergency Admissions.dm1 [Logical Model File] . TestSystem [Logical System]
TestSystem [Logical System]
Nodes: 94, edges: 0
