Action [Logical Attribute] . Client Fact [Logical Entity] . GIMDW [Logical Owner] . GIMDB.DM1 [Logical Model File] . TestSystem [Logical System]
Action [Logical Attribute] . Client Transaction [Logical Entity] . GIM [Logical Owner] . GIMDB.DM1 [Logical Model File] . TestSystem [Logical System]
Broker Commission [Logical Attribute] . Client Fact [Logical Entity] . GIMDW [Logical Owner] . GIMDB.DM1 [Logical Model File] . TestSystem [Logical System]
Broker Commission [Logical Attribute] . Client Transaction [Logical Entity] . GIM [Logical Owner] . GIMDB.DM1 [Logical Model File] . TestSystem [Logical System]
Broker First Name [Logical Attribute] . Broker [Logical Entity] . GIM [Logical Owner] . GIMDB.DM1 [Logical Model File] . TestSystem [Logical System]
Broker Id [Logical Attribute] . Broker [Logical Entity] . GIM [Logical Owner] . GIMDB.DM1 [Logical Model File] . TestSystem [Logical System]
Broker Id [Logical Attribute] . Broker Dim [Logical Entity] . GIMDW [Logical Owner] . GIMDB.DM1 [Logical Model File] . TestSystem [Logical System]
Broker Id [Logical Attribute] . Client [Logical Entity] . GIM [Logical Owner] . GIMDB.DM1 [Logical Model File] . TestSystem [Logical System]
Broker Id [Logical Attribute] . Client Fact [Logical Entity] . GIMDW [Logical Owner] . GIMDB.DM1 [Logical Model File] . TestSystem [Logical System]
Broker Id [Logical Attribute] . Client Transaction [Logical Entity] . GIM [Logical Owner] . GIMDB.DM1 [Logical Model File] . TestSystem [Logical System]
Broker Last Name [Logical Attribute] . Broker [Logical Entity] . GIM [Logical Owner] . GIMDB.DM1 [Logical Model File] . TestSystem [Logical System]
Broker Middle Initial [Logical Attribute] . Broker [Logical Entity] . GIM [Logical Owner] . GIMDB.DM1 [Logical Model File] . TestSystem [Logical System]
Broker Name [Logical Attribute] . Broker Dim [Logical Entity] . GIMDW [Logical Owner] . GIMDB.DM1 [Logical Model File] . TestSystem [Logical System]
City [Logical Attribute] . Region Dimension [Logical Entity] . GIMDW [Logical Owner] . GIMDB.DM1 [Logical Model File] . TestSystem [Logical System]
Client City [Logical Attribute] . Client [Logical Entity] . GIM [Logical Owner] . GIMDB.DM1 [Logical Model File] . TestSystem [Logical System]
Client City [Logical Attribute] . Client Fact [Logical Entity] . GIMDW [Logical Owner] . GIMDB.DM1 [Logical Model File] . TestSystem [Logical System]
Client Country [Logical Attribute] . Client [Logical Entity] . GIM [Logical Owner] . GIMDB.DM1 [Logical Model File] . TestSystem [Logical System]
Client Country [Logical Attribute] . Client Fact [Logical Entity] . GIMDW [Logical Owner] . GIMDB.DM1 [Logical Model File] . TestSystem [Logical System]
Client First Name [Logical Attribute] . Client [Logical Entity] . GIM [Logical Owner] . GIMDB.DM1 [Logical Model File] . TestSystem [Logical System]
Client First Name [Logical Attribute] . Client Fact [Logical Entity] . GIMDW [Logical Owner] . GIMDB.DM1 [Logical Model File] . TestSystem [Logical System]
Client Gender [Logical Attribute] . Client [Logical Entity] . GIM [Logical Owner] . GIMDB.DM1 [Logical Model File] . TestSystem [Logical System]
Client Gender [Logical Attribute] . Client Fact [Logical Entity] . GIMDW [Logical Owner] . GIMDB.DM1 [Logical Model File] . TestSystem [Logical System]
Client Household Income [Logical Attribute] . Client [Logical Entity] . GIM [Logical Owner] . GIMDB.DM1 [Logical Model File] . TestSystem [Logical System]
Client Household Income [Logical Attribute] . Client Fact [Logical Entity] . GIMDW [Logical Owner] . GIMDB.DM1 [Logical Model File] . TestSystem [Logical System]
Client Id [Logical Attribute] . Client [Logical Entity] . GIM [Logical Owner] . GIMDB.DM1 [Logical Model File] . TestSystem [Logical System]
Client Id [Logical Attribute] . Client Fact [Logical Entity] . GIMDW [Logical Owner] . GIMDB.DM1 [Logical Model File] . TestSystem [Logical System]
Client Id [Logical Attribute] . Client Transaction [Logical Entity] . GIM [Logical Owner] . GIMDB.DM1 [Logical Model File] . TestSystem [Logical System]
Client Last Name [Logical Attribute] . Client [Logical Entity] . GIM [Logical Owner] . GIMDB.DM1 [Logical Model File] . TestSystem [Logical System]
Client Last Name [Logical Attribute] . Client Fact [Logical Entity] . GIMDW [Logical Owner] . GIMDB.DM1 [Logical Model File] . TestSystem [Logical System]
Client Marital Status [Logical Attribute] . Client [Logical Entity] . GIM [Logical Owner] . GIMDB.DM1 [Logical Model File] . TestSystem [Logical System]
Client Marital Status [Logical Attribute] . Client Fact [Logical Entity] . GIMDW [Logical Owner] . GIMDB.DM1 [Logical Model File] . TestSystem [Logical System]
Client Phone Number [Logical Attribute] . Client [Logical Entity] . GIM [Logical Owner] . GIMDB.DM1 [Logical Model File] . TestSystem [Logical System]
Client Phone Number [Logical Attribute] . Client Fact [Logical Entity] . GIMDW [Logical Owner] . GIMDB.DM1 [Logical Model File] . TestSystem [Logical System]
Client Postal Code [Logical Attribute] . Client [Logical Entity] . GIM [Logical Owner] . GIMDB.DM1 [Logical Model File] . TestSystem [Logical System]
Client Postal Code [Logical Attribute] . Client Fact [Logical Entity] . GIMDW [Logical Owner] . GIMDB.DM1 [Logical Model File] . TestSystem [Logical System]
Client State Province [Logical Attribute] . Client [Logical Entity] . GIM [Logical Owner] . GIMDB.DM1 [Logical Model File] . TestSystem [Logical System]
Client State Province [Logical Attribute] . Client Fact [Logical Entity] . GIMDW [Logical Owner] . GIMDB.DM1 [Logical Model File] . TestSystem [Logical System]
Client Street Address [Logical Attribute] . Client [Logical Entity] . GIM [Logical Owner] . GIMDB.DM1 [Logical Model File] . TestSystem [Logical System]
Client Street Address [Logical Attribute] . Client Fact [Logical Entity] . GIMDW [Logical Owner] . GIMDB.DM1 [Logical Model File] . TestSystem [Logical System]
Client Transaction Id [Logical Attribute] . Client Transaction [Logical Entity] . GIM [Logical Owner] . GIMDB.DM1 [Logical Model File] . TestSystem [Logical System]
Client Year Of Birth [Logical Attribute] . Client [Logical Entity] . GIM [Logical Owner] . GIMDB.DM1 [Logical Model File] . TestSystem [Logical System]
Client Year Of Birth [Logical Attribute] . Client Fact [Logical Entity] . GIMDW [Logical Owner] . GIMDB.DM1 [Logical Model File] . TestSystem [Logical System]
Demographic_code [Logical Attribute] . Region Dimension [Logical Entity] . GIMDW [Logical Owner] . GIMDB.DM1 [Logical Model File] . TestSystem [Logical System]
Description [Logical Attribute] . Client Fact [Logical Entity] . GIMDW [Logical Owner] . GIMDB.DM1 [Logical Model File] . TestSystem [Logical System]
Description [Logical Attribute] . Client Transaction [Logical Entity] . GIM [Logical Owner] . GIMDB.DM1 [Logical Model File] . TestSystem [Logical System]
Investment Duration [Logical Attribute] . Investment [Logical Entity] . GIM [Logical Owner] . GIMDB.DM1 [Logical Model File] . TestSystem [Logical System]
Investment Duration [Logical Attribute] . Investment Dim [Logical Entity] . GIMDW [Logical Owner] . GIMDB.DM1 [Logical Model File] . TestSystem [Logical System]
Investment Id [Logical Attribute] . Client Fact [Logical Entity] . GIMDW [Logical Owner] . GIMDB.DM1 [Logical Model File] . TestSystem [Logical System]
Investment Id [Logical Attribute] . Client Transaction [Logical Entity] . GIM [Logical Owner] . GIMDB.DM1 [Logical Model File] . TestSystem [Logical System]
Investment Id [Logical Attribute] . Investment [Logical Entity] . GIM [Logical Owner] . GIMDB.DM1 [Logical Model File] . TestSystem [Logical System]
Investment Id [Logical Attribute] . Investment Dim [Logical Entity] . GIMDW [Logical Owner] . GIMDB.DM1 [Logical Model File] . TestSystem [Logical System]
Investment Name [Logical Attribute] . Investment [Logical Entity] . GIM [Logical Owner] . GIMDB.DM1 [Logical Model File] . TestSystem [Logical System]
Investment Name [Logical Attribute] . Investment Dim [Logical Entity] . GIMDW [Logical Owner] . GIMDB.DM1 [Logical Model File] . TestSystem [Logical System]
Investment Type Id [Logical Attribute] . Investment [Logical Entity] . GIM [Logical Owner] . GIMDB.DM1 [Logical Model File] . TestSystem [Logical System]
Investment Type Id [Logical Attribute] . Investment Type [Logical Entity] . GIM [Logical Owner] . GIMDB.DM1 [Logical Model File] . TestSystem [Logical System]
Investment Type Name [Logical Attribute] . Investment Type [Logical Entity] . GIM [Logical Owner] . GIMDB.DM1 [Logical Model File] . TestSystem [Logical System]
Investment Unit [Logical Attribute] . Investment [Logical Entity] . GIM [Logical Owner] . GIMDB.DM1 [Logical Model File] . TestSystem [Logical System]
Investment Unit [Logical Attribute] . Investment Dim [Logical Entity] . GIMDW [Logical Owner] . GIMDB.DM1 [Logical Model File] . TestSystem [Logical System]
Investment Vendor [Logical Attribute] . Investment [Logical Entity] . GIM [Logical Owner] . GIMDB.DM1 [Logical Model File] . TestSystem [Logical System]
Investment Vendor [Logical Attribute] . Investment Dim [Logical Entity] . GIMDW [Logical Owner] . GIMDB.DM1 [Logical Model File] . TestSystem [Logical System]
Number Of Units [Logical Attribute] . Client Fact [Logical Entity] . GIMDW [Logical Owner] . GIMDB.DM1 [Logical Model File] . TestSystem [Logical System]
Number Of Units [Logical Attribute] . Client Transaction [Logical Entity] . GIM [Logical Owner] . GIMDB.DM1 [Logical Model File] . TestSystem [Logical System]
Office Address [Logical Attribute] . Office Location [Logical Entity] . GIM [Logical Owner] . GIMDB.DM1 [Logical Model File] . TestSystem [Logical System]
Office City [Logical Attribute] . Office Location [Logical Entity] . GIM [Logical Owner] . GIMDB.DM1 [Logical Model File] . TestSystem [Logical System]
Office Country [Logical Attribute] . Office Location [Logical Entity] . GIM [Logical Owner] . GIMDB.DM1 [Logical Model File] . TestSystem [Logical System]
Office Location Id [Logical Attribute] . Broker [Logical Entity] . GIM [Logical Owner] . GIMDB.DM1 [Logical Model File] . TestSystem [Logical System]
Office Location Id [Logical Attribute] . Office Location [Logical Entity] . GIM [Logical Owner] . GIMDB.DM1 [Logical Model File] . TestSystem [Logical System]
Office Name [Logical Attribute] . Office Location [Logical Entity] . GIM [Logical Owner] . GIMDB.DM1 [Logical Model File] . TestSystem [Logical System]
Office Postal Code [Logical Attribute] . Office Location [Logical Entity] . GIM [Logical Owner] . GIMDB.DM1 [Logical Model File] . TestSystem [Logical System]
Office State Province [Logical Attribute] . Office Location [Logical Entity] . GIM [Logical Owner] . GIMDB.DM1 [Logical Model File] . TestSystem [Logical System]
Price [Logical Attribute] . Client Fact [Logical Entity] . GIMDW [Logical Owner] . GIMDB.DM1 [Logical Model File] . TestSystem [Logical System]
Price [Logical Attribute] . Client Transaction [Logical Entity] . GIM [Logical Owner] . GIMDB.DM1 [Logical Model File] . TestSystem [Logical System]
Region_id [Logical Attribute] . Client Fact [Logical Entity] . GIMDW [Logical Owner] . GIMDB.DM1 [Logical Model File] . TestSystem [Logical System]
Region_id [Logical Attribute] . Region Dimension [Logical Entity] . GIMDW [Logical Owner] . GIMDB.DM1 [Logical Model File] . TestSystem [Logical System]
State_code [Logical Attribute] . Region Dimension [Logical Entity] . GIMDW [Logical Owner] . GIMDB.DM1 [Logical Model File] . TestSystem [Logical System]
Transaction Comp Timestamp [Logical Attribute] . Client Fact [Logical Entity] . GIMDW [Logical Owner] . GIMDB.DM1 [Logical Model File] . TestSystem [Logical System]
Transaction Comp Timestamp [Logical Attribute] . Client Transaction [Logical Entity] . GIM [Logical Owner] . GIMDB.DM1 [Logical Model File] . TestSystem [Logical System]
Transaction Status [Logical Attribute] . Client Fact [Logical Entity] . GIMDW [Logical Owner] . GIMDB.DM1 [Logical Model File] . TestSystem [Logical System]
Transaction Status [Logical Attribute] . Client Transaction [Logical Entity] . GIM [Logical Owner] . GIMDB.DM1 [Logical Model File] . TestSystem [Logical System]
Transaction Sub Timestamp [Logical Attribute] . Client Fact [Logical Entity] . GIMDW [Logical Owner] . GIMDB.DM1 [Logical Model File] . TestSystem [Logical System]
Transaction Sub Timestamp [Logical Attribute] . Client Transaction [Logical Entity] . GIM [Logical Owner] . GIMDB.DM1 [Logical Model File] . TestSystem [Logical System]
Years With Firm [Logical Attribute] . Broker [Logical Entity] . GIM [Logical Owner] . GIMDB.DM1 [Logical Model File] . TestSystem [Logical System]
Years With Firm [Logical Attribute] . Broker Dim [Logical Entity] . GIMDW [Logical Owner] . GIMDB.DM1 [Logical Model File] . TestSystem [Logical System]
Zip_code [Logical Attribute] . Region Dimension [Logical Entity] . GIMDW [Logical Owner] . GIMDB.DM1 [Logical Model File] . TestSystem [Logical System]
Broker [Logical Entity] . GIM [Logical Owner] . GIMDB.DM1 [Logical Model File] . TestSystem [Logical System]
Broker Dim [Logical Entity] . GIMDW [Logical Owner] . GIMDB.DM1 [Logical Model File] . TestSystem [Logical System]
Client [Logical Entity] . GIM [Logical Owner] . GIMDB.DM1 [Logical Model File] . TestSystem [Logical System]
Client Fact [Logical Entity] . GIMDW [Logical Owner] . GIMDB.DM1 [Logical Model File] . TestSystem [Logical System]
Client Transaction [Logical Entity] . GIM [Logical Owner] . GIMDB.DM1 [Logical Model File] . TestSystem [Logical System]
Investment [Logical Entity] . GIM [Logical Owner] . GIMDB.DM1 [Logical Model File] . TestSystem [Logical System]
Investment Dim [Logical Entity] . GIMDW [Logical Owner] . GIMDB.DM1 [Logical Model File] . TestSystem [Logical System]
Investment Type [Logical Entity] . GIM [Logical Owner] . GIMDB.DM1 [Logical Model File] . TestSystem [Logical System]
Office Location [Logical Entity] . GIM [Logical Owner] . GIMDB.DM1 [Logical Model File] . TestSystem [Logical System]
Region Dimension [Logical Entity] . GIMDW [Logical Owner] . GIMDB.DM1 [Logical Model File] . TestSystem [Logical System]
GIMDB.DM1 [Logical Model File] . TestSystem [Logical System]
GIM [Logical Owner] . GIMDB.DM1 [Logical Model File] . TestSystem [Logical System]
GIMDW [Logical Owner] . GIMDB.DM1 [Logical Model File] . TestSystem [Logical System]
TestSystem [Logical System]
Nodes: 98, edges: 0
