Address [Logical Attribute] . Customers [Logical Entity] . dbo [Logical Owner] . Northwind.dm1 [Logical Model File] . TestSystem [Logical System]
Address [Logical Attribute] . Employees [Logical Entity] . dbo [Logical Owner] . Northwind.dm1 [Logical Model File] . TestSystem [Logical System]
Address [Logical Attribute] . Suppliers [Logical Entity] . dbo [Logical Owner] . Northwind.dm1 [Logical Model File] . TestSystem [Logical System]
BirthDate [Logical Attribute] . Employees [Logical Entity] . dbo [Logical Owner] . Northwind.dm1 [Logical Model File] . TestSystem [Logical System]
CategoryID [Logical Attribute] . Categories [Logical Entity] . dbo [Logical Owner] . Northwind.dm1 [Logical Model File] . TestSystem [Logical System]
CategoryID [Logical Attribute] . Products [Logical Entity] . dbo [Logical Owner] . Northwind.dm1 [Logical Model File] . TestSystem [Logical System]
CategoryName [Logical Attribute] . Categories [Logical Entity] . dbo [Logical Owner] . Northwind.dm1 [Logical Model File] . TestSystem [Logical System]
City [Logical Attribute] . Customers [Logical Entity] . dbo [Logical Owner] . Northwind.dm1 [Logical Model File] . TestSystem [Logical System]
City [Logical Attribute] . Employees [Logical Entity] . dbo [Logical Owner] . Northwind.dm1 [Logical Model File] . TestSystem [Logical System]
City [Logical Attribute] . Suppliers [Logical Entity] . dbo [Logical Owner] . Northwind.dm1 [Logical Model File] . TestSystem [Logical System]
CompanyName [Logical Attribute] . Customers [Logical Entity] . dbo [Logical Owner] . Northwind.dm1 [Logical Model File] . TestSystem [Logical System]
CompanyName [Logical Attribute] . Shippers [Logical Entity] . dbo [Logical Owner] . Northwind.dm1 [Logical Model File] . TestSystem [Logical System]
CompanyName [Logical Attribute] . Suppliers [Logical Entity] . dbo [Logical Owner] . Northwind.dm1 [Logical Model File] . TestSystem [Logical System]
ContactName [Logical Attribute] . Customers [Logical Entity] . dbo [Logical Owner] . Northwind.dm1 [Logical Model File] . TestSystem [Logical System]
ContactName [Logical Attribute] . Suppliers [Logical Entity] . dbo [Logical Owner] . Northwind.dm1 [Logical Model File] . TestSystem [Logical System]
ContactTitle [Logical Attribute] . Customers [Logical Entity] . dbo [Logical Owner] . Northwind.dm1 [Logical Model File] . TestSystem [Logical System]
ContactTitle [Logical Attribute] . Suppliers [Logical Entity] . dbo [Logical Owner] . Northwind.dm1 [Logical Model File] . TestSystem [Logical System]
Country [Logical Attribute] . Customers [Logical Entity] . dbo [Logical Owner] . Northwind.dm1 [Logical Model File] . TestSystem [Logical System]
Country [Logical Attribute] . Employees [Logical Entity] . dbo [Logical Owner] . Northwind.dm1 [Logical Model File] . TestSystem [Logical System]
Country [Logical Attribute] . Suppliers [Logical Entity] . dbo [Logical Owner] . Northwind.dm1 [Logical Model File] . TestSystem [Logical System]
CustomerDesc [Logical Attribute] . CustomerDemographics [Logical Entity] . dbo [Logical Owner] . Northwind.dm1 [Logical Model File] . TestSystem [Logical System]
CustomerID [Logical Attribute] . CustomerCustomerDemo [Logical Entity] . dbo [Logical Owner] . Northwind.dm1 [Logical Model File] . TestSystem [Logical System]
CustomerID [Logical Attribute] . Customers [Logical Entity] . dbo [Logical Owner] . Northwind.dm1 [Logical Model File] . TestSystem [Logical System]
CustomerID [Logical Attribute] . Orders [Logical Entity] . dbo [Logical Owner] . Northwind.dm1 [Logical Model File] . TestSystem [Logical System]
CustomerTypeID [Logical Attribute] . CustomerCustomerDemo [Logical Entity] . dbo [Logical Owner] . Northwind.dm1 [Logical Model File] . TestSystem [Logical System]
CustomerTypeID [Logical Attribute] . CustomerDemographics [Logical Entity] . dbo [Logical Owner] . Northwind.dm1 [Logical Model File] . TestSystem [Logical System]
Description [Logical Attribute] . Categories [Logical Entity] . dbo [Logical Owner] . Northwind.dm1 [Logical Model File] . TestSystem [Logical System]
Discontinued [Logical Attribute] . Products [Logical Entity] . dbo [Logical Owner] . Northwind.dm1 [Logical Model File] . TestSystem [Logical System]
Discount [Logical Attribute] . Order Details [Logical Entity] . dbo [Logical Owner] . Northwind.dm1 [Logical Model File] . TestSystem [Logical System]
EmployeeID [Logical Attribute] . EmployeeTerritories [Logical Entity] . dbo [Logical Owner] . Northwind.dm1 [Logical Model File] . TestSystem [Logical System]
EmployeeID [Logical Attribute] . Employees [Logical Entity] . dbo [Logical Owner] . Northwind.dm1 [Logical Model File] . TestSystem [Logical System]
EmployeeID [Logical Attribute] . Orders [Logical Entity] . dbo [Logical Owner] . Northwind.dm1 [Logical Model File] . TestSystem [Logical System]
Extension [Logical Attribute] . Employees [Logical Entity] . dbo [Logical Owner] . Northwind.dm1 [Logical Model File] . TestSystem [Logical System]
Fax [Logical Attribute] . Customers [Logical Entity] . dbo [Logical Owner] . Northwind.dm1 [Logical Model File] . TestSystem [Logical System]
Fax [Logical Attribute] . Suppliers [Logical Entity] . dbo [Logical Owner] . Northwind.dm1 [Logical Model File] . TestSystem [Logical System]
FirstName [Logical Attribute] . Employees [Logical Entity] . dbo [Logical Owner] . Northwind.dm1 [Logical Model File] . TestSystem [Logical System]
Freight [Logical Attribute] . Orders [Logical Entity] . dbo [Logical Owner] . Northwind.dm1 [Logical Model File] . TestSystem [Logical System]
HireDate [Logical Attribute] . Employees [Logical Entity] . dbo [Logical Owner] . Northwind.dm1 [Logical Model File] . TestSystem [Logical System]
HomePage [Logical Attribute] . Suppliers [Logical Entity] . dbo [Logical Owner] . Northwind.dm1 [Logical Model File] . TestSystem [Logical System]
HomePhone [Logical Attribute] . Employees [Logical Entity] . dbo [Logical Owner] . Northwind.dm1 [Logical Model File] . TestSystem [Logical System]
LastName [Logical Attribute] . Employees [Logical Entity] . dbo [Logical Owner] . Northwind.dm1 [Logical Model File] . TestSystem [Logical System]
Notes [Logical Attribute] . Employees [Logical Entity] . dbo [Logical Owner] . Northwind.dm1 [Logical Model File] . TestSystem [Logical System]
OrderDate [Logical Attribute] . Orders [Logical Entity] . dbo [Logical Owner] . Northwind.dm1 [Logical Model File] . TestSystem [Logical System]
OrderID [Logical Attribute] . Order Details [Logical Entity] . dbo [Logical Owner] . Northwind.dm1 [Logical Model File] . TestSystem [Logical System]
OrderID [Logical Attribute] . Orders [Logical Entity] . dbo [Logical Owner] . Northwind.dm1 [Logical Model File] . TestSystem [Logical System]
Phone [Logical Attribute] . Customers [Logical Entity] . dbo [Logical Owner] . Northwind.dm1 [Logical Model File] . TestSystem [Logical System]
Phone [Logical Attribute] . Shippers [Logical Entity] . dbo [Logical Owner] . Northwind.dm1 [Logical Model File] . TestSystem [Logical System]
Phone [Logical Attribute] . Suppliers [Logical Entity] . dbo [Logical Owner] . Northwind.dm1 [Logical Model File] . TestSystem [Logical System]
Photo [Logical Attribute] . Employees [Logical Entity] . dbo [Logical Owner] . Northwind.dm1 [Logical Model File] . TestSystem [Logical System]
PhotoPath [Logical Attribute] . Employees [Logical Entity] . dbo [Logical Owner] . Northwind.dm1 [Logical Model File] . TestSystem [Logical System]
Picture [Logical Attribute] . Categories [Logical Entity] . dbo [Logical Owner] . Northwind.dm1 [Logical Model File] . TestSystem [Logical System]
PostalCode [Logical Attribute] . Customers [Logical Entity] . dbo [Logical Owner] . Northwind.dm1 [Logical Model File] . TestSystem [Logical System]
PostalCode [Logical Attribute] . Employees [Logical Entity] . dbo [Logical Owner] . Northwind.dm1 [Logical Model File] . TestSystem [Logical System]
PostalCode [Logical Attribute] . Suppliers [Logical Entity] . dbo [Logical Owner] . Northwind.dm1 [Logical Model File] . TestSystem [Logical System]
ProductID [Logical Attribute] . Order Details [Logical Entity] . dbo [Logical Owner] . Northwind.dm1 [Logical Model File] . TestSystem [Logical System]
ProductID [Logical Attribute] . Products [Logical Entity] . dbo [Logical Owner] . Northwind.dm1 [Logical Model File] . TestSystem [Logical System]
ProductName [Logical Attribute] . Products [Logical Entity] . dbo [Logical Owner] . Northwind.dm1 [Logical Model File] . TestSystem [Logical System]
Quantity [Logical Attribute] . Order Details [Logical Entity] . dbo [Logical Owner] . Northwind.dm1 [Logical Model File] . TestSystem [Logical System]
QuantityPerUnit [Logical Attribute] . Products [Logical Entity] . dbo [Logical Owner] . Northwind.dm1 [Logical Model File] . TestSystem [Logical System]
Region [Logical Attribute] . Customers [Logical Entity] . dbo [Logical Owner] . Northwind.dm1 [Logical Model File] . TestSystem [Logical System]
Region [Logical Attribute] . Employees [Logical Entity] . dbo [Logical Owner] . Northwind.dm1 [Logical Model File] . TestSystem [Logical System]
Region [Logical Attribute] . Suppliers [Logical Entity] . dbo [Logical Owner] . Northwind.dm1 [Logical Model File] . TestSystem [Logical System]
RegionDescription [Logical Attribute] . Region [Logical Entity] . dbo [Logical Owner] . Northwind.dm1 [Logical Model File] . TestSystem [Logical System]
RegionID [Logical Attribute] . Region [Logical Entity] . dbo [Logical Owner] . Northwind.dm1 [Logical Model File] . TestSystem [Logical System]
RegionID [Logical Attribute] . Territories [Logical Entity] . dbo [Logical Owner] . Northwind.dm1 [Logical Model File] . TestSystem [Logical System]
ReorderLevel [Logical Attribute] . Products [Logical Entity] . dbo [Logical Owner] . Northwind.dm1 [Logical Model File] . TestSystem [Logical System]
RequiredDate [Logical Attribute] . Orders [Logical Entity] . dbo [Logical Owner] . Northwind.dm1 [Logical Model File] . TestSystem [Logical System]
ShipAddress [Logical Attribute] . Orders [Logical Entity] . dbo [Logical Owner] . Northwind.dm1 [Logical Model File] . TestSystem [Logical System]
ShipCity [Logical Attribute] . Orders [Logical Entity] . dbo [Logical Owner] . Northwind.dm1 [Logical Model File] . TestSystem [Logical System]
ShipCountry [Logical Attribute] . Orders [Logical Entity] . dbo [Logical Owner] . Northwind.dm1 [Logical Model File] . TestSystem [Logical System]
ShipName [Logical Attribute] . Orders [Logical Entity] . dbo [Logical Owner] . Northwind.dm1 [Logical Model File] . TestSystem [Logical System]
ShipPostalCode [Logical Attribute] . Orders [Logical Entity] . dbo [Logical Owner] . Northwind.dm1 [Logical Model File] . TestSystem [Logical System]
ShipRegion [Logical Attribute] . Orders [Logical Entity] . dbo [Logical Owner] . Northwind.dm1 [Logical Model File] . TestSystem [Logical System]
ShippedDate [Logical Attribute] . Orders [Logical Entity] . dbo [Logical Owner] . Northwind.dm1 [Logical Model File] . TestSystem [Logical System]
ShipperID [Logical Attribute] . Orders [Logical Entity] . dbo [Logical Owner] . Northwind.dm1 [Logical Model File] . TestSystem [Logical System]
ShipperID [Logical Attribute] . Shippers [Logical Entity] . dbo [Logical Owner] . Northwind.dm1 [Logical Model File] . TestSystem [Logical System]
SupplierID [Logical Attribute] . Products [Logical Entity] . dbo [Logical Owner] . Northwind.dm1 [Logical Model File] . TestSystem [Logical System]
SupplierID [Logical Attribute] . Suppliers [Logical Entity] . dbo [Logical Owner] . Northwind.dm1 [Logical Model File] . TestSystem [Logical System]
TerritoryDescription [Logical Attribute] . Territories [Logical Entity] . dbo [Logical Owner] . Northwind.dm1 [Logical Model File] . TestSystem [Logical System]
TerritoryID [Logical Attribute] . EmployeeTerritories [Logical Entity] . dbo [Logical Owner] . Northwind.dm1 [Logical Model File] . TestSystem [Logical System]
TerritoryID [Logical Attribute] . Territories [Logical Entity] . dbo [Logical Owner] . Northwind.dm1 [Logical Model File] . TestSystem [Logical System]
Title [Logical Attribute] . Employees [Logical Entity] . dbo [Logical Owner] . Northwind.dm1 [Logical Model File] . TestSystem [Logical System]
TitleOfCourtesy [Logical Attribute] . Employees [Logical Entity] . dbo [Logical Owner] . Northwind.dm1 [Logical Model File] . TestSystem [Logical System]
UnitPrice [Logical Attribute] . Order Details [Logical Entity] . dbo [Logical Owner] . Northwind.dm1 [Logical Model File] . TestSystem [Logical System]
UnitPrice [Logical Attribute] . Products [Logical Entity] . dbo [Logical Owner] . Northwind.dm1 [Logical Model File] . TestSystem [Logical System]
UnitsInStock [Logical Attribute] . Products [Logical Entity] . dbo [Logical Owner] . Northwind.dm1 [Logical Model File] . TestSystem [Logical System]
UnitsOnOrder [Logical Attribute] . Products [Logical Entity] . dbo [Logical Owner] . Northwind.dm1 [Logical Model File] . TestSystem [Logical System]
Categories [Logical Entity] . dbo [Logical Owner] . Northwind.dm1 [Logical Model File] . TestSystem [Logical System]
CustomerCustomerDemo [Logical Entity] . dbo [Logical Owner] . Northwind.dm1 [Logical Model File] . TestSystem [Logical System]
CustomerDemographics [Logical Entity] . dbo [Logical Owner] . Northwind.dm1 [Logical Model File] . TestSystem [Logical System]
Customers [Logical Entity] . dbo [Logical Owner] . Northwind.dm1 [Logical Model File] . TestSystem [Logical System]
EmployeeTerritories [Logical Entity] . dbo [Logical Owner] . Northwind.dm1 [Logical Model File] . TestSystem [Logical System]
Employees [Logical Entity] . dbo [Logical Owner] . Northwind.dm1 [Logical Model File] . TestSystem [Logical System]
Order Details [Logical Entity] . dbo [Logical Owner] . Northwind.dm1 [Logical Model File] . TestSystem [Logical System]
Orders [Logical Entity] . dbo [Logical Owner] . Northwind.dm1 [Logical Model File] . TestSystem [Logical System]
Products [Logical Entity] . dbo [Logical Owner] . Northwind.dm1 [Logical Model File] . TestSystem [Logical System]
Region [Logical Entity] . dbo [Logical Owner] . Northwind.dm1 [Logical Model File] . TestSystem [Logical System]
Shippers [Logical Entity] . dbo [Logical Owner] . Northwind.dm1 [Logical Model File] . TestSystem [Logical System]
Suppliers [Logical Entity] . dbo [Logical Owner] . Northwind.dm1 [Logical Model File] . TestSystem [Logical System]
Territories [Logical Entity] . dbo [Logical Owner] . Northwind.dm1 [Logical Model File] . TestSystem [Logical System]
Northwind.dm1 [Logical Model File] . TestSystem [Logical System]
dbo [Logical Owner] . Northwind.dm1 [Logical Model File] . TestSystem [Logical System]
TestSystem [Logical System]
Nodes: 103, edges: 0
