Active_Ingredient_ID [Logical Attribute] . Active_Ingredient [Logical Entity] . dbo [Logical Owner] . OrangeMart.dm1 [Logical Model File] . TestSystem [Logical System]
Active_Ingredient_ID [Logical Attribute] . Approved_Product [Logical Entity] . dbo [Logical Owner] . OrangeMart.dm1 [Logical Model File] . TestSystem [Logical System]
Active_Ingredients [Logical Attribute] . Active_Ingredient [Logical Entity] . dbo [Logical Owner] . OrangeMart.dm1 [Logical Model File] . TestSystem [Logical System]
Active_Ingredients [Logical Attribute] . Approval [Logical Entity] . dbo [Logical Owner] . OrangeMart.dm1 [Logical Model File] . TestSystem [Logical System]
Active_Ingredients [Logical Attribute] . Competitor [Logical Entity] . dbo [Logical Owner] . OrangeMart.dm1 [Logical Model File] . TestSystem [Logical System]
Active_Ingredients [Logical Attribute] . Molecule [Logical Entity] . dbo [Logical Owner] . OrangeMart.dm1 [Logical Model File] . TestSystem [Logical System]
Active_Ingredients [Logical Attribute] . Strength [Logical Entity] . dbo [Logical Owner] . OrangeMart.dm1 [Logical Model File] . TestSystem [Logical System]
Applicant [Logical Attribute] . Applicant [Logical Entity] . dbo [Logical Owner] . OrangeMart.dm1 [Logical Model File] . TestSystem [Logical System]
Applicant [Logical Attribute] . Approval [Logical Entity] . dbo [Logical Owner] . OrangeMart.dm1 [Logical Model File] . TestSystem [Logical System]
Applicant [Logical Attribute] . Competitor [Logical Entity] . dbo [Logical Owner] . OrangeMart.dm1 [Logical Model File] . TestSystem [Logical System]
Applicant_Full_Name [Logical Attribute] . Applicant_Full_Name [Logical Entity] . dbo [Logical Owner] . OrangeMart.dm1 [Logical Model File] . TestSystem [Logical System]
Applicant_Full_Name [Logical Attribute] . Approval [Logical Entity] . dbo [Logical Owner] . OrangeMart.dm1 [Logical Model File] . TestSystem [Logical System]
Applicant_Full_Name_ID [Logical Attribute] . Applicant_Full_Name [Logical Entity] . dbo [Logical Owner] . OrangeMart.dm1 [Logical Model File] . TestSystem [Logical System]
Applicant_Full_Name_ID [Logical Attribute] . Approved_Product [Logical Entity] . dbo [Logical Owner] . OrangeMart.dm1 [Logical Model File] . TestSystem [Logical System]
Applicant_ID [Logical Attribute] . Applicant [Logical Entity] . dbo [Logical Owner] . OrangeMart.dm1 [Logical Model File] . TestSystem [Logical System]
Applicant_ID [Logical Attribute] . Applicant_Full_Name [Logical Entity] . dbo [Logical Owner] . OrangeMart.dm1 [Logical Model File] . TestSystem [Logical System]
Applicant_ID [Logical Attribute] . Approved_Product [Logical Entity] . dbo [Logical Owner] . OrangeMart.dm1 [Logical Model File] . TestSystem [Logical System]
Application_Nbr [Logical Attribute] . Application_Nbr [Logical Entity] . dbo [Logical Owner] . OrangeMart.dm1 [Logical Model File] . TestSystem [Logical System]
Application_Nbr [Logical Attribute] . Approval [Logical Entity] . dbo [Logical Owner] . OrangeMart.dm1 [Logical Model File] . TestSystem [Logical System]
Application_Nbr [Logical Attribute] . Exclusivity_Status [Logical Entity] . dbo [Logical Owner] . OrangeMart.dm1 [Logical Model File] . TestSystem [Logical System]
Application_Nbr [Logical Attribute] . Patent_Status [Logical Entity] . dbo [Logical Owner] . OrangeMart.dm1 [Logical Model File] . TestSystem [Logical System]
Application_Nbr_ID [Logical Attribute] . Application_Nbr [Logical Entity] . dbo [Logical Owner] . OrangeMart.dm1 [Logical Model File] . TestSystem [Logical System]
Application_Nbr_ID [Logical Attribute] . Approved_Product [Logical Entity] . dbo [Logical Owner] . OrangeMart.dm1 [Logical Model File] . TestSystem [Logical System]
Approval_Date [Logical Attribute] . Approval [Logical Entity] . dbo [Logical Owner] . OrangeMart.dm1 [Logical Model File] . TestSystem [Logical System]
Approval_Date [Logical Attribute] . Approved_Product [Logical Entity] . dbo [Logical Owner] . OrangeMart.dm1 [Logical Model File] . TestSystem [Logical System]
Approval_ID [Logical Attribute] . Approval [Logical Entity] . dbo [Logical Owner] . OrangeMart.dm1 [Logical Model File] . TestSystem [Logical System]
Approval_ID [Logical Attribute] . Approved_Product [Logical Entity] . dbo [Logical Owner] . OrangeMart.dm1 [Logical Model File] . TestSystem [Logical System]
Approved_Product_ID [Logical Attribute] . Approved_Product [Logical Entity] . dbo [Logical Owner] . OrangeMart.dm1 [Logical Model File] . TestSystem [Logical System]
Approved_Product_ID [Logical Attribute] . Product_Exclusivity [Logical Entity] . dbo [Logical Owner] . OrangeMart.dm1 [Logical Model File] . TestSystem [Logical System]
Approved_Product_ID [Logical Attribute] . Product_Patent [Logical Entity] . dbo [Logical Owner] . OrangeMart.dm1 [Logical Model File] . TestSystem [Logical System]
Competitor_ID [Logical Attribute] . Competitor [Logical Entity] . dbo [Logical Owner] . OrangeMart.dm1 [Logical Model File] . TestSystem [Logical System]
Description [Logical Attribute] . Exclusivity_Code [Logical Entity] . dbo [Logical Owner] . OrangeMart.dm1 [Logical Model File] . TestSystem [Logical System]
Description [Logical Attribute] . Patent_Use_Code [Logical Entity] . dbo [Logical Owner] . OrangeMart.dm1 [Logical Model File] . TestSystem [Logical System]
Dosage_Form [Logical Attribute] . Approval [Logical Entity] . dbo [Logical Owner] . OrangeMart.dm1 [Logical Model File] . TestSystem [Logical System]
Dosage_Form [Logical Attribute] . Competitor [Logical Entity] . dbo [Logical Owner] . OrangeMart.dm1 [Logical Model File] . TestSystem [Logical System]
Dosage_Form [Logical Attribute] . Dosage_Form [Logical Entity] . dbo [Logical Owner] . OrangeMart.dm1 [Logical Model File] . TestSystem [Logical System]
Dosage_Form [Logical Attribute] . Molecule [Logical Entity] . dbo [Logical Owner] . OrangeMart.dm1 [Logical Model File] . TestSystem [Logical System]
Dosage_Form [Logical Attribute] . Strength [Logical Entity] . dbo [Logical Owner] . OrangeMart.dm1 [Logical Model File] . TestSystem [Logical System]
Dosage_Form_ID [Logical Attribute] . Approved_Product [Logical Entity] . dbo [Logical Owner] . OrangeMart.dm1 [Logical Model File] . TestSystem [Logical System]
Dosage_Form_ID [Logical Attribute] . Dosage_Form [Logical Entity] . dbo [Logical Owner] . OrangeMart.dm1 [Logical Model File] . TestSystem [Logical System]
Drug_Product_Flag [Logical Attribute] . Patent_Status [Logical Entity] . dbo [Logical Owner] . OrangeMart.dm1 [Logical Model File] . TestSystem [Logical System]
Drug_Substance_Flag [Logical Attribute] . Patent_Status [Logical Entity] . dbo [Logical Owner] . OrangeMart.dm1 [Logical Model File] . TestSystem [Logical System]
Exclusivity_Code [Logical Attribute] . Exclusivity_Code [Logical Entity] . dbo [Logical Owner] . OrangeMart.dm1 [Logical Model File] . TestSystem [Logical System]
Exclusivity_Code [Logical Attribute] . Exclusivity_Status [Logical Entity] . dbo [Logical Owner] . OrangeMart.dm1 [Logical Model File] . TestSystem [Logical System]
Exclusivity_Code_ID [Logical Attribute] . Exclusivity_Code [Logical Entity] . dbo [Logical Owner] . OrangeMart.dm1 [Logical Model File] . TestSystem [Logical System]
Exclusivity_Expiration [Logical Attribute] . Exclusivity_Status [Logical Entity] . dbo [Logical Owner] . OrangeMart.dm1 [Logical Model File] . TestSystem [Logical System]
Exclusivity_Expiration [Logical Attribute] . Product_Exclusivity [Logical Entity] . dbo [Logical Owner] . OrangeMart.dm1 [Logical Model File] . TestSystem [Logical System]
Exclusivity_Status_ID [Logical Attribute] . Exclusivity_Status [Logical Entity] . dbo [Logical Owner] . OrangeMart.dm1 [Logical Model File] . TestSystem [Logical System]
Exclusivity_Status_ID [Logical Attribute] . Product_Exclusivity [Logical Entity] . dbo [Logical Owner] . OrangeMart.dm1 [Logical Model File] . TestSystem [Logical System]
Indications [Logical Attribute] . Approval [Logical Entity] . dbo [Logical Owner] . OrangeMart.dm1 [Logical Model File] . TestSystem [Logical System]
Is_Ref_Listed [Logical Attribute] . Approval [Logical Entity] . dbo [Logical Owner] . OrangeMart.dm1 [Logical Model File] . TestSystem [Logical System]
Is_Ref_Listed [Logical Attribute] . Approved_Product [Logical Entity] . dbo [Logical Owner] . OrangeMart.dm1 [Logical Model File] . TestSystem [Logical System]
Molecule_ID [Logical Attribute] . Molecule [Logical Entity] . dbo [Logical Owner] . OrangeMart.dm1 [Logical Model File] . TestSystem [Logical System]
Molecule_ID [Logical Attribute] . Strength [Logical Entity] . dbo [Logical Owner] . OrangeMart.dm1 [Logical Model File] . TestSystem [Logical System]
Patent_Expiration [Logical Attribute] . Patent_Status [Logical Entity] . dbo [Logical Owner] . OrangeMart.dm1 [Logical Model File] . TestSystem [Logical System]
Patent_Expiration [Logical Attribute] . Product_Patent [Logical Entity] . dbo [Logical Owner] . OrangeMart.dm1 [Logical Model File] . TestSystem [Logical System]
Patent_Nbr [Logical Attribute] . Patent_Status [Logical Entity] . dbo [Logical Owner] . OrangeMart.dm1 [Logical Model File] . TestSystem [Logical System]
Patent_Nbr [Logical Attribute] . Product_Patent [Logical Entity] . dbo [Logical Owner] . OrangeMart.dm1 [Logical Model File] . TestSystem [Logical System]
Patent_Status_ID [Logical Attribute] . Patent_Status [Logical Entity] . dbo [Logical Owner] . OrangeMart.dm1 [Logical Model File] . TestSystem [Logical System]
Patent_Status_ID [Logical Attribute] . Product_Patent [Logical Entity] . dbo [Logical Owner] . OrangeMart.dm1 [Logical Model File] . TestSystem [Logical System]
Patent_Use_Code [Logical Attribute] . Patent_Status [Logical Entity] . dbo [Logical Owner] . OrangeMart.dm1 [Logical Model File] . TestSystem [Logical System]
Patent_Use_Code [Logical Attribute] . Patent_Use_Code [Logical Entity] . dbo [Logical Owner] . OrangeMart.dm1 [Logical Model File] . TestSystem [Logical System]
Patent_Use_Code_ID [Logical Attribute] . Patent_Use_Code [Logical Entity] . dbo [Logical Owner] . OrangeMart.dm1 [Logical Model File] . TestSystem [Logical System]
Product [Logical Attribute] . Product_Revenue [Logical Entity] . dbo [Logical Owner] . OrangeMart.dm1 [Logical Model File] . TestSystem [Logical System]
Product_Exclusivity_ID [Logical Attribute] . Product_Exclusivity [Logical Entity] . dbo [Logical Owner] . OrangeMart.dm1 [Logical Model File] . TestSystem [Logical System]
Product_Nbr [Logical Attribute] . Approval [Logical Entity] . dbo [Logical Owner] . OrangeMart.dm1 [Logical Model File] . TestSystem [Logical System]
Product_Nbr [Logical Attribute] . Exclusivity_Status [Logical Entity] . dbo [Logical Owner] . OrangeMart.dm1 [Logical Model File] . TestSystem [Logical System]
Product_Nbr [Logical Attribute] . Patent_Status [Logical Entity] . dbo [Logical Owner] . OrangeMart.dm1 [Logical Model File] . TestSystem [Logical System]
Product_Nbr [Logical Attribute] . Product_Nbr [Logical Entity] . dbo [Logical Owner] . OrangeMart.dm1 [Logical Model File] . TestSystem [Logical System]
Product_Nbr_ID [Logical Attribute] . Approved_Product [Logical Entity] . dbo [Logical Owner] . OrangeMart.dm1 [Logical Model File] . TestSystem [Logical System]
Product_Nbr_ID [Logical Attribute] . Product_Nbr [Logical Entity] . dbo [Logical Owner] . OrangeMart.dm1 [Logical Model File] . TestSystem [Logical System]
Product_Patent_ID [Logical Attribute] . Product_Patent [Logical Entity] . dbo [Logical Owner] . OrangeMart.dm1 [Logical Model File] . TestSystem [Logical System]
Product_Revenue_ID [Logical Attribute] . Product_Revenue [Logical Entity] . dbo [Logical Owner] . OrangeMart.dm1 [Logical Model File] . TestSystem [Logical System]
RX_Status [Logical Attribute] . Approval [Logical Entity] . dbo [Logical Owner] . OrangeMart.dm1 [Logical Model File] . TestSystem [Logical System]
RX_Status [Logical Attribute] . Competitor [Logical Entity] . dbo [Logical Owner] . OrangeMart.dm1 [Logical Model File] . TestSystem [Logical System]
RX_Status [Logical Attribute] . Molecule [Logical Entity] . dbo [Logical Owner] . OrangeMart.dm1 [Logical Model File] . TestSystem [Logical System]
RX_Status [Logical Attribute] . RX_Status [Logical Entity] . dbo [Logical Owner] . OrangeMart.dm1 [Logical Model File] . TestSystem [Logical System]
RX_Status [Logical Attribute] . Strength [Logical Entity] . dbo [Logical Owner] . OrangeMart.dm1 [Logical Model File] . TestSystem [Logical System]
RX_Status_ID [Logical Attribute] . Approved_Product [Logical Entity] . dbo [Logical Owner] . OrangeMart.dm1 [Logical Model File] . TestSystem [Logical System]
RX_Status_ID [Logical Attribute] . RX_Status [Logical Entity] . dbo [Logical Owner] . OrangeMart.dm1 [Logical Model File] . TestSystem [Logical System]
Rev_2000 [Logical Attribute] . Product_Revenue [Logical Entity] . dbo [Logical Owner] . OrangeMart.dm1 [Logical Model File] . TestSystem [Logical System]
Rev_2001 [Logical Attribute] . Product_Revenue [Logical Entity] . dbo [Logical Owner] . OrangeMart.dm1 [Logical Model File] . TestSystem [Logical System]
Rev_2002 [Logical Attribute] . Product_Revenue [Logical Entity] . dbo [Logical Owner] . OrangeMart.dm1 [Logical Model File] . TestSystem [Logical System]
Rev_2003 [Logical Attribute] . Product_Revenue [Logical Entity] . dbo [Logical Owner] . OrangeMart.dm1 [Logical Model File] . TestSystem [Logical System]
Rev_2004 [Logical Attribute] . Product_Revenue [Logical Entity] . dbo [Logical Owner] . OrangeMart.dm1 [Logical Model File] . TestSystem [Logical System]
Route_of_Admin [Logical Attribute] . Approval [Logical Entity] . dbo [Logical Owner] . OrangeMart.dm1 [Logical Model File] . TestSystem [Logical System]
Route_of_Admin [Logical Attribute] . Competitor [Logical Entity] . dbo [Logical Owner] . OrangeMart.dm1 [Logical Model File] . TestSystem [Logical System]
Route_of_Admin [Logical Attribute] . Molecule [Logical Entity] . dbo [Logical Owner] . OrangeMart.dm1 [Logical Model File] . TestSystem [Logical System]
Route_of_Admin [Logical Attribute] . Route_of_Admin [Logical Entity] . dbo [Logical Owner] . OrangeMart.dm1 [Logical Model File] . TestSystem [Logical System]
Route_of_Admin [Logical Attribute] . Strength [Logical Entity] . dbo [Logical Owner] . OrangeMart.dm1 [Logical Model File] . TestSystem [Logical System]
Route_of_Admin_ID [Logical Attribute] . Approved_Product [Logical Entity] . dbo [Logical Owner] . OrangeMart.dm1 [Logical Model File] . TestSystem [Logical System]
Route_of_Admin_ID [Logical Attribute] . Route_of_Admin [Logical Entity] . dbo [Logical Owner] . OrangeMart.dm1 [Logical Model File] . TestSystem [Logical System]
Strength [Logical Attribute] . Approval [Logical Entity] . dbo [Logical Owner] . OrangeMart.dm1 [Logical Model File] . TestSystem [Logical System]
Strength [Logical Attribute] . Approved_Product [Logical Entity] . dbo [Logical Owner] . OrangeMart.dm1 [Logical Model File] . TestSystem [Logical System]
Strength [Logical Attribute] . Competitor [Logical Entity] . dbo [Logical Owner] . OrangeMart.dm1 [Logical Model File] . TestSystem [Logical System]
Strength [Logical Attribute] . Strength [Logical Entity] . dbo [Logical Owner] . OrangeMart.dm1 [Logical Model File] . TestSystem [Logical System]
Strength_ID [Logical Attribute] . Competitor [Logical Entity] . dbo [Logical Owner] . OrangeMart.dm1 [Logical Model File] . TestSystem [Logical System]
Strength_ID [Logical Attribute] . Strength [Logical Entity] . dbo [Logical Owner] . OrangeMart.dm1 [Logical Model File] . TestSystem [Logical System]
Therapeutic_Equiv_Code [Logical Attribute] . Approval [Logical Entity] . dbo [Logical Owner] . OrangeMart.dm1 [Logical Model File] . TestSystem [Logical System]
Therapeutic_Equiv_Code [Logical Attribute] . Therapeutic_Equiv_Code [Logical Entity] . dbo [Logical Owner] . OrangeMart.dm1 [Logical Model File] . TestSystem [Logical System]
Therapeutic_Equiv_Code_ID [Logical Attribute] . Approved_Product [Logical Entity] . dbo [Logical Owner] . OrangeMart.dm1 [Logical Model File] . TestSystem [Logical System]
Therapeutic_Equiv_Code_ID [Logical Attribute] . Therapeutic_Equiv_Code [Logical Entity] . dbo [Logical Owner] . OrangeMart.dm1 [Logical Model File] . TestSystem [Logical System]
Trade_Name [Logical Attribute] . Approval [Logical Entity] . dbo [Logical Owner] . OrangeMart.dm1 [Logical Model File] . TestSystem [Logical System]
Trade_Name [Logical Attribute] . Trade_Name [Logical Entity] . dbo [Logical Owner] . OrangeMart.dm1 [Logical Model File] . TestSystem [Logical System]
Trade_Name_ID [Logical Attribute] . Approved_Product [Logical Entity] . dbo [Logical Owner] . OrangeMart.dm1 [Logical Model File] . TestSystem [Logical System]
Trade_Name_ID [Logical Attribute] . Product_Revenue [Logical Entity] . dbo [Logical Owner] . OrangeMart.dm1 [Logical Model File] . TestSystem [Logical System]
Trade_Name_ID [Logical Attribute] . Trade_Name [Logical Entity] . dbo [Logical Owner] . OrangeMart.dm1 [Logical Model File] . TestSystem [Logical System]
Active_Ingredient [Logical Entity] . dbo [Logical Owner] . OrangeMart.dm1 [Logical Model File] . TestSystem [Logical System]
Applicant [Logical Entity] . dbo [Logical Owner] . OrangeMart.dm1 [Logical Model File] . TestSystem [Logical System]
Applicant_Full_Name [Logical Entity] . dbo [Logical Owner] . OrangeMart.dm1 [Logical Model File] . TestSystem [Logical System]
Application_Nbr [Logical Entity] . dbo [Logical Owner] . OrangeMart.dm1 [Logical Model File] . TestSystem [Logical System]
Approval [Logical Entity] . dbo [Logical Owner] . OrangeMart.dm1 [Logical Model File] . TestSystem [Logical System]
Approved_Product [Logical Entity] . dbo [Logical Owner] . OrangeMart.dm1 [Logical Model File] . TestSystem [Logical System]
Competitor [Logical Entity] . dbo [Logical Owner] . OrangeMart.dm1 [Logical Model File] . TestSystem [Logical System]
Dosage_Form [Logical Entity] . dbo [Logical Owner] . OrangeMart.dm1 [Logical Model File] . TestSystem [Logical System]
Exclusivity_Code [Logical Entity] . dbo [Logical Owner] . OrangeMart.dm1 [Logical Model File] . TestSystem [Logical System]
Exclusivity_Status [Logical Entity] . dbo [Logical Owner] . OrangeMart.dm1 [Logical Model File] . TestSystem [Logical System]
Molecule [Logical Entity] . dbo [Logical Owner] . OrangeMart.dm1 [Logical Model File] . TestSystem [Logical System]
Patent_Status [Logical Entity] . dbo [Logical Owner] . OrangeMart.dm1 [Logical Model File] . TestSystem [Logical System]
Patent_Use_Code [Logical Entity] . dbo [Logical Owner] . OrangeMart.dm1 [Logical Model File] . TestSystem [Logical System]
Product_Exclusivity [Logical Entity] . dbo [Logical Owner] . OrangeMart.dm1 [Logical Model File] . TestSystem [Logical System]
Product_Nbr [Logical Entity] . dbo [Logical Owner] . OrangeMart.dm1 [Logical Model File] . TestSystem [Logical System]
Product_Patent [Logical Entity] . dbo [Logical Owner] . OrangeMart.dm1 [Logical Model File] . TestSystem [Logical System]
Product_Revenue [Logical Entity] . dbo [Logical Owner] . OrangeMart.dm1 [Logical Model File] . TestSystem [Logical System]
RX_Status [Logical Entity] . dbo [Logical Owner] . OrangeMart.dm1 [Logical Model File] . TestSystem [Logical System]
Route_of_Admin [Logical Entity] . dbo [Logical Owner] . OrangeMart.dm1 [Logical Model File] . TestSystem [Logical System]
Strength [Logical Entity] . dbo [Logical Owner] . OrangeMart.dm1 [Logical Model File] . TestSystem [Logical System]
Therapeutic_Equiv_Code [Logical Entity] . dbo [Logical Owner] . OrangeMart.dm1 [Logical Model File] . TestSystem [Logical System]
Trade_Name [Logical Entity] . dbo [Logical Owner] . OrangeMart.dm1 [Logical Model File] . TestSystem [Logical System]
OrangeMart.dm1 [Logical Model File] . TestSystem [Logical System]
dbo [Logical Owner] . OrangeMart.dm1 [Logical Model File] . TestSystem [Logical System]
TestSystem [Logical System]
Nodes: 132, edges: 0
