Address [Logical Attribute] . Author [Logical Entity] . dbo [Logical Owner] . Pubs.dm1 [Logical Model File] . TestSystem [Logical System]
Advance [Logical Attribute] . Title [Logical Entity] . dbo [Logical Owner] . Pubs.dm1 [Logical Model File] . TestSystem [Logical System]
Author ID [Logical Attribute] . Author [Logical Entity] . dbo [Logical Owner] . Pubs.dm1 [Logical Model File] . TestSystem [Logical System]
Author ID [Logical Attribute] . Title Author [Logical Entity] . dbo [Logical Owner] . Pubs.dm1 [Logical Model File] . TestSystem [Logical System]
Author Order [Logical Attribute] . Title Author [Logical Entity] . dbo [Logical Owner] . Pubs.dm1 [Logical Model File] . TestSystem [Logical System]
City [Logical Attribute] . Author [Logical Entity] . dbo [Logical Owner] . Pubs.dm1 [Logical Model File] . TestSystem [Logical System]
City [Logical Attribute] . Publisher [Logical Entity] . dbo [Logical Owner] . Pubs.dm1 [Logical Model File] . TestSystem [Logical System]
City [Logical Attribute] . Store [Logical Entity] . dbo [Logical Owner] . Pubs.dm1 [Logical Model File] . TestSystem [Logical System]
Contract [Logical Attribute] . Author [Logical Entity] . dbo [Logical Owner] . Pubs.dm1 [Logical Model File] . TestSystem [Logical System]
Country [Logical Attribute] . Publisher [Logical Entity] . dbo [Logical Owner] . Pubs.dm1 [Logical Model File] . TestSystem [Logical System]
Discount [Logical Attribute] . Discount [Logical Entity] . dbo [Logical Owner] . Pubs.dm1 [Logical Model File] . TestSystem [Logical System]
Discount Type [Logical Attribute] . Discount [Logical Entity] . dbo [Logical Owner] . Pubs.dm1 [Logical Model File] . TestSystem [Logical System]
Employee ID [Logical Attribute] . Employee [Logical Entity] . dbo [Logical Owner] . Pubs.dm1 [Logical Model File] . TestSystem [Logical System]
First Name [Logical Attribute] . Author [Logical Entity] . dbo [Logical Owner] . Pubs.dm1 [Logical Model File] . TestSystem [Logical System]
First Name [Logical Attribute] . Employee [Logical Entity] . dbo [Logical Owner] . Pubs.dm1 [Logical Model File] . TestSystem [Logical System]
High Quantity [Logical Attribute] . Discount [Logical Entity] . dbo [Logical Owner] . Pubs.dm1 [Logical Model File] . TestSystem [Logical System]
High Range [Logical Attribute] . Royalty Schedule [Logical Entity] . dbo [Logical Owner] . Pubs.dm1 [Logical Model File] . TestSystem [Logical System]
Hire Date [Logical Attribute] . Employee [Logical Entity] . dbo [Logical Owner] . Pubs.dm1 [Logical Model File] . TestSystem [Logical System]
Job Description [Logical Attribute] . Job [Logical Entity] . dbo [Logical Owner] . Pubs.dm1 [Logical Model File] . TestSystem [Logical System]
Job ID [Logical Attribute] . Employee [Logical Entity] . dbo [Logical Owner] . Pubs.dm1 [Logical Model File] . TestSystem [Logical System]
Job ID [Logical Attribute] . Job [Logical Entity] . dbo [Logical Owner] . Pubs.dm1 [Logical Model File] . TestSystem [Logical System]
Job Level [Logical Attribute] . Employee [Logical Entity] . dbo [Logical Owner] . Pubs.dm1 [Logical Model File] . TestSystem [Logical System]
Last Name [Logical Attribute] . Author [Logical Entity] . dbo [Logical Owner] . Pubs.dm1 [Logical Model File] . TestSystem [Logical System]
Last Name [Logical Attribute] . Employee [Logical Entity] . dbo [Logical Owner] . Pubs.dm1 [Logical Model File] . TestSystem [Logical System]
Logo [Logical Attribute] . Publisher Information [Logical Entity] . dbo [Logical Owner] . Pubs.dm1 [Logical Model File] . TestSystem [Logical System]
Low Quantity [Logical Attribute] . Discount [Logical Entity] . dbo [Logical Owner] . Pubs.dm1 [Logical Model File] . TestSystem [Logical System]
Low Range [Logical Attribute] . Royalty Schedule [Logical Entity] . dbo [Logical Owner] . Pubs.dm1 [Logical Model File] . TestSystem [Logical System]
Maximum Level [Logical Attribute] . Job [Logical Entity] . dbo [Logical Owner] . Pubs.dm1 [Logical Model File] . TestSystem [Logical System]
Middle Initial [Logical Attribute] . Employee [Logical Entity] . dbo [Logical Owner] . Pubs.dm1 [Logical Model File] . TestSystem [Logical System]
Minimum Level [Logical Attribute] . Job [Logical Entity] . dbo [Logical Owner] . Pubs.dm1 [Logical Model File] . TestSystem [Logical System]
Notes [Logical Attribute] . Title [Logical Entity] . dbo [Logical Owner] . Pubs.dm1 [Logical Model File] . TestSystem [Logical System]
Order Date [Logical Attribute] . Sale [Logical Entity] . dbo [Logical Owner] . Pubs.dm1 [Logical Model File] . TestSystem [Logical System]
Order Number [Logical Attribute] . Sale [Logical Entity] . dbo [Logical Owner] . Pubs.dm1 [Logical Model File] . TestSystem [Logical System]
Payment Terms [Logical Attribute] . Sale [Logical Entity] . dbo [Logical Owner] . Pubs.dm1 [Logical Model File] . TestSystem [Logical System]
Phone [Logical Attribute] . Author [Logical Entity] . dbo [Logical Owner] . Pubs.dm1 [Logical Model File] . TestSystem [Logical System]
Price [Logical Attribute] . Title [Logical Entity] . dbo [Logical Owner] . Pubs.dm1 [Logical Model File] . TestSystem [Logical System]
Publication Date [Logical Attribute] . Title [Logical Entity] . dbo [Logical Owner] . Pubs.dm1 [Logical Model File] . TestSystem [Logical System]
Publisher ID [Logical Attribute] . Employee [Logical Entity] . dbo [Logical Owner] . Pubs.dm1 [Logical Model File] . TestSystem [Logical System]
Publisher ID [Logical Attribute] . Publisher [Logical Entity] . dbo [Logical Owner] . Pubs.dm1 [Logical Model File] . TestSystem [Logical System]
Publisher ID [Logical Attribute] . Publisher Information [Logical Entity] . dbo [Logical Owner] . Pubs.dm1 [Logical Model File] . TestSystem [Logical System]
Publisher ID [Logical Attribute] . Title [Logical Entity] . dbo [Logical Owner] . Pubs.dm1 [Logical Model File] . TestSystem [Logical System]
Publisher Information [Logical Attribute] . Publisher Information [Logical Entity] . dbo [Logical Owner] . Pubs.dm1 [Logical Model File] . TestSystem [Logical System]
Publisher Name [Logical Attribute] . Publisher [Logical Entity] . dbo [Logical Owner] . Pubs.dm1 [Logical Model File] . TestSystem [Logical System]
Quantity [Logical Attribute] . Sale [Logical Entity] . dbo [Logical Owner] . Pubs.dm1 [Logical Model File] . TestSystem [Logical System]
Royalty [Logical Attribute] . Royalty Schedule [Logical Entity] . dbo [Logical Owner] . Pubs.dm1 [Logical Model File] . TestSystem [Logical System]
Royalty [Logical Attribute] . Title [Logical Entity] . dbo [Logical Owner] . Pubs.dm1 [Logical Model File] . TestSystem [Logical System]
Royalty Percent [Logical Attribute] . Title Author [Logical Entity] . dbo [Logical Owner] . Pubs.dm1 [Logical Model File] . TestSystem [Logical System]
State [Logical Attribute] . Author [Logical Entity] . dbo [Logical Owner] . Pubs.dm1 [Logical Model File] . TestSystem [Logical System]
State [Logical Attribute] . Publisher [Logical Entity] . dbo [Logical Owner] . Pubs.dm1 [Logical Model File] . TestSystem [Logical System]
State [Logical Attribute] . Store [Logical Entity] . dbo [Logical Owner] . Pubs.dm1 [Logical Model File] . TestSystem [Logical System]
Store Address [Logical Attribute] . Store [Logical Entity] . dbo [Logical Owner] . Pubs.dm1 [Logical Model File] . TestSystem [Logical System]
Store ID [Logical Attribute] . Discount [Logical Entity] . dbo [Logical Owner] . Pubs.dm1 [Logical Model File] . TestSystem [Logical System]
Store ID [Logical Attribute] . Sale [Logical Entity] . dbo [Logical Owner] . Pubs.dm1 [Logical Model File] . TestSystem [Logical System]
Store ID [Logical Attribute] . Store [Logical Entity] . dbo [Logical Owner] . Pubs.dm1 [Logical Model File] . TestSystem [Logical System]
Store Name [Logical Attribute] . Store [Logical Entity] . dbo [Logical Owner] . Pubs.dm1 [Logical Model File] . TestSystem [Logical System]
Title [Logical Attribute] . Title [Logical Entity] . dbo [Logical Owner] . Pubs.dm1 [Logical Model File] . TestSystem [Logical System]
Title ID [Logical Attribute] . Royalty Schedule [Logical Entity] . dbo [Logical Owner] . Pubs.dm1 [Logical Model File] . TestSystem [Logical System]
Title ID [Logical Attribute] . Sale [Logical Entity] . dbo [Logical Owner] . Pubs.dm1 [Logical Model File] . TestSystem [Logical System]
Title ID [Logical Attribute] . Title [Logical Entity] . dbo [Logical Owner] . Pubs.dm1 [Logical Model File] . TestSystem [Logical System]
Title ID [Logical Attribute] . Title Author [Logical Entity] . dbo [Logical Owner] . Pubs.dm1 [Logical Model File] . TestSystem [Logical System]
Type [Logical Attribute] . Title [Logical Entity] . dbo [Logical Owner] . Pubs.dm1 [Logical Model File] . TestSystem [Logical System]
YTD Sales [Logical Attribute] . Title [Logical Entity] . dbo [Logical Owner] . Pubs.dm1 [Logical Model File] . TestSystem [Logical System]
Zip Code [Logical Attribute] . Author [Logical Entity] . dbo [Logical Owner] . Pubs.dm1 [Logical Model File] . TestSystem [Logical System]
Zip Code [Logical Attribute] . Store [Logical Entity] . dbo [Logical Owner] . Pubs.dm1 [Logical Model File] . TestSystem [Logical System]
Author [Logical Entity] . dbo [Logical Owner] . Pubs.dm1 [Logical Model File] . TestSystem [Logical System]
Discount [Logical Entity] . dbo [Logical Owner] . Pubs.dm1 [Logical Model File] . TestSystem [Logical System]
Employee [Logical Entity] . dbo [Logical Owner] . Pubs.dm1 [Logical Model File] . TestSystem [Logical System]
Job [Logical Entity] . dbo [Logical Owner] . Pubs.dm1 [Logical Model File] . TestSystem [Logical System]
Publisher [Logical Entity] . dbo [Logical Owner] . Pubs.dm1 [Logical Model File] . TestSystem [Logical System]
Publisher Information [Logical Entity] . dbo [Logical Owner] . Pubs.dm1 [Logical Model File] . TestSystem [Logical System]
Royalty Schedule [Logical Entity] . dbo [Logical Owner] . Pubs.dm1 [Logical Model File] . TestSystem [Logical System]
Sale [Logical Entity] . dbo [Logical Owner] . Pubs.dm1 [Logical Model File] . TestSystem [Logical System]
Store [Logical Entity] . dbo [Logical Owner] . Pubs.dm1 [Logical Model File] . TestSystem [Logical System]
Title [Logical Entity] . dbo [Logical Owner] . Pubs.dm1 [Logical Model File] . TestSystem [Logical System]
Title Author [Logical Entity] . dbo [Logical Owner] . Pubs.dm1 [Logical Model File] . TestSystem [Logical System]
Pubs.dm1 [Logical Model File] . TestSystem [Logical System]
dbo [Logical Owner] . Pubs.dm1 [Logical Model File] . TestSystem [Logical System]
TestSystem [Logical System]
Nodes: 78, edges: 0
