MAPS_TO	Attribute_1 [Conceptual Attribute] . Entity_1 [Conceptual Entity] . MetadataModel [Conceptual Model] . MetadataModel.cdm [Conceptual Model File] . Test System [Logical System]	->	Attribute_1 [Column] . Entity_1 [Table] . UNKNOWN_SCHEMA [Schema] . UNKNOWN_DATABASE [Database] . UNKNOWN_SERVER [Server]
MAPS_TO	Attribute_1 [Conceptual Attribute] . Entity_1 [Conceptual Entity] . MetadataModel [Conceptual Model] . MetadataModel.cdm [Conceptual Model File] . Test System [Logical System]	->	Attribute_1 [Logical Attribute] . Entity_1 [Logical Entity] . MetadataModel [Logical Model] . MetadataModel.ldm [Logical Model File] . Test System [Logical System]
MAPS_TO	Attribute_1 [Conceptual Attribute] . Entity_2 [Conceptual Entity] . MetadataModel [Conceptual Model] . MetadataModel.cdm [Conceptual Model File] . Test System [Logical System]	->	Attribute_1 [Column] . Entity_2 [Table] . UNKNOWN_SCHEMA [Schema] . UNKNOWN_DATABASE [Database] . UNKNOWN_SERVER [Server]
MAPS_TO	Attribute_1 [Conceptual Attribute] . Entity_2 [Conceptual Entity] . MetadataModel [Conceptual Model] . MetadataModel.cdm [Conceptual Model File] . Test System [Logical System]	->	Attribute_1 [Logical Attribute] . Entity_2 [Logical Entity] . MetadataModel [Logical Model] . MetadataModel.ldm [Logical Model File] . Test System [Logical System]
MAPS_TO	Attribute_2 [Conceptual Attribute] . Entity_1 [Conceptual Entity] . MetadataModel [Conceptual Model] . MetadataModel.cdm [Conceptual Model File] . Test System [Logical System]	->	Attribute_2 [Column] . Entity_1 [Table] . UNKNOWN_SCHEMA [Schema] . UNKNOWN_DATABASE [Database] . UNKNOWN_SERVER [Server]
MAPS_TO	Attribute_2 [Conceptual Attribute] . Entity_1 [Conceptual Entity] . MetadataModel [Conceptual Model] . MetadataModel.cdm [Conceptual Model File] . Test System [Logical System]	->	Attribute_2 [Logical Attribute] . Entity_1 [Logical Entity] . MetadataModel [Logical Model] . MetadataModel.ldm [Logical Model File] . Test System [Logical System]
MAPS_TO	Attribute_2 [Conceptual Attribute] . Entity_2 [Conceptual Entity] . MetadataModel [Conceptual Model] . MetadataModel.cdm [Conceptual Model File] . Test System [Logical System]	->	Attribute_2 [Column] . Entity_2 [Table] . UNKNOWN_SCHEMA [Schema] . UNKNOWN_DATABASE [Database] . UNKNOWN_SERVER [Server]
MAPS_TO	Attribute_2 [Conceptual Attribute] . Entity_2 [Conceptual Entity] . MetadataModel [Conceptual Model] . MetadataModel.cdm [Conceptual Model File] . Test System [Logical System]	->	Attribute_2 [Logical Attribute] . Entity_2 [Logical Entity] . MetadataModel [Logical Model] . MetadataModel.ldm [Logical Model File] . Test System [Logical System]
MAPS_TO	Attribute_3 [Conceptual Attribute] . Entity_1 [Conceptual Entity] . MetadataModel [Conceptual Model] . MetadataModel.cdm [Conceptual Model File] . Test System [Logical System]	->	Attribute_3 [Column] . Entity_1 [Table] . UNKNOWN_SCHEMA [Schema] . UNKNOWN_DATABASE [Database] . UNKNOWN_SERVER [Server]
MAPS_TO	Attribute_3 [Conceptual Attribute] . Entity_1 [Conceptual Entity] . MetadataModel [Conceptual Model] . MetadataModel.cdm [Conceptual Model File] . Test System [Logical System]	->	Attribute_3 [Logical Attribute] . Entity_1 [Logical Entity] . MetadataModel [Logical Model] . MetadataModel.ldm [Logical Model File] . Test System [Logical System]
MAPS_TO	Attribute_3 [Conceptual Attribute] . Entity_3 [Conceptual Entity] . MetadataModel [Conceptual Model] . MetadataModel.cdm [Conceptual Model File] . Test System [Logical System]	->	Attribute_3 [Column] . Entity_3 [Table] . UNKNOWN_SCHEMA [Schema] . UNKNOWN_DATABASE [Database] . UNKNOWN_SERVER [Server]
MAPS_TO	Attribute_3 [Conceptual Attribute] . Entity_3 [Conceptual Entity] . MetadataModel [Conceptual Model] . MetadataModel.cdm [Conceptual Model File] . Test System [Logical System]	->	Attribute_3 [Logical Attribute] . Entity_3 [Logical Entity] . MetadataModel [Logical Model] . MetadataModel.ldm [Logical Model File] . Test System [Logical System]
MAPS_TO	Attribute_1 [Logical Attribute] . Entity_1 [Logical Entity] . MetadataModel [Logical Model] . MetadataModel.ldm [Logical Model File] . Test System [Logical System]	->	Attribute_1 [Column] . Entity_1 [Table] . UNKNOWN_SCHEMA [Schema] . UNKNOWN_DATABASE [Database] . UNKNOWN_SERVER [Server]
MAPS_TO	Attribute_1 [Logical Attribute] . Entity_2 [Logical Entity] . MetadataModel [Logical Model] . MetadataModel.ldm [Logical Model File] . Test System [Logical System]	->	Attribute_1 [Column] . Entity_2 [Table] . UNKNOWN_SCHEMA [Schema] . UNKNOWN_DATABASE [Database] . UNKNOWN_SERVER [Server]
MAPS_TO	Attribute_2 [Logical Attribute] . Entity_1 [Logical Entity] . MetadataModel [Logical Model] . MetadataModel.ldm [Logical Model File] . Test System [Logical System]	->	Attribute_2 [Column] . Entity_1 [Table] . UNKNOWN_SCHEMA [Schema] . UNKNOWN_DATABASE [Database] . UNKNOWN_SERVER [Server]
MAPS_TO	Attribute_2 [Logical Attribute] . Entity_2 [Logical Entity] . MetadataModel [Logical Model] . MetadataModel.ldm [Logical Model File] . Test System [Logical System]	->	Attribute_2 [Column] . Entity_2 [Table] . UNKNOWN_SCHEMA [Schema] . UNKNOWN_DATABASE [Database] . UNKNOWN_SERVER [Server]
MAPS_TO	Attribute_3 [Logical Attribute] . Entity_1 [Logical Entity] . MetadataModel [Logical Model] . MetadataModel.ldm [Logical Model File] . Test System [Logical System]	->	Attribute_3 [Column] . Entity_1 [Table] . UNKNOWN_SCHEMA [Schema] . UNKNOWN_DATABASE [Database] . UNKNOWN_SERVER [Server]
MAPS_TO	Attribute_3 [Logical Attribute] . Entity_3 [Logical Entity] . MetadataModel [Logical Model] . MetadataModel.ldm [Logical Model File] . Test System [Logical System]	->	Attribute_3 [Column] . Entity_3 [Table] . UNKNOWN_SCHEMA [Schema] . UNKNOWN_DATABASE [Database] . UNKNOWN_SERVER [Server]