{"name":"Independent","code":"Independent","comment":null,"annotation":null,"definition":null,"objectId":"1F2C6B01-C244-4E14-8C36-058B128E74FA","keywords":[],"history":[],"fileName":"Independent.cdm","metadata":{"DEFINITION":null,"ANNOTATION":null,"COMMENT":null,"KEYWORDS":null},"compositeModelObjects":[{"name":"Entity_1","code":"Entity_1","comment":null,"annotation":null,"definition":null,"objectId":"D3B85EEC-CF02-4F82-BDE0-09365F7A2161","keywords":[],"history":[],"parent":null,"simpleModelObjects":[{"name":"Attribute_1","code":"Attribute_1","comment":null,"annotation":null,"definition":null,"objectId":"3FC86211-D309-4E71-A8C9-ACECA2E04CA9","keywords":[],"history":[],"metadata":{"COMMENT":null,"KEYWORDS":null},"allMappedObjects":["F4864337-8F4A-400E-9799-4EC58CD9419F"]}],"metadata":{"DEFINITION":null,"ANNOTATION":null,"COMMENT":null,"KEYWORDS":null},"allMappedObjects":["3DFF2901-66D1-4D60-A1B7-7A777CA8E913"]}]}