{"name":"Independent","code":"Independent","comment":null,"annotation":null,"definition":null,"objectId":"F40E41CC-EDFB-41AE-9435-40E728116DB8","keywords":[],"history":[],"fileName":"Independent.pdm","allSchemas":[{"name":null,"code":null,"comment":null,"annotation":null,"definition":null,"objectId":null,"keywords":[],"history":[],"compositeModelObjects":[{"name":"Table_1","code":"Table_1","comment":null,"annotation":null,"definition":null,"objectId":"0885DC6C-BF61-46D2-83DE-B6EA3063DC67","keywords":[],"history":[],"simpleModelObjects":[{"name":"Column_1","code":"Column_1","comment":null,"annotation":null,"definition":null,"objectId":"9715BC23-063C-4424-ACAF-1E4EC6A723F4","keywords":[],"history":[],"metadata":{"DEFINITION":null,"ANNOTATION":null,"COMMENT":null,"KEYWORDS":null},"allMappedObjects":[]}],"metadata":{"DEFINITION":null,"ANNOTATION":null,"COMMENT":null,"KEYWORDS":null},"allMappedObjects":[]}],"metadata":{}}],"metadata":{"DEFINITION":null,"ANNOTATION":null,"COMMENT":null,"KEYWORDS":null}}