{"name":"LogicalModelDB2","code":"LogicalModelDB2","comment":null,"annotation":null,"definition":null,"objectId":"E5A68053-0CA6-4BD2-BC8C-B78186EE6665","keywords":[],"history":["0352D9B0-194E-44F1-931B-0A9C0763D733","7A8356E0-4324-463F-91CC-707ED5CD3B25","D02644D0-683F-4FCA-9B68-D484E1BD2033","436B8AB9-6702-49DD-B76B-E3036CB532B4","53E48576-41FE-4400-A16A-FBE1FE303E80","9DE94E80-97F5-4EDC-85EB-8AF8CAA014D8","8B780736-5D6C-4979-89A3-A8191919DB8C","910107D5-3043-4A43-A655-0A3134E7FE24","8E1B7344-BE87-487D-A134-4195F2EE4D9A","4BD860E0-0920-4EA0-89BB-5539746A976D","0BB45441-E58D-4696-B72F-48466A8479CD","8FEA6CE6-4068-4513-92F6-0660C5BD104E","81E8F91C-3050-459B-BB4B-49AD789CBB56","B358D113-768E-4447-889E-813354863A36","2ACB6525-35B2-4623-9517-380D0EDF2BCA","39EB0DFD-56EF-4F41-B84A-D8F7A74E9199","C25308EA-2F13-4BBA-9FE6-AE0A935645E2","994F6749-22F4-40DB-87D1-C10EB4C883DB","CFD98D0E-F991-405E-9F0D-59DCB578AD1F","9A6FA4F3-6133-4C3E-9B52-AC76400BAF84","14138137-4850-43AD-A10B-FBE445737F9D","AC1998D9-ABF9-40E7-B07A-87629B341FF4","65B038A2-EE03-4C18-91B6-B3C70D2BB723","96A9014B-4DC7-4B5A-AB58-F598591F0E08","8DD5D619-0990-4E27-8943-A1A00B1CC04D","15B94D2B-DAB6-40B9-A0AC-5F8B6CA26F9D","2FCDE103-7BB6-4AAC-8DBA-C45E438C8F19","AEA3B5E7-2839-410D-8DD2-0EA0893630E3","110405DB-A977-4CA2-8B5D-15D63B757BDE","84377ED2-B0CC-4557-BC08-0FE3995B896F","44E24D50-505B-463A-9842-B26303AC1723","DD07F4F7-5172-4AE8-9A25-181CF2249139","E80B0407-13BF-403A-8D24-3307A0D10D9A","137F6844-74E8-439A-B336-8E6ADB1C1495","814F400C-E913-488B-9FDA-7318ECBD1493","C83C3D67-AB8C-4E07-9388-55C00E27432E","F51414AA-1A45-4C6F-A3B9-E00C2D942566","8A4B7B2A-F4E0-436E-83C1-5F5CB724215B","C0E0377B-0819-4AEA-9FDB-658BEDF5ABEF","6E8914D2-1D47-4D80-997C-07CC0EFD22D2","C81B9D49-170C-495D-94D6-3C6D72F12B3F","CFB265D1-0D84-41B8-9F92-430E1EE5CD35","CDFACDE7-FAA8-47F6-A888-7FB6F61C4D7B","23976276-CF17-46E8-95C7-4B8618234E36","64728631-365C-4848-8DEE-5E14048DBDDF","F54A26D1-6021-42CE-A07B-E8DD6112F7B2","25DD0C15-6AF1-45FE-B81F-CC309E8BE628","EE899818-74F6-4B0F-83B1-E7E3A8EBE838","7822FE59-EAB6-45C7-9A23-44B5314CC662","953A9789-FF10-45CC-A2E5-36B9239EC25A","CA049CB5-EA5B-4DF1-8110-3397063AB028","FED7FA39-F642-4058-98A5-B82CFB72A3D3","0692158D-3582-4B12-9891-F0D738A6068A","20FC1A4E-6E58-4E5D-B4E6-314E88A4B431","3DC1D5AD-94EF-497B-8977-85D9AC800AD1","564912A6-6377-4829-BEEF-B025BDB24C3C","C4DC0E8C-6545-4AF1-9655-AE0ECB0733A0","C85969B1-EB8D-45DE-8454-81E83A5FA76F","812313B6-8202-4669-847C-271F17E91CD3","7F2CCBF0-56C7-476A-80F0-3DAA029896FC","F5642D6A-CD39-4653-BEF1-4CDC30697F1A","6840990B-37EC-4F21-8897-3CEED9BC80FE","493A5ACD-2386-4830-8CD5-0A7166C80386","DBB88459-D019-46D6-8C0F-8135B833C9D3","CBE3CA70-5155-4657-91FE-14E46112E327","EB2DBBAE-FDA9-4967-B96B-1082835A3CAD","D64A915D-905D-4E5A-8A9C-9472B1AF3963","7FBA5B6B-2685-4BD6-BDE7-2957A3671B01","421B1B54-D41E-4336-84F3-03EB41D324B1","DB73D697-D1B0-4E98-B6E9-356692D90144","08B8EA8C-6889-4789-BB31-849D0641690C","C39B1491-0350-42CB-8B27-00C582B0EF59","EB860264-AF77-4DA7-81CB-4F16BFBA4D06","B96C70F9-B51A-471B-B7F0-7DEA4A4A22B3","40D1DD8A-954E-405F-A48A-3ADD181B5406","B5860ED0-9E5F-44A4-9642-A563455B6431","37390BDB-EAE7-4B1D-A647-7637473A6389","4F312652-2CD7-471D-98AF-9147877C1E7F","296D1CE7-B888-4E99-829C-05749DAD0D72","2E9D05AB-E38F-4EC8-A36B-392D533DC1CF","889FFBCA-FFB2-4283-97D2-5013A4D47581","09DC282C-34EC-4BAD-8046-697A0B2603CD","D1C21700-0EF4-4A87-863E-C03A22679429","3BF50BF9-3813-492C-B402-B07273083039","7EC289BA-FBB6-4080-9F55-A75D31D72372","9EDC2953-54DE-426D-B07B-86FAB8F4EA8C","F01C20AB-6E03-4169-88CB-09E5E7F79B68","49A87B92-D5EA-4029-893D-EA1F5F028AA8","282C8703-778E-4C4A-8C88-61F385431789","F7448244-7C25-457B-8F02-ACA111BE3702","FC09AB9D-8DD5-4F3B-877C-BC28B61EAC96","B6E6626F-C909-4550-B04C-46A16FF3F591","0D0D73AA-9B67-4418-9ACF-84D73454B2D1","0DB0F61B-B64B-467F-9726-8C9C86CC674B","009D7994-4A5E-4F9F-85EF-836ED90FE165","8A6673F5-77D2-405B-B9CD-91C11E371072","8CAF913D-E9C5-43E3-8EC7-7C40482B2733","87EB9EEE-5269-4903-A03D-5DA7C7F5BE29","73F60FB8-81A6-4AE9-8A32-4AF21B05CE34","4B9FBF1E-6585-4D90-8975-AB03FA7CCEF5","784E95BB-DBFF-403C-8F24-F5C5AF861407","F0214813-BFCC-4EC3-B94F-04C73A4B71BE","49692951-8283-40A7-A20B-F405F23582A9","61783A8B-FBB5-4288-8900-3F8D591327A9","D7B293DC-E59E-4535-96B3-BB7558630D7E","F5EA79AE-CC95-456F-9CD2-9B22B8414BC2","11A8C808-1CB1-4974-B5BC-582F9216BB50","3163C8EA-A63F-4173-AB32-7E0343D3F553","5F39DD23-4946-4483-AAA0-B99C4BC4AAB2"],"fileName":"LogicalModelDB2.ldm","metadata":{"DEFINITION":null,"ANNOTATION":null,"COMMENT":null,"KEYWORDS":null},"compositeModelObjects":[{"name":"Address","code":"Address","comment":null,"annotation":null,"definition":null,"objectId":"9D24ED06-F432-4E59-AF3F-B726E4FBECFD","keywords":[],"history":["FDC1FAEE-0B17-41FF-8E5D-B78090257BE5"],"parent":null,"simpleModelObjects":[{"name":"ZIP","code":"ZIP","comment":null,"annotation":null,"definition":null,"objectId":"691D4E22-2B95-45D3-894A-22C7295563F3","keywords":[],"history":["2F76BF09-8D2A-48A3-9AE9-5C2D3213F009"],"metadata":{"DEFINITION":null,"ANNOTATION":null,"COMMENT":null,"KEYWORDS":null},"allMappedObjects":["2F76BF09-8D2A-48A3-9AE9-5C2D3213F009"]},{"name":"Street name","code":"Street name","comment":null,"annotation":null,"definition":null,"objectId":"322E0CED-7CF8-4D2F-8F12-5F454EF87A91","keywords":[],"history":["1539DAF5-471A-4B3E-88DB-C5152036C5EC"],"metadata":{"DEFINITION":null,"ANNOTATION":null,"COMMENT":null,"KEYWORDS":null},"allMappedObjects":["1539DAF5-471A-4B3E-88DB-C5152036C5EC"]},{"name":"City name","code":"City name","comment":null,"annotation":null,"definition":null,"objectId":"249B267C-E0A7-485E-92AC-A89EEABD9E60","keywords":[],"history":["45931CD2-3897-4120-9A67-57FB408343C6"],"metadata":{"DEFINITION":null,"ANNOTATION":null,"COMMENT":null,"KEYWORDS":null},"allMappedObjects":["45931CD2-3897-4120-9A67-57FB408343C6"]}],"metadata":{"DEFINITION":null,"ANNOTATION":null,"COMMENT":null,"KEYWORDS":null},"allMappedObjects":["FDC1FAEE-0B17-41FF-8E5D-B78090257BE5"]},{"name":"Customer","code":"Customer","comment":null,"annotation":null,"definition":null,"objectId":"DAD7D046-8D46-401C-A039-CB810AA93D74","keywords":[],"history":["0437324C-B0B5-4EA7-8058-F642C20DAFEC"],"parent":null,"simpleModelObjects":[{"name":"Customer type","code":"Customer type","comment":null,"annotation":null,"definition":null,"objectId":"054FD28F-3CC6-49F8-BD1E-AA08E4D25599","keywords":[],"history":["A879187D-62BF-445A-9EB0-A86FA89AC7E7"],"metadata":{"DEFINITION":null,"ANNOTATION":null,"COMMENT":null,"KEYWORDS":null},"allMappedObjects":["A879187D-62BF-445A-9EB0-A86FA89AC7E7"]},{"name":"Name","code":"Name","comment":null,"annotation":null,"definition":null,"objectId":"30F383A6-0492-46BE-9246-E8FEEFC38ADB","keywords":[],"history":["7868448B-1878-4E5E-8E42-CC2C176D2B0C"],"metadata":{"DEFINITION":null,"ANNOTATION":null,"COMMENT":null,"KEYWORDS":null},"allMappedObjects":["7868448B-1878-4E5E-8E42-CC2C176D2B0C"]}],"metadata":{"DEFINITION":null,"ANNOTATION":null,"COMMENT":null,"KEYWORDS":null},"allMappedObjects":["0437324C-B0B5-4EA7-8058-F642C20DAFEC"]},{"name":"Corporation Customer","code":"Corporation Customer","comment":null,"annotation":null,"definition":null,"objectId":"73DDE3C6-8B29-4C69-8BD4-51B9D305B34C","keywords":[],"history":["0EBC4B7D-6DBD-4FC9-94CA-9AB1A41884A0"],"parent":null,"simpleModelObjects":[{"name":"Name of corporation","code":"Name of corporation","comment":null,"annotation":null,"definition":null,"objectId":"8F034F72-4556-4474-9F85-85D47AF4E9F2","keywords":[],"history":["636BF990-CB43-4A87-9762-DB3933E96841"],"metadata":{"DEFINITION":null,"ANNOTATION":null,"COMMENT":null,"KEYWORDS":null},"allMappedObjects":["636BF990-CB43-4A87-9762-DB3933E96841"]}],"metadata":{"DEFINITION":null,"ANNOTATION":null,"COMMENT":null,"KEYWORDS":null},"allMappedObjects":["0EBC4B7D-6DBD-4FC9-94CA-9AB1A41884A0"]},{"name":"Country","code":"Country","comment":null,"annotation":null,"definition":null,"objectId":"01776798-75ED-42AC-BFFD-D926794F75B8","keywords":[],"history":["15B0CBC6-DD6B-4FC2-94C4-2D6B0B3AC5D5"],"parent":null,"simpleModelObjects":[{"name":"Country","code":"Code","comment":null,"annotation":null,"definition":null,"objectId":"AF4CB77B-8A69-4B21-8E9B-E8C3BD19CC44","keywords":[],"history":["676B8A5D-D76A-4C3D-A264-7DDEFBA982B8"],"metadata":{"DEFINITION":null,"ANNOTATION":null,"COMMENT":null,"KEYWORDS":null},"allMappedObjects":["676B8A5D-D76A-4C3D-A264-7DDEFBA982B8"]},{"name":"Size of country","code":"Size of country","comment":null,"annotation":null,"definition":null,"objectId":"CE476EA8-3B91-46E3-8BFE-D0407E904CF0","keywords":[],"history":["689D8FB0-CF7D-4320-BD33-638D691C1A8C"],"metadata":{"DEFINITION":null,"ANNOTATION":null,"COMMENT":null,"KEYWORDS":null},"allMappedObjects":["689D8FB0-CF7D-4320-BD33-638D691C1A8C"]}],"metadata":{"DEFINITION":null,"ANNOTATION":null,"COMMENT":null,"KEYWORDS":null},"allMappedObjects":["15B0CBC6-DD6B-4FC2-94C4-2D6B0B3AC5D5"]},{"name":"Client","code":"Client","comment":null,"annotation":null,"definition":null,"objectId":"5C222CD1-8F82-462D-8E7D-52F0D550973E","keywords":[],"history":["87113E7B-2E93-45AA-81C4-5E5DEEAB4C7F"],"parent":null,"simpleModelObjects":[{"name":"Company Name","code":"Company Name","comment":null,"annotation":null,"definition":null,"objectId":"A4E27289-45FF-45B5-89CD-37AC33C23C1A","keywords":[],"history":["4358E15E-022F-4968-B896-E7A631774C1F"],"metadata":{"DEFINITION":null,"ANNOTATION":null,"COMMENT":null,"KEYWORDS":null},"allMappedObjects":["4358E15E-022F-4968-B896-E7A631774C1F"]},{"name":"Birth Place","code":"Birth Place","comment":null,"annotation":null,"definition":null,"objectId":"25245632-2610-41AD-9821-F255A3D29ED1","keywords":[],"history":["A30EF25A-F323-44F8-A3E1-2952D86511CB"],"metadata":{"DEFINITION":null,"ANNOTATION":null,"COMMENT":null,"KEYWORDS":null},"allMappedObjects":["A30EF25A-F323-44F8-A3E1-2952D86511CB"]},{"name":"Maiden Name","code":"Maiden Name","comment":null,"annotation":null,"definition":null,"objectId":"0CF4E19D-A9C8-45E4-B5C8-674DC6363D06","keywords":[],"history":["B207BD17-989E-4552-9F47-EC05D7B5A389"],"metadata":{"DEFINITION":null,"ANNOTATION":null,"COMMENT":null,"KEYWORDS":null},"allMappedObjects":["B207BD17-989E-4552-9F47-EC05D7B5A389"]},{"name":"Social Card","code":"Social Card","comment":null,"annotation":null,"definition":null,"objectId":"1A9E89F9-E15A-44D4-BCD0-3E740F5FEA5C","keywords":[],"history":["C9625059-777D-4C07-8870-3D5FF86A6EB9"],"metadata":{"DEFINITION":null,"ANNOTATION":null,"COMMENT":null,"KEYWORDS":null},"allMappedObjects":["C9625059-777D-4C07-8870-3D5FF86A6EB9"]},{"name":"First Name","code":"First Name","comment":null,"annotation":null,"definition":null,"objectId":"0FD19A7F-9F26-4D41-8DF8-2DF1DA5E9DC4","keywords":[],"history":["6556BE31-3CD5-48C9-9E61-7D5CBABA4FDB"],"metadata":{"DEFINITION":null,"ANNOTATION":null,"COMMENT":null,"KEYWORDS":null},"allMappedObjects":["6556BE31-3CD5-48C9-9E61-7D5CBABA4FDB"]},{"name":"Last Name","code":"Last Name","comment":null,"annotation":null,"definition":null,"objectId":"41238AEC-6F21-410D-985C-F1989BD20E5B","keywords":[],"history":["A16A871A-5FEE-46BD-9D35-B9A1A42741BE"],"metadata":{"DEFINITION":null,"ANNOTATION":null,"COMMENT":null,"KEYWORDS":null},"allMappedObjects":["A16A871A-5FEE-46BD-9D35-B9A1A42741BE"]}],"metadata":{"DEFINITION":null,"ANNOTATION":null,"COMMENT":null,"KEYWORDS":null},"allMappedObjects":["87113E7B-2E93-45AA-81C4-5E5DEEAB4C7F"]},{"name":"Person","code":"Person","comment":null,"annotation":null,"definition":null,"objectId":"40219F35-566B-45CD-A1E1-02308BCC4F3C","keywords":[],"history":["1E6DE982-58ED-4093-8ADB-56DDFF48A156"],"parent":null,"simpleModelObjects":[{"name":"Birth place","code":"Birth place","comment":null,"annotation":null,"definition":null,"objectId":"0EABAC85-F73A-441D-8F8A-549F44E4424F","keywords":[],"history":["ECCEDAB7-DBEE-4377-BF32-A0A88AE6D8F1"],"metadata":{"DEFINITION":null,"ANNOTATION":null,"COMMENT":null,"KEYWORDS":null},"allMappedObjects":["ECCEDAB7-DBEE-4377-BF32-A0A88AE6D8F1"]},{"name":"Sex","code":"Sex","comment":null,"annotation":null,"definition":null,"objectId":"5C9FE020-AB49-4923-86D6-47C38861374F","keywords":[],"history":[],"metadata":{"DEFINITION":null,"ANNOTATION":null,"COMMENT":null,"KEYWORDS":null},"allMappedObjects":[]},{"name":"Family name","code":"Family name","comment":null,"annotation":null,"definition":null,"objectId":"06FC1D81-0969-4F72-A8C4-0916A6A5A359","keywords":[],"history":["5854899A-1A90-4339-A7DF-F9CD7DB11DF6"],"metadata":{"DEFINITION":null,"ANNOTATION":null,"COMMENT":null,"KEYWORDS":null},"allMappedObjects":["5854899A-1A90-4339-A7DF-F9CD7DB11DF6"]},{"name":"First name","code":"First name","comment":null,"annotation":null,"definition":null,"objectId":"A9A5D808-0BF7-4A3D-8709-9DFFFB1A9275","keywords":[],"history":["ABE29B6F-489D-4F95-978D-6CFE8A1E12DC"],"metadata":{"DEFINITION":null,"ANNOTATION":null,"COMMENT":null,"KEYWORDS":null},"allMappedObjects":["ABE29B6F-489D-4F95-978D-6CFE8A1E12DC"]},{"name":"Birth date","code":"Birth date","comment":null,"annotation":null,"definition":null,"objectId":"7FF8CD2D-8681-4FD3-A7B4-669C233DD825","keywords":[],"history":["45950BA7-C467-4734-B325-AF8B00560E6C"],"metadata":{"DEFINITION":null,"ANNOTATION":null,"COMMENT":null,"KEYWORDS":null},"allMappedObjects":["45950BA7-C467-4734-B325-AF8B00560E6C"]}],"metadata":{"DEFINITION":null,"ANNOTATION":null,"COMMENT":null,"KEYWORDS":null},"allMappedObjects":["1E6DE982-58ED-4093-8ADB-56DDFF48A156"]}]}