{"name":"Independent","code":"Independent","comment":null,"annotation":null,"definition":null,"objectId":"C8DD753C-F473-437A-832C-B08DB0508987","keywords":[],"history":[],"fileName":"Logical Data _1.ldm","metadata":{"DEFINITION":null,"ANNOTATION":null,"COMMENT":null,"KEYWORDS":null},"compositeModelObjects":[{"name":"Entity_1","code":"Entity_1","comment":null,"annotation":null,"definition":null,"objectId":"3DFF2901-66D1-4D60-A1B7-7A777CA8E913","keywords":[],"history":[],"parent":null,"simpleModelObjects":[{"name":"Attribute_1","code":"Attribute_1","comment":null,"annotation":null,"definition":null,"objectId":"F4864337-8F4A-400E-9799-4EC58CD9419F","keywords":[],"history":[],"metadata":{"DEFINITION":null,"ANNOTATION":null,"COMMENT":null,"KEYWORDS":null},"allMappedObjects":[]}],"metadata":{"DEFINITION":null,"ANNOTATION":null,"COMMENT":null,"KEYWORDS":null},"allMappedObjects":[]}]}