{"name":"LogicalDB2","code":"LogicalDB2","comment":null,"annotation":null,"definition":null,"objectId":"CB221894-193E-40D0-B349-C0F1309B31E3","keywords":[],"history":["C83C3D67-AB8C-4E07-9388-55C00E27432E","0352D9B0-194E-44F1-931B-0A9C0763D733","0D0D73AA-9B67-4418-9ACF-84D73454B2D1","6840990B-37EC-4F21-8897-3CEED9BC80FE","B207BD17-989E-4552-9F47-EC05D7B5A389","009D7994-4A5E-4F9F-85EF-836ED90FE165","53E48576-41FE-4400-A16A-FBE1FE303E80","784E95BB-DBFF-403C-8F24-F5C5AF861407","F0214813-BFCC-4EC3-B94F-04C73A4B71BE","64728631-365C-4848-8DEE-5E14048DBDDF","4BD860E0-0920-4EA0-89BB-5539746A976D","5854899A-1A90-4339-A7DF-F9CD7DB11DF6","A30EF25A-F323-44F8-A3E1-2952D86511CB","ECCEDAB7-DBEE-4377-BF32-A0A88AE6D8F1","0BB45441-E58D-4696-B72F-48466A8479CD","7FBA5B6B-2685-4BD6-BDE7-2957A3671B01","421B1B54-D41E-4336-84F3-03EB41D324B1","8FEA6CE6-4068-4513-92F6-0660C5BD104E","25DD0C15-6AF1-45FE-B81F-CC309E8BE628","B358D113-768E-4447-889E-813354863A36","2ACB6525-35B2-4623-9517-380D0EDF2BCA","7822FE59-EAB6-45C7-9A23-44B5314CC662","953A9789-FF10-45CC-A2E5-36B9239EC25A","CA049CB5-EA5B-4DF1-8110-3397063AB028","FED7FA39-F642-4058-98A5-B82CFB72A3D3","A16A871A-5FEE-46BD-9D35-B9A1A42741BE","AC1998D9-ABF9-40E7-B07A-87629B341FF4","40D1DD8A-954E-405F-A48A-3ADD181B5406","4F312652-2CD7-471D-98AF-9147877C1E7F","96A9014B-4DC7-4B5A-AB58-F598591F0E08","8DD5D619-0990-4E27-8943-A1A00B1CC04D","20FC1A4E-6E58-4E5D-B4E6-314E88A4B431","15B94D2B-DAB6-40B9-A0AC-5F8B6CA26F9D","F5EA79AE-CC95-456F-9CD2-9B22B8414BC2","889FFBCA-FFB2-4283-97D2-5013A4D47581","2FCDE103-7BB6-4AAC-8DBA-C45E438C8F19","D1C21700-0EF4-4A87-863E-C03A22679429","3BF50BF9-3813-492C-B402-B07273083039","44E24D50-505B-463A-9842-B26303AC1723","11A8C808-1CB1-4974-B5BC-582F9216BB50","4358E15E-022F-4968-B896-E7A631774C1F","C9625059-777D-4C07-8870-3D5FF86A6EB9","FC09AB9D-8DD5-4F3B-877C-BC28B61EAC96","137F6844-74E8-439A-B336-8E6ADB1C1495"],"fileName":"LogicalDB2.ldm","metadata":{"DEFINITION":null,"ANNOTATION":null,"COMMENT":null,"KEYWORDS":null},"compositeModelObjects":[{"name":"Natural Person","code":"Natural Person","comment":null,"annotation":null,"definition":null,"objectId":"7A6DCBC7-1AAD-4773-A7FC-BD55D47C5A01","keywords":[],"history":["110405DB-A977-4CA2-8B5D-15D63B757BDE"],"parent":null,"simpleModelObjects":[{"name":"Sex","code":"Sex","comment":null,"annotation":null,"definition":null,"objectId":"2DEBDAD2-8F52-48C6-B2BF-950AA9A270EB","keywords":[],"history":["C4DC0E8C-6545-4AF1-9655-AE0ECB0733A0"],"metadata":{"DEFINITION":null,"ANNOTATION":null,"COMMENT":null,"KEYWORDS":null},"allMappedObjects":["C4DC0E8C-6545-4AF1-9655-AE0ECB0733A0"]},{"name":"First Name","code":"First Name","comment":null,"annotation":null,"definition":null,"objectId":"8A904BB3-67B4-4AD8-AB62-A4D46677F9F0","keywords":[],"history":["296D1CE7-B888-4E99-829C-05749DAD0D72"],"metadata":{"DEFINITION":null,"ANNOTATION":null,"COMMENT":null,"KEYWORDS":null},"allMappedObjects":["296D1CE7-B888-4E99-829C-05749DAD0D72"]},{"name":"Country","code":"Country","comment":null,"annotation":null,"definition":null,"objectId":"3EAC0765-8168-4860-8D43-47772959B613","keywords":[],"history":["5F39DD23-4946-4483-AAA0-B99C4BC4AAB2"],"metadata":{"DEFINITION":null,"ANNOTATION":null,"COMMENT":null,"KEYWORDS":null},"allMappedObjects":["5F39DD23-4946-4483-AAA0-B99C4BC4AAB2"]},{"name":"Date of Birth","code":"Date of Birth","comment":null,"annotation":null,"definition":null,"objectId":"CF30D2F7-E91A-4204-A776-4FAD9E5BF895","keywords":[],"history":["8A6673F5-77D2-405B-B9CD-91C11E371072"],"metadata":{"DEFINITION":null,"ANNOTATION":null,"COMMENT":null,"KEYWORDS":null},"allMappedObjects":["8A6673F5-77D2-405B-B9CD-91C11E371072"]},{"name":"Last Name","code":"Last Name","comment":null,"annotation":null,"definition":null,"objectId":"546043FF-2051-4BD8-A746-578318E9881D","keywords":[],"history":["910107D5-3043-4A43-A655-0A3134E7FE24"],"metadata":{"DEFINITION":null,"ANNOTATION":null,"COMMENT":null,"KEYWORDS":null},"allMappedObjects":["910107D5-3043-4A43-A655-0A3134E7FE24"]}],"metadata":{"DEFINITION":null,"ANNOTATION":null,"COMMENT":null,"KEYWORDS":null},"allMappedObjects":["110405DB-A977-4CA2-8B5D-15D63B757BDE"]},{"name":"Company","code":"Company","comment":null,"annotation":null,"definition":null,"objectId":"A1B1289F-5C13-4234-B35F-69457126309A","keywords":[],"history":["0EBC4B7D-6DBD-4FC9-94CA-9AB1A41884A0"],"parent":null,"simpleModelObjects":[{"name":"Company Name","code":"Company Name","comment":null,"annotation":null,"definition":null,"objectId":"5833EC67-CE7A-4515-B66A-245F79582890","keywords":[],"history":["636BF990-CB43-4A87-9762-DB3933E96841"],"metadata":{"DEFINITION":null,"ANNOTATION":null,"COMMENT":null,"KEYWORDS":null},"allMappedObjects":["636BF990-CB43-4A87-9762-DB3933E96841"]}],"metadata":{"DEFINITION":null,"ANNOTATION":null,"COMMENT":null,"KEYWORDS":null},"allMappedObjects":["0EBC4B7D-6DBD-4FC9-94CA-9AB1A41884A0"]},{"name":"Partners","code":"Partners","comment":null,"annotation":null,"definition":null,"objectId":"DC95E4F3-5F70-4016-8A0A-3F9E6A135F0B","keywords":[],"history":["7A8356E0-4324-463F-91CC-707ED5CD3B25"],"parent":null,"simpleModelObjects":[{"name":"GENDER_KEY","code":"GENDER_KEY","comment":null,"annotation":null,"definition":null,"objectId":"B963CF90-6E26-4828-B5C3-3553355CC9F4","keywords":[],"history":["B6E6626F-C909-4550-B04C-46A16FF3F591"],"metadata":{"DEFINITION":null,"ANNOTATION":null,"COMMENT":null,"KEYWORDS":null},"allMappedObjects":["B6E6626F-C909-4550-B04C-46A16FF3F591"]},{"name":"SRC_SYS_ID","code":"SRC_SYS_ID","comment":null,"annotation":null,"definition":null,"objectId":"6C1981EC-35B5-4BC2-94A8-CC24436F7FD5","keywords":[],"history":["436B8AB9-6702-49DD-B76B-E3036CB532B4"],"metadata":{"DEFINITION":null,"ANNOTATION":null,"COMMENT":null,"KEYWORDS":null},"allMappedObjects":["436B8AB9-6702-49DD-B76B-E3036CB532B4"]},{"name":"BUS_NAME","code":"BUS_NAME","comment":null,"annotation":null,"definition":null,"objectId":"BEC81F01-22BF-49FF-B8A5-963A554AB82F","keywords":[],"history":["73F60FB8-81A6-4AE9-8A32-4AF21B05CE34"],"metadata":{"DEFINITION":null,"ANNOTATION":null,"COMMENT":null,"KEYWORDS":null},"allMappedObjects":["73F60FB8-81A6-4AE9-8A32-4AF21B05CE34"]},{"name":"CUST_NO","code":"CUST_NO","comment":null,"annotation":null,"definition":null,"objectId":"4966D5DD-DBFA-49EA-BDF0-1215D77DC8EC","keywords":[],"history":["DD07F4F7-5172-4AE8-9A25-181CF2249139"],"metadata":{"DEFINITION":null,"ANNOTATION":null,"COMMENT":null,"KEYWORDS":null},"allMappedObjects":["DD07F4F7-5172-4AE8-9A25-181CF2249139"]},{"name":"FIRST_NAME","code":"FIRST_NAME","comment":null,"annotation":null,"definition":null,"objectId":"19AACF3D-7553-4AA3-BB4C-E61554E01FFA","keywords":[],"history":["814F400C-E913-488B-9FDA-7318ECBD1493"],"metadata":{"DEFINITION":null,"ANNOTATION":null,"COMMENT":null,"KEYWORDS":null},"allMappedObjects":["814F400C-E913-488B-9FDA-7318ECBD1493"]},{"name":"SHORT_NAME","code":"SHORT_NAME","comment":null,"annotation":null,"definition":null,"objectId":"539A75AF-F619-4036-9B03-5B0EBD5E4CF4","keywords":[],"history":["282C8703-778E-4C4A-8C88-61F385431789"],"metadata":{"DEFINITION":null,"ANNOTATION":null,"COMMENT":null,"KEYWORDS":null},"allMappedObjects":["282C8703-778E-4C4A-8C88-61F385431789"]},{"name":"BIRTH_NAME","code":"BIRTH_NAME","comment":null,"annotation":null,"definition":null,"objectId":"4632958D-8428-4749-BD2F-393E84923E0F","keywords":[],"history":["23976276-CF17-46E8-95C7-4B8618234E36"],"metadata":{"DEFINITION":null,"ANNOTATION":null,"COMMENT":null,"KEYWORDS":null},"allMappedObjects":["23976276-CF17-46E8-95C7-4B8618234E36"]},{"name":"PARTY_KEY","code":"PARTY_KEY","comment":null,"annotation":null,"definition":null,"objectId":"008B27E2-33A0-4C59-B103-571F04169849","keywords":[],"history":["D02644D0-683F-4FCA-9B68-D484E1BD2033"],"metadata":{"DEFINITION":null,"ANNOTATION":null,"COMMENT":null,"KEYWORDS":null},"allMappedObjects":["D02644D0-683F-4FCA-9B68-D484E1BD2033"]},{"name":"RC","code":"RC","comment":null,"annotation":null,"definition":null,"objectId":"E6DD3182-E62E-4172-89F6-D776470477B9","keywords":[],"history":["0DB0F61B-B64B-467F-9726-8C9C86CC674B"],"metadata":{"DEFINITION":null,"ANNOTATION":null,"COMMENT":null,"KEYWORDS":null},"allMappedObjects":["0DB0F61B-B64B-467F-9726-8C9C86CC674B"]},{"name":"VALID_TO","code":"VALID_TO","comment":null,"annotation":null,"definition":null,"objectId":"11388F87-7D72-4260-8FF6-899EBDC4ECF2","keywords":[],"history":["DB73D697-D1B0-4E98-B6E9-356692D90144"],"metadata":{"DEFINITION":null,"ANNOTATION":null,"COMMENT":null,"KEYWORDS":null},"allMappedObjects":["DB73D697-D1B0-4E98-B6E9-356692D90144"]},{"name":"COUNTRY_KEY","code":"COUNTRY_KEY","comment":null,"annotation":null,"definition":null,"objectId":"523A143D-5D64-4E17-9C8E-43D450F45517","keywords":[],"history":["49A87B92-D5EA-4029-893D-EA1F5F028AA8"],"metadata":{"DEFINITION":null,"ANNOTATION":null,"COMMENT":null,"KEYWORDS":null},"allMappedObjects":["49A87B92-D5EA-4029-893D-EA1F5F028AA8"]},{"name":"SRC_ID","code":"SRC_ID","comment":null,"annotation":null,"definition":null,"objectId":"5FF1352E-77CC-47CA-9A06-28CC9347FE9E","keywords":[],"history":["08B8EA8C-6889-4789-BB31-849D0641690C"],"metadata":{"DEFINITION":null,"ANNOTATION":null,"COMMENT":null,"KEYWORDS":null},"allMappedObjects":["08B8EA8C-6889-4789-BB31-849D0641690C"]},{"name":"ICO","code":"ICO","comment":null,"annotation":null,"definition":null,"objectId":"E8373284-5B34-40B2-8734-6D49274D885A","keywords":[],"history":["09DC282C-34EC-4BAD-8046-697A0B2603CD"],"metadata":{"DEFINITION":null,"ANNOTATION":null,"COMMENT":null,"KEYWORDS":null},"allMappedObjects":["09DC282C-34EC-4BAD-8046-697A0B2603CD"]},{"name":"FAMILY_NAME","code":"FAMILY_NAME","comment":null,"annotation":null,"definition":null,"objectId":"2DA51E31-01DB-409C-B780-7F3042B61472","keywords":[],"history":["0692158D-3582-4B12-9891-F0D738A6068A"],"metadata":{"DEFINITION":null,"ANNOTATION":null,"COMMENT":null,"KEYWORDS":null},"allMappedObjects":["0692158D-3582-4B12-9891-F0D738A6068A"]},{"name":"BIRTH_DATE","code":"BIRTH_DATE","comment":null,"annotation":null,"definition":null,"objectId":"7663003F-9ECE-4714-B761-9876A7984C8B","keywords":[],"history":["14138137-4850-43AD-A10B-FBE445737F9D"],"metadata":{"DEFINITION":null,"ANNOTATION":null,"COMMENT":null,"KEYWORDS":null},"allMappedObjects":["14138137-4850-43AD-A10B-FBE445737F9D"]},{"name":"BIRTH_PLACE","code":"BIRTH_PLACE","comment":null,"annotation":null,"definition":null,"objectId":"22941EDE-1CC4-41E8-8605-7A107D3C793C","keywords":[],"history":["EE899818-74F6-4B0F-83B1-E7E3A8EBE838"],"metadata":{"DEFINITION":null,"ANNOTATION":null,"COMMENT":null,"KEYWORDS":null},"allMappedObjects":["EE899818-74F6-4B0F-83B1-E7E3A8EBE838"]},{"name":"DEATH_DATE","code":"DEATH_DATE","comment":null,"annotation":null,"definition":null,"objectId":"91EF1619-C605-47EE-BA41-3F820D225EE8","keywords":[],"history":["2E9D05AB-E38F-4EC8-A36B-392D533DC1CF"],"metadata":{"DEFINITION":null,"ANNOTATION":null,"COMMENT":null,"KEYWORDS":null},"allMappedObjects":["2E9D05AB-E38F-4EC8-A36B-392D533DC1CF"]},{"name":"VALID_FROM","code":"VALID_FROM","comment":null,"annotation":null,"definition":null,"objectId":"6CF36FF3-A991-4560-8D1C-CB68C9B0264E","keywords":[],"history":["F5642D6A-CD39-4653-BEF1-4CDC30697F1A"],"metadata":{"DEFINITION":null,"ANNOTATION":null,"COMMENT":null,"KEYWORDS":null},"allMappedObjects":["F5642D6A-CD39-4653-BEF1-4CDC30697F1A"]},{"name":"DIC","code":"DIC","comment":null,"annotation":null,"definition":null,"objectId":"EB2504AF-BDE6-44F5-BBC5-B9763FD1E126","keywords":[],"history":["564912A6-6377-4829-BEEF-B025BDB24C3C"],"metadata":{"DEFINITION":null,"ANNOTATION":null,"COMMENT":null,"KEYWORDS":null},"allMappedObjects":["564912A6-6377-4829-BEEF-B025BDB24C3C"]}],"metadata":{"DEFINITION":null,"ANNOTATION":null,"COMMENT":null,"KEYWORDS":null},"allMappedObjects":["7A8356E0-4324-463F-91CC-707ED5CD3B25"]},{"name":"Address","code":"Address","comment":null,"annotation":null,"definition":null,"objectId":"05C49342-0095-46A7-888F-18E0CABCEEED","keywords":[],"history":["FDC1FAEE-0B17-41FF-8E5D-B78090257BE5"],"parent":null,"simpleModelObjects":[{"name":"ZIP","code":"ZIP","comment":null,"annotation":null,"definition":null,"objectId":"7B7CB6BE-7438-46FD-8B94-48EE1535EFB7","keywords":[],"history":["2F76BF09-8D2A-48A3-9AE9-5C2D3213F009"],"metadata":{"DEFINITION":null,"ANNOTATION":null,"COMMENT":null,"KEYWORDS":null},"allMappedObjects":["2F76BF09-8D2A-48A3-9AE9-5C2D3213F009"]},{"name":"Street Name","code":"Street Name","comment":null,"annotation":null,"definition":null,"objectId":"3D52BFB7-8B34-4738-A9C8-2874C86176DB","keywords":[],"history":["1539DAF5-471A-4B3E-88DB-C5152036C5EC"],"metadata":{"DEFINITION":null,"ANNOTATION":null,"COMMENT":null,"KEYWORDS":null},"allMappedObjects":["1539DAF5-471A-4B3E-88DB-C5152036C5EC"]},{"name":"City Name","code":"City Name","comment":null,"annotation":null,"definition":null,"objectId":"5FA6A695-432B-4E70-9290-349BCA757E87","keywords":[],"history":["45931CD2-3897-4120-9A67-57FB408343C6"],"metadata":{"DEFINITION":null,"ANNOTATION":null,"COMMENT":null,"KEYWORDS":null},"allMappedObjects":["45931CD2-3897-4120-9A67-57FB408343C6"]}],"metadata":{"DEFINITION":null,"ANNOTATION":null,"COMMENT":null,"KEYWORDS":null},"allMappedObjects":["FDC1FAEE-0B17-41FF-8E5D-B78090257BE5"]},{"name":"Customer","code":"Customer","comment":null,"annotation":null,"definition":null,"objectId":"98CDA71D-82FD-402A-B8DB-1E15138E7A9B","keywords":[],"history":["1E6DE982-58ED-4093-8ADB-56DDFF48A156"],"parent":null,"simpleModelObjects":[{"name":"First Name","code":"First Name","comment":null,"annotation":null,"definition":null,"objectId":"331E6237-1286-425A-B046-8A41249CFE9D","keywords":[],"history":["ABE29B6F-489D-4F95-978D-6CFE8A1E12DC"],"metadata":{"DEFINITION":null,"ANNOTATION":null,"COMMENT":null,"KEYWORDS":null},"allMappedObjects":["ABE29B6F-489D-4F95-978D-6CFE8A1E12DC"]},{"name":"Birth Date","code":"Birth Date","comment":null,"annotation":null,"definition":null,"objectId":"34F26CC7-10DA-4352-B1A9-EC1CC82188C6","keywords":[],"history":["45950BA7-C467-4734-B325-AF8B00560E6C"],"metadata":{"DEFINITION":null,"ANNOTATION":null,"COMMENT":null,"KEYWORDS":null},"allMappedObjects":["45950BA7-C467-4734-B325-AF8B00560E6C"]},{"name":"Country Code","code":"Country Code","comment":null,"annotation":null,"definition":null,"objectId":"684CA570-0A0F-4F0E-B3EF-0B4E3C1B8BD2","keywords":[],"history":["7EC289BA-FBB6-4080-9F55-A75D31D72372"],"metadata":{"DEFINITION":null,"ANNOTATION":null,"COMMENT":null,"KEYWORDS":null},"allMappedObjects":["7EC289BA-FBB6-4080-9F55-A75D31D72372"]}],"metadata":{"DEFINITION":null,"ANNOTATION":null,"COMMENT":null,"KEYWORDS":null},"allMappedObjects":["1E6DE982-58ED-4093-8ADB-56DDFF48A156"]},{"name":"Government","code":"Government","comment":null,"annotation":null,"definition":null,"objectId":"2EDD6898-9E4E-4814-B677-6F5FDB515E1E","keywords":[],"history":["87113E7B-2E93-45AA-81C4-5E5DEEAB4C7F"],"parent":null,"simpleModelObjects":[{"name":"Country","code":"Country","comment":null,"annotation":null,"definition":null,"objectId":"1D5C4A72-35E2-4948-9351-CD3506BD3993","keywords":[],"history":["3163C8EA-A63F-4173-AB32-7E0343D3F553"],"metadata":{"DEFINITION":null,"ANNOTATION":null,"COMMENT":null,"KEYWORDS":null},"allMappedObjects":["3163C8EA-A63F-4173-AB32-7E0343D3F553"]},{"name":"Name","code":"Name","comment":null,"annotation":null,"definition":null,"objectId":"F4AFBCB3-0CCE-46AB-BAC3-49036531340B","keywords":[],"history":["6556BE31-3CD5-48C9-9E61-7D5CBABA4FDB"],"metadata":{"DEFINITION":null,"ANNOTATION":null,"COMMENT":null,"KEYWORDS":null},"allMappedObjects":["6556BE31-3CD5-48C9-9E61-7D5CBABA4FDB"]}],"metadata":{"DEFINITION":null,"ANNOTATION":null,"COMMENT":null,"KEYWORDS":null},"allMappedObjects":["87113E7B-2E93-45AA-81C4-5E5DEEAB4C7F"]},{"name":"Country","code":"Country","comment":null,"annotation":null,"definition":null,"objectId":"E326289D-DF68-4860-BB03-6397B4220C8F","keywords":[],"history":["15B0CBC6-DD6B-4FC2-94C4-2D6B0B3AC5D5"],"parent":null,"simpleModelObjects":[{"name":"Country Size","code":"Country Size","comment":null,"annotation":null,"definition":null,"objectId":"DBC80DE1-AA4B-4D1B-929B-B2CC536AB25A","keywords":[],"history":["689D8FB0-CF7D-4320-BD33-638D691C1A8C"],"metadata":{"DEFINITION":null,"ANNOTATION":null,"COMMENT":null,"KEYWORDS":null},"allMappedObjects":["689D8FB0-CF7D-4320-BD33-638D691C1A8C"]},{"name":"Country Code","code":"Country Code","comment":null,"annotation":null,"definition":null,"objectId":"F40AB692-7F1F-47A2-9D1B-93BC71E0D702","keywords":[],"history":["676B8A5D-D76A-4C3D-A264-7DDEFBA982B8"],"metadata":{"DEFINITION":null,"ANNOTATION":null,"COMMENT":null,"KEYWORDS":null},"allMappedObjects":["676B8A5D-D76A-4C3D-A264-7DDEFBA982B8"]}],"metadata":{"DEFINITION":null,"ANNOTATION":null,"COMMENT":null,"KEYWORDS":null},"allMappedObjects":["15B0CBC6-DD6B-4FC2-94C4-2D6B0B3AC5D5"]},{"name":"Region","code":"Region","comment":null,"annotation":null,"definition":null,"objectId":"6D89E0A7-A4E7-4809-8B36-9CE6E8EFE9BB","keywords":[],"history":["AEA3B5E7-2839-410D-8DD2-0EA0893630E3"],"parent":null,"simpleModelObjects":[{"name":"Name","code":"Name","comment":null,"annotation":null,"definition":null,"objectId":"DAE4F524-0B8D-4946-9C68-92D27E07753D","keywords":[],"history":["84377ED2-B0CC-4557-BC08-0FE3995B896F"],"metadata":{"DEFINITION":null,"ANNOTATION":null,"COMMENT":null,"KEYWORDS":null},"allMappedObjects":["84377ED2-B0CC-4557-BC08-0FE3995B896F"]}],"metadata":{"DEFINITION":null,"ANNOTATION":null,"COMMENT":null,"KEYWORDS":null},"allMappedObjects":["AEA3B5E7-2839-410D-8DD2-0EA0893630E3"]},{"name":"Legal Person","code":"Legal Person","comment":null,"annotation":null,"definition":null,"objectId":"7D2B3DCA-E93F-4882-A70D-568CB6F7546D","keywords":[],"history":["0437324C-B0B5-4EA7-8058-F642C20DAFEC"],"parent":null,"simpleModelObjects":[{"name":"Name","code":"Name","comment":null,"annotation":null,"definition":null,"objectId":"FA15574D-1A5F-40EB-AA0C-D8037AACDED9","keywords":[],"history":["7868448B-1878-4E5E-8E42-CC2C176D2B0C"],"metadata":{"DEFINITION":null,"ANNOTATION":null,"COMMENT":null,"KEYWORDS":null},"allMappedObjects":["7868448B-1878-4E5E-8E42-CC2C176D2B0C"]},{"name":"Customer Type","code":"Customer Type","comment":null,"annotation":null,"definition":null,"objectId":"365B58E1-BFF7-4FCF-BD57-968BF4535F87","keywords":[],"history":["A879187D-62BF-445A-9EB0-A86FA89AC7E7"],"metadata":{"DEFINITION":null,"ANNOTATION":null,"COMMENT":null,"KEYWORDS":null},"allMappedObjects":["A879187D-62BF-445A-9EB0-A86FA89AC7E7"]}],"metadata":{"DEFINITION":null,"ANNOTATION":null,"COMMENT":null,"KEYWORDS":null},"allMappedObjects":["0437324C-B0B5-4EA7-8058-F642C20DAFEC"]},{"name":"Region Leading Customers","code":"Region Leading Customers","comment":null,"annotation":null,"definition":null,"objectId":"19D71057-3FF3-4488-9BC4-6823784ECEF9","keywords":[],"history":["9DE94E80-97F5-4EDC-85EB-8AF8CAA014D8"],"parent":null,"simpleModelObjects":[{"name":"CUST_CLASSIFICATION","code":"CUST_CLASSIFICATION","comment":null,"annotation":null,"definition":null,"objectId":"279C9EC2-0C48-42A3-AE16-657555D6BBE9","keywords":[],"history":["812313B6-8202-4669-847C-271F17E91CD3"],"metadata":{"DEFINITION":null,"ANNOTATION":null,"COMMENT":null,"KEYWORDS":null},"allMappedObjects":["812313B6-8202-4669-847C-271F17E91CD3"]},{"name":"ADDRESS_LINE1","code":"ADDRESS_LINE1","comment":null,"annotation":null,"definition":null,"objectId":"F847793B-27C0-42A2-A525-D7A53E136C26","keywords":[],"history":["EB860264-AF77-4DA7-81CB-4F16BFBA4D06"],"metadata":{"DEFINITION":null,"ANNOTATION":null,"COMMENT":null,"KEYWORDS":null},"allMappedObjects":["EB860264-AF77-4DA7-81CB-4F16BFBA4D06"]},{"name":"ADDRESS_LINE2","code":"ADDRESS_LINE2","comment":null,"annotation":null,"definition":null,"objectId":"D4AA75A0-93A4-40AD-8C35-DC268E18877F","keywords":[],"history":["994F6749-22F4-40DB-87D1-C10EB4C883DB"],"metadata":{"DEFINITION":null,"ANNOTATION":null,"COMMENT":null,"KEYWORDS":null},"allMappedObjects":["994F6749-22F4-40DB-87D1-C10EB4C883DB"]},{"name":"ADDRESS_LINE3","code":"ADDRESS_LINE3","comment":null,"annotation":null,"definition":null,"objectId":"50353FA0-BFAF-444A-9374-437AEC12AEAB","keywords":[],"history":["8B780736-5D6C-4979-89A3-A8191919DB8C"],"metadata":{"DEFINITION":null,"ANNOTATION":null,"COMMENT":null,"KEYWORDS":null},"allMappedObjects":["8B780736-5D6C-4979-89A3-A8191919DB8C"]},{"name":"COUNTRY","code":"COUNTRY","comment":null,"annotation":null,"definition":null,"objectId":"2FD25899-5CA3-4FCB-A2D4-76C32DDE7163","keywords":[],"history":["8E1B7344-BE87-487D-A134-4195F2EE4D9A"],"metadata":{"DEFINITION":null,"ANNOTATION":null,"COMMENT":null,"KEYWORDS":null},"allMappedObjects":["8E1B7344-BE87-487D-A134-4195F2EE4D9A"]},{"name":"CUSTOMER_NAME","code":"CUSTOMER_NAME","comment":null,"annotation":null,"definition":null,"objectId":"D62E8D4D-61F7-453E-8881-E888878EE43E","keywords":[],"history":["8CAF913D-E9C5-43E3-8EC7-7C40482B2733"],"metadata":{"DEFINITION":null,"ANNOTATION":null,"COMMENT":null,"KEYWORDS":null},"allMappedObjects":["8CAF913D-E9C5-43E3-8EC7-7C40482B2733"]},{"name":"ICO","code":"ICO","comment":null,"annotation":null,"definition":null,"objectId":"09E422F4-7EE8-475A-810C-2C91A44AC507","keywords":[],"history":["6E8914D2-1D47-4D80-997C-07CC0EFD22D2"],"metadata":{"DEFINITION":null,"ANNOTATION":null,"COMMENT":null,"KEYWORDS":null},"allMappedObjects":["6E8914D2-1D47-4D80-997C-07CC0EFD22D2"]},{"name":"CUSTOMER_NO","code":"CUSTOMER_NO","comment":null,"annotation":null,"definition":null,"objectId":"42E366AC-2C52-43C2-BDE2-9BA081A00A6A","keywords":[],"history":["CFD98D0E-F991-405E-9F0D-59DCB578AD1F"],"metadata":{"DEFINITION":null,"ANNOTATION":null,"COMMENT":null,"KEYWORDS":null},"allMappedObjects":["CFD98D0E-F991-405E-9F0D-59DCB578AD1F"]},{"name":"FULL_NAME","code":"FULL_NAME","comment":null,"annotation":null,"definition":null,"objectId":"6B8F50FF-83A0-4E85-B960-0C597A5FB635","keywords":[],"history":["D64A915D-905D-4E5A-8A9C-9472B1AF3963"],"metadata":{"DEFINITION":null,"ANNOTATION":null,"COMMENT":null,"KEYWORDS":null},"allMappedObjects":["D64A915D-905D-4E5A-8A9C-9472B1AF3963"]},{"name":"SNAP_DATE","code":"SNAP_DATE","comment":null,"annotation":null,"definition":null,"objectId":"4847B3D9-7414-4625-BE86-F7E1AF2220B1","keywords":[],"history":["F51414AA-1A45-4C6F-A3B9-E00C2D942566"],"metadata":{"DEFINITION":null,"ANNOTATION":null,"COMMENT":null,"KEYWORDS":null},"allMappedObjects":["F51414AA-1A45-4C6F-A3B9-E00C2D942566"]},{"name":"DATE_OF_BIRTH","code":"DATE_OF_BIRTH","comment":null,"annotation":null,"definition":null,"objectId":"0A02CCA8-73F4-4381-97E3-355CC29EF8D9","keywords":[],"history":["37390BDB-EAE7-4B1D-A647-7637473A6389"],"metadata":{"DEFINITION":null,"ANNOTATION":null,"COMMENT":null,"KEYWORDS":null},"allMappedObjects":["37390BDB-EAE7-4B1D-A647-7637473A6389"]},{"name":"DIC","code":"DIC","comment":null,"annotation":null,"definition":null,"objectId":"692BEE7E-356D-49B3-A4B0-EDEDEB0505AD","keywords":[],"history":["C25308EA-2F13-4BBA-9FE6-AE0A935645E2"],"metadata":{"DEFINITION":null,"ANNOTATION":null,"COMMENT":null,"KEYWORDS":null},"allMappedObjects":["C25308EA-2F13-4BBA-9FE6-AE0A935645E2"]}],"metadata":{"DEFINITION":null,"ANNOTATION":null,"COMMENT":null,"KEYWORDS":null},"allMappedObjects":["9DE94E80-97F5-4EDC-85EB-8AF8CAA014D8"]}]}