{"name":"MetadataModel","code":"MetadataModel","comment":null,"annotation":null,"definition":null,"objectId":"8F05D487-4273-4BF6-98E8-7468D4F2E453","keywords":[],"history":[],"fileName":"MetadataModel.cdm","metadata":{"DEFINITION":null,"ANNOTATION":null,"COMMENT":null,"KEYWORDS":null},"compositeModelObjects":[{"name":"Entity_2","code":"Entity_2","comment":"Comment of Entity_2","annotation":"Annotation of Entity_2\n","definition":"Definition of Entity_2\n","objectId":"79409CBC-682A-4FAB-82C4-7A25529C2C72","keywords":[],"history":[],"parent":null,"simpleModelObjects":[{"name":"Attribute_2","code":"Attribute_2","comment":"Comment of Attribute_2","annotation":null,"definition":null,"objectId":"5B7E856E-619F-405B-AE8A-F1AFC87904E7","keywords":[null],"history":[],"metadata":{"COMMENT":"Comment of Attribute_2","KEYWORDS":"null"},"allMappedObjects":[]},{"name":"Attribute_1","code":"Attribute_1","comment":"Comment of Attribute_1","annotation":null,"definition":null,"objectId":"85B9E4D4-EC49-4585-B705-63822D1645AA","keywords":[null],"history":[],"metadata":{"COMMENT":"Comment of Attribute_1","KEYWORDS":"null"},"allMappedObjects":[]}],"metadata":{"DEFINITION":"Definition of Entity_2\n","ANNOTATION":"Annotation of Entity_2\n","COMMENT":"Comment of Entity_2","KEYWORDS":null},"allMappedObjects":[]},{"name":"Entity_3","code":"Entity_3","comment":"Comment of Entity_3","annotation":"Annotation of Entity_3\n","definition":"Definition of Entity_3\n","objectId":"3B77834B-9D68-486F-A27B-FFA53D268216","keywords":["entity metadata"],"history":[],"parent":null,"simpleModelObjects":[{"name":"Attribute_3","code":"Attribute_3","comment":"Comment of Attribute_1","annotation":null,"definition":null,"objectId":"3BCF6C8F-1D8C-4B48-B36F-E4464E5A15F9","keywords":[null],"history":[],"metadata":{"COMMENT":"Comment of Attribute_1","KEYWORDS":"null"},"allMappedObjects":[]}],"metadata":{"DEFINITION":"Definition of Entity_3\n","ANNOTATION":"Annotation of Entity_3\n","COMMENT":"Comment of Entity_3","KEYWORDS":"entity metadata"},"allMappedObjects":[]},{"name":"Entity_1","code":"Entity_1","comment":"Comment of Entity_1","annotation":" Annotation of Entity_1\n","definition":" Definition of Entity_1\n","objectId":"4971B8DA-3712-420F-BADE-1045C9BC0DCD","keywords":["comma","keywords Entity_1 metadata powerdesigner comma"],"history":[],"parent":null,"simpleModelObjects":[{"name":"Attribute_3","code":"Attribute_3","comment":"Comment of Attribute_1","annotation":null,"definition":null,"objectId":"3F4C17A7-2787-4161-8A0D-7D36E5DAC333","keywords":[null],"history":[],"metadata":{"COMMENT":"Comment of Attribute_1","KEYWORDS":"null"},"allMappedObjects":[]},{"name":"Attribute_2","code":"Attribute_2","comment":"Comment of Attribute_2","annotation":null,"definition":null,"objectId":"A1BE8D32-3E1E-4589-AA20-D4BD54FCBACD","keywords":[null],"history":[],"metadata":{"COMMENT":"Comment of Attribute_2","KEYWORDS":"null"},"allMappedObjects":[]},{"name":"Attribute_1","code":"Attribute_1","comment":"Comment of Attribute_1","annotation":null,"definition":null,"objectId":"CF86E72C-2684-45DF-A97E-A2CBB9C0C074","keywords":[null],"history":[],"metadata":{"COMMENT":"Comment of Attribute_1","KEYWORDS":"null"},"allMappedObjects":[]}],"metadata":{"DEFINITION":" Definition of Entity_1\n","ANNOTATION":" Annotation of Entity_1\n","COMMENT":"Comment of Entity_1","KEYWORDS":"comma, keywords Entity_1 metadata powerdesigner comma"},"allMappedObjects":[]}]}