{"name":"MetadataModel","code":"MetadataModel","comment":null,"annotation":null,"definition":null,"objectId":"9C0A3504-8127-49A1-B60B-CAC3A2266935","keywords":[],"history":["E3F068C3-6035-47FC-8D90-77BA0EC0E561"],"fileName":"MetadataModel.pdm","allSchemas":[{"name":null,"code":null,"comment":null,"annotation":null,"definition":null,"objectId":null,"keywords":[],"history":[],"compositeModelObjects":[{"name":"Entity_2","code":"Entity_2","comment":"Comment of Entity_2","annotation":"Annotation of Entity_2\n","definition":"Definition of Entity_2\n","objectId":"AE38C22A-BB12-49A4-9B0C-6362BAD0DAC0","keywords":[],"history":["79409CBC-682A-4FAB-82C4-7A25529C2C72","AFEC782C-83F4-45D5-A7A2-A105A2C608DE"],"simpleModelObjects":[{"name":"Attribute_2","code":"Attribute_2","comment":"Comment of Attribute_2","annotation":"Annotation of Attribute_2\n","definition":"Definition of Attribute_2\n","objectId":"BDE84040-F0AE-45A5-A4F0-EA0C01DA96BC","keywords":[],"history":["2A497E96-804B-4DFC-8482-BCAFBB279636","5B7E856E-619F-405B-AE8A-F1AFC87904E7"],"metadata":{"DEFINITION":"Definition of Attribute_2\n","ANNOTATION":"Annotation of Attribute_2\n","COMMENT":"Comment of Attribute_2","KEYWORDS":null},"allMappedObjects":["2A497E96-804B-4DFC-8482-BCAFBB279636","5B7E856E-619F-405B-AE8A-F1AFC87904E7"]},{"name":"Attribute_1","code":"Attribute_1","comment":"Comment of Attribute_1","annotation":"Annotation of Attribute_1\n","definition":"Definition of Attribute_1\n","objectId":"6CDD233D-1936-4239-BB19-E88548888D2C","keywords":[],"history":["8DE9B292-82F5-4DB0-BE95-7531B0F58BA4","85B9E4D4-EC49-4585-B705-63822D1645AA"],"metadata":{"DEFINITION":"Definition of Attribute_1\n","ANNOTATION":"Annotation of Attribute_1\n","COMMENT":"Comment of Attribute_1","KEYWORDS":null},"allMappedObjects":["8DE9B292-82F5-4DB0-BE95-7531B0F58BA4","85B9E4D4-EC49-4585-B705-63822D1645AA"]}],"metadata":{"DEFINITION":"Definition of Entity_2\n","ANNOTATION":"Annotation of Entity_2\n","COMMENT":"Comment of Entity_2","KEYWORDS":null},"allMappedObjects":["79409CBC-682A-4FAB-82C4-7A25529C2C72","AFEC782C-83F4-45D5-A7A2-A105A2C608DE"]},{"name":"Entity_3","code":"Entity_3","comment":"Comment of Entity_3","annotation":"Annotation of Entity_3\n","definition":"Definition of Entity_3\n","objectId":"BE9B1E40-3265-4CCC-BEBF-62415C185E34","keywords":[],"history":["3B77834B-9D68-486F-A27B-FFA53D268216","6FCFE362-70B5-4682-809B-9CA884894290"],"simpleModelObjects":[{"name":"Attribute_3","code":"Attribute_3","comment":"Comment of Attribute_1","annotation":"Annotation of Attribute_2\n","definition":"Definition of Attribute_3\n","objectId":"01ADC451-0834-4D7C-B7C3-50A605E53710","keywords":[],"history":["3BCF6C8F-1D8C-4B48-B36F-E4464E5A15F9","8FD103F3-0317-44CE-A90D-7A8532598CFC"],"metadata":{"DEFINITION":"Definition of Attribute_3\n","ANNOTATION":"Annotation of Attribute_2\n","COMMENT":"Comment of Attribute_1","KEYWORDS":null},"allMappedObjects":["3BCF6C8F-1D8C-4B48-B36F-E4464E5A15F9","8FD103F3-0317-44CE-A90D-7A8532598CFC"]}],"metadata":{"DEFINITION":"Definition of Entity_3\n","ANNOTATION":"Annotation of Entity_3\n","COMMENT":"Comment of Entity_3","KEYWORDS":null},"allMappedObjects":["3B77834B-9D68-486F-A27B-FFA53D268216","6FCFE362-70B5-4682-809B-9CA884894290"]},{"name":"Entity_1","code":"Entity_1","comment":"Comment of Entity_1","annotation":" Annotation of Entity_1\n","definition":" Definition of Entity_1\n","objectId":"525E882D-44BF-4045-B5FB-95356C55CA5C","keywords":[],"history":["4971B8DA-3712-420F-BADE-1045C9BC0DCD","C2C3A89A-E834-424E-94A6-BBD7561BF4BB"],"simpleModelObjects":[{"name":"Attribute_3","code":"Attribute_3","comment":"Comment of Attribute_1","annotation":"Annotation of Attribute_2\n","definition":"Definition of Attribute_3\n","objectId":"0997D8BF-6A11-4FF0-BF21-8A598781745E","keywords":[],"history":["66C7DEE2-AF71-4664-884C-B71E14D48591","3F4C17A7-2787-4161-8A0D-7D36E5DAC333"],"metadata":{"DEFINITION":"Definition of Attribute_3\n","ANNOTATION":"Annotation of Attribute_2\n","COMMENT":"Comment of Attribute_1","KEYWORDS":null},"allMappedObjects":["66C7DEE2-AF71-4664-884C-B71E14D48591","3F4C17A7-2787-4161-8A0D-7D36E5DAC333"]},{"name":"Attribute_2","code":"Attribute_2","comment":"Comment of Attribute_2","annotation":"Annotation of Attribute_2\n","definition":"Definition of Attribute_2\n","objectId":"A60CF9B7-6AAA-4CBB-92A1-E9C85AC41FF9","keywords":[],"history":["D0AD8C9F-9C41-4B2C-A8EB-26F444199ADB","A1BE8D32-3E1E-4589-AA20-D4BD54FCBACD"],"metadata":{"DEFINITION":"Definition of Attribute_2\n","ANNOTATION":"Annotation of Attribute_2\n","COMMENT":"Comment of Attribute_2","KEYWORDS":null},"allMappedObjects":["D0AD8C9F-9C41-4B2C-A8EB-26F444199ADB","A1BE8D32-3E1E-4589-AA20-D4BD54FCBACD"]},{"name":"Attribute_1","code":"Attribute_1","comment":"Comment of Attribute_1","annotation":"Annotation of Attribute_1\n","definition":"Definition of Attribute_1\n","objectId":"4A274A03-92EF-476A-83F6-BC4B722DEB9F","keywords":[],"history":["F03A3F47-79D8-4FD8-9B7F-3FE72B726743","CF86E72C-2684-45DF-A97E-A2CBB9C0C074"],"metadata":{"DEFINITION":"Definition of Attribute_1\n","ANNOTATION":"Annotation of Attribute_1\n","COMMENT":"Comment of Attribute_1","KEYWORDS":null},"allMappedObjects":["F03A3F47-79D8-4FD8-9B7F-3FE72B726743","CF86E72C-2684-45DF-A97E-A2CBB9C0C074"]}],"metadata":{"DEFINITION":" Definition of Entity_1\n","ANNOTATION":" Annotation of Entity_1\n","COMMENT":"Comment of Entity_1","KEYWORDS":null},"allMappedObjects":["4971B8DA-3712-420F-BADE-1045C9BC0DCD","C2C3A89A-E834-424E-94A6-BBD7561BF4BB"]}],"metadata":{}}],"metadata":{"DEFINITION":null,"ANNOTATION":null,"COMMENT":null,"KEYWORDS":null}}