{"name":"Project Management (PDM)","code":"PROJECT","comment":"Project Management","annotation":null,"definition":"Model option\nRelationship unique code option has been removed to allow several relationships to have the same name between different entities.","objectId":"AEA9ECD4-5833-4347-9A7B-87D0E31C248E","keywords":[],"history":["AC4A403B-39A5-4029-A094-03034ED419F1"],"fileName":"project.pdm","allSchemas":[{"name":null,"code":null,"comment":null,"annotation":null,"definition":null,"objectId":null,"keywords":[],"history":[],"compositeModelObjects":[{"name":"Project","code":"PROJECT","comment":null,"annotation":null,"definition":null,"objectId":"460A3ABC-60ED-4C73-B0F2-2468D9B1DA21","keywords":[],"history":["8256DC02-7B26-4CEB-B68C-AF9ADA7CE96F","0D04C847-257F-11D3-AD6C-0008C752DCF8"],"simpleModelObjects":[{"name":"Customer number","code":"CUSNUM","comment":null,"annotation":null,"definition":null,"objectId":"3D06E1A9-3302-4A5B-AA43-3E22DEE0DF6A","keywords":[],"history":["0D04C869-257F-11D3-AD6C-0008C752DCF8","F4702AD4-1366-4F3B-8B55-47535EC9890B","0D04C84D-257F-11D3-AD6C-0008C752DCF8"],"metadata":{"DEFINITION":null,"ANNOTATION":null,"COMMENT":null,"KEYWORDS":null},"allMappedObjects":["0D04C869-257F-11D3-AD6C-0008C752DCF8","F4702AD4-1366-4F3B-8B55-47535EC9890B","0D04C84D-257F-11D3-AD6C-0008C752DCF8"]},{"name":"Project name","code":"PRONAME","comment":null,"annotation":null,"definition":null,"objectId":"FDEDC39B-9D0F-4404-A0FD-6EE24D0399D9","keywords":[],"history":["F9AD3333-EDD2-4896-9724-B09C0335C020","0D04C879-257F-11D3-AD6C-0008C752DCF8"],"metadata":{"DEFINITION":null,"ANNOTATION":null,"COMMENT":null,"KEYWORDS":null},"allMappedObjects":["F9AD3333-EDD2-4896-9724-B09C0335C020","0D04C879-257F-11D3-AD6C-0008C752DCF8"]},{"name":"End date (act)","code":"ACTEND","comment":null,"annotation":null,"definition":null,"objectId":"500A49DD-4D34-41B3-ABE4-C16F23A9D9B3","keywords":[],"history":["0D04C894-257F-11D3-AD6C-0008C752DCF8","0846155F-89A5-490A-9EF4-62FB1A1E2640","0D04C89A-257F-11D3-AD6C-0008C752DCF8"],"metadata":{"DEFINITION":null,"ANNOTATION":null,"COMMENT":null,"KEYWORDS":null},"allMappedObjects":["0D04C894-257F-11D3-AD6C-0008C752DCF8","0846155F-89A5-490A-9EF4-62FB1A1E2640","0D04C89A-257F-11D3-AD6C-0008C752DCF8"]},{"name":"Employee number","code":"EMPNUM","comment":null,"annotation":null,"definition":null,"objectId":"CC14C462-1093-42D3-A748-6DDE823B0F75","keywords":[],"history":["0D04C85E-257F-11D3-AD6C-0008C752DCF8","B928981D-AA8C-4A17-B549-BC7FF949B74C","0D04C850-257F-11D3-AD6C-0008C752DCF8"],"metadata":{"DEFINITION":null,"ANNOTATION":null,"COMMENT":null,"KEYWORDS":null},"allMappedObjects":["0D04C85E-257F-11D3-AD6C-0008C752DCF8","B928981D-AA8C-4A17-B549-BC7FF949B74C","0D04C850-257F-11D3-AD6C-0008C752DCF8"]},{"name":"Project number","code":"PRONUM","comment":null,"annotation":null,"definition":null,"objectId":"C7D39B44-C024-4780-8836-911CDCA858B3","keywords":[],"history":["10CB1372-53D7-4C20-A55A-399B425A6298","0D04C876-257F-11D3-AD6C-0008C752DCF8"],"metadata":{"DEFINITION":null,"ANNOTATION":null,"COMMENT":null,"KEYWORDS":null},"allMappedObjects":["10CB1372-53D7-4C20-A55A-399B425A6298","0D04C876-257F-11D3-AD6C-0008C752DCF8"]},{"name":"Project label","code":"PROLABL","comment":null,"annotation":null,"definition":null,"objectId":"9A85E305-928D-4BC2-94CC-DCC17D7A7B78","keywords":[],"history":["0D04C87B-257F-11D3-AD6C-0008C752DCF8","50C6AD24-4E5A-48D4-AAD9-069A19052FE1"],"metadata":{"DEFINITION":null,"ANNOTATION":null,"COMMENT":null,"KEYWORDS":null},"allMappedObjects":["0D04C87B-257F-11D3-AD6C-0008C752DCF8","50C6AD24-4E5A-48D4-AAD9-069A19052FE1"]},{"name":"Start date (act)","code":"ACTBEG","comment":null,"annotation":null,"definition":null,"objectId":"45608CEB-8857-4E5C-B9BF-FC0F4AE853F2","keywords":[],"history":["0D04C892-257F-11D3-AD6C-0008C752DCF8","426405C2-C013-4401-8D67-00BF94B9CE17","0D04C89A-257F-11D3-AD6C-0008C752DCF8"],"metadata":{"DEFINITION":null,"ANNOTATION":null,"COMMENT":null,"KEYWORDS":null},"allMappedObjects":["0D04C892-257F-11D3-AD6C-0008C752DCF8","426405C2-C013-4401-8D67-00BF94B9CE17","0D04C89A-257F-11D3-AD6C-0008C752DCF8"]}],"metadata":{"DEFINITION":null,"ANNOTATION":null,"COMMENT":null,"KEYWORDS":null},"allMappedObjects":["8256DC02-7B26-4CEB-B68C-AF9ADA7CE96F","0D04C847-257F-11D3-AD6C-0008C752DCF8"]},{"name":"Task","code":"TASK","comment":null,"annotation":null,"definition":null,"objectId":"F0656266-654C-4977-8912-40293B553D23","keywords":[],"history":["0D04C849-257F-11D3-AD6C-0008C752DCF8","B307ACBD-D4C0-4E25-881C-E020CFBDC7F1"],"simpleModelObjects":[{"name":"Task cost","code":"TSKCOST","comment":null,"annotation":null,"definition":null,"objectId":"7792044A-AF2C-4623-8B5D-CAD852A816BD","keywords":[],"history":["0D04C885-257F-11D3-AD6C-0008C752DCF8","6E7EE7D2-74DD-426B-91EE-27EF30016245"],"metadata":{"DEFINITION":null,"ANNOTATION":null,"COMMENT":null,"KEYWORDS":null},"allMappedObjects":["0D04C885-257F-11D3-AD6C-0008C752DCF8","6E7EE7D2-74DD-426B-91EE-27EF30016245"]},{"name":"End date (act)","code":"ACTEND","comment":null,"annotation":null,"definition":null,"objectId":"D79848DE-FC57-4DE9-A163-D3A3750D7A51","keywords":[],"history":["0D04C894-257F-11D3-AD6C-0008C752DCF8","409A6BFA-2310-46C4-AB07-1305DD8BF1B0","0D04C899-257F-11D3-AD6C-0008C752DCF8"],"metadata":{"DEFINITION":null,"ANNOTATION":null,"COMMENT":null,"KEYWORDS":null},"allMappedObjects":["0D04C894-257F-11D3-AD6C-0008C752DCF8","409A6BFA-2310-46C4-AB07-1305DD8BF1B0","0D04C899-257F-11D3-AD6C-0008C752DCF8"]},{"name":"Task name","code":"TSKNAME","comment":null,"annotation":null,"definition":null,"objectId":"3B1AD250-2BED-4BB2-AFF5-18A0646962BD","keywords":[],"history":["0D04C882-257F-11D3-AD6C-0008C752DCF8","F1708420-351D-49AA-9EEB-A474BFE56180"],"metadata":{"DEFINITION":null,"ANNOTATION":null,"COMMENT":null,"KEYWORDS":null},"allMappedObjects":["0D04C882-257F-11D3-AD6C-0008C752DCF8","F1708420-351D-49AA-9EEB-A474BFE56180"]},{"name":"Project number","code":"PRONUM","comment":null,"annotation":null,"definition":null,"objectId":"4DDCF17C-6CF5-4D5F-A2EA-032E7DBDC09E","keywords":[],"history":["0D04C851-257F-11D3-AD6C-0008C752DCF8","C3D32D2C-9B6D-4AA9-923F-43BFADBCCD28","0D04C876-257F-11D3-AD6C-0008C752DCF8"],"metadata":{"DEFINITION":null,"ANNOTATION":null,"COMMENT":null,"KEYWORDS":null},"allMappedObjects":["0D04C851-257F-11D3-AD6C-0008C752DCF8","C3D32D2C-9B6D-4AA9-923F-43BFADBCCD28","0D04C876-257F-11D3-AD6C-0008C752DCF8"]},{"name":"Start date (act)","code":"ACTBEG","comment":null,"annotation":null,"definition":null,"objectId":"2779B635-2AFB-4275-8673-A4F01F4A4E1A","keywords":[],"history":["B5529F74-2B52-45A7-849E-2FFA83D1F3C8","0D04C892-257F-11D3-AD6C-0008C752DCF8","0D04C899-257F-11D3-AD6C-0008C752DCF8"],"metadata":{"DEFINITION":null,"ANNOTATION":null,"COMMENT":null,"KEYWORDS":null},"allMappedObjects":["B5529F74-2B52-45A7-849E-2FFA83D1F3C8","0D04C892-257F-11D3-AD6C-0008C752DCF8","0D04C899-257F-11D3-AD6C-0008C752DCF8"]}],"metadata":{"DEFINITION":null,"ANNOTATION":null,"COMMENT":null,"KEYWORDS":null},"allMappedObjects":["0D04C849-257F-11D3-AD6C-0008C752DCF8","B307ACBD-D4C0-4E25-881C-E020CFBDC7F1"]},{"name":"Compose","code":"COMPOSE","comment":null,"annotation":null,"definition":null,"objectId":"266886BE-F9B3-4541-AE94-29ABE5619B0E","keywords":[],"history":["E90B4F4F-41FE-4BDA-98B0-4AFD6DDDB025","0D04C854-257F-11D3-AD6C-0008C752DCF8"],"simpleModelObjects":[{"name":"Mat_Material number","code":"MAT_MATNUM","comment":null,"annotation":null,"definition":null,"objectId":"83774B6A-801E-4869-83BE-7768108E77FB","keywords":[],"history":["0D04C854-257F-11D3-AD6C-0008C752DCF8","09E712CC-B090-43D5-9E24-A2EBECBCAE4A","0D04C887-257F-11D3-AD6C-0008C752DCF8"],"metadata":{"DEFINITION":null,"ANNOTATION":null,"COMMENT":null,"KEYWORDS":null},"allMappedObjects":["0D04C854-257F-11D3-AD6C-0008C752DCF8","09E712CC-B090-43D5-9E24-A2EBECBCAE4A","0D04C887-257F-11D3-AD6C-0008C752DCF8"]},{"name":"Material number","code":"MATNUM","comment":null,"annotation":null,"definition":null,"objectId":"3BC889D5-5544-4FDA-AB43-AB174A6C1F04","keywords":[],"history":["0D04C854-257F-11D3-AD6C-0008C752DCF8","AB92E1B9-8BEB-49E9-95FF-3B534F07E9BD","0D04C887-257F-11D3-AD6C-0008C752DCF8"],"metadata":{"DEFINITION":null,"ANNOTATION":null,"COMMENT":null,"KEYWORDS":null},"allMappedObjects":["0D04C854-257F-11D3-AD6C-0008C752DCF8","AB92E1B9-8BEB-49E9-95FF-3B534F07E9BD","0D04C887-257F-11D3-AD6C-0008C752DCF8"]}],"metadata":{"DEFINITION":null,"ANNOTATION":null,"COMMENT":null,"KEYWORDS":null},"allMappedObjects":["E90B4F4F-41FE-4BDA-98B0-4AFD6DDDB025","0D04C854-257F-11D3-AD6C-0008C752DCF8"]},{"name":"Employee","code":"EMPLOYEE","comment":null,"annotation":null,"definition":null,"objectId":"EAC8587F-E910-46EC-A2B4-758EF23EE31B","keywords":[],"history":["1BF66669-D3E6-4073-8506-F5239C69BBBD","0D04C845-257F-11D3-AD6C-0008C752DCF8"],"simpleModelObjects":[{"name":"Employee number","code":"EMPNUM","comment":null,"annotation":null,"definition":null,"objectId":"00346BFE-FEC5-44DA-B4C1-E763AC0F41CD","keywords":[],"history":["0D04C85E-257F-11D3-AD6C-0008C752DCF8","D3B5DA2A-B789-4A99-BA11-1B856D554B25"],"metadata":{"DEFINITION":null,"ANNOTATION":null,"COMMENT":null,"KEYWORDS":null},"allMappedObjects":["0D04C85E-257F-11D3-AD6C-0008C752DCF8","D3B5DA2A-B789-4A99-BA11-1B856D554B25"]},{"name":"Employee function","code":"EMPFUNC","comment":null,"annotation":null,"definition":null,"objectId":"5DF39747-A32E-4723-992E-E93CB3BDBE4C","keywords":[],"history":["0D04C865-257F-11D3-AD6C-0008C752DCF8","B2803CAA-EF1C-48DF-8916-3EDB230ABB46"],"metadata":{"DEFINITION":null,"ANNOTATION":null,"COMMENT":null,"KEYWORDS":null},"allMappedObjects":["0D04C865-257F-11D3-AD6C-0008C752DCF8","B2803CAA-EF1C-48DF-8916-3EDB230ABB46"]},{"name":"Division number","code":"DIVNUM","comment":null,"annotation":null,"definition":null,"objectId":"3A0D1758-1FCF-430F-8AFD-55EEFE3CD272","keywords":[],"history":["0D04C857-257F-11D3-AD6C-0008C752DCF8","AB60075B-076B-4C01-A79F-95492DCD6284","0D04C853-257F-11D3-AD6C-0008C752DCF8"],"metadata":{"DEFINITION":null,"ANNOTATION":null,"COMMENT":null,"KEYWORDS":null},"allMappedObjects":["0D04C857-257F-11D3-AD6C-0008C752DCF8","AB60075B-076B-4C01-A79F-95492DCD6284","0D04C853-257F-11D3-AD6C-0008C752DCF8"]},{"name":"Employee salary","code":"EMPSAL","comment":null,"annotation":null,"definition":null,"objectId":"5A099E91-7D85-4A9D-B6B8-8863CFC4251B","keywords":[],"history":["0D04C867-257F-11D3-AD6C-0008C752DCF8","73FF8723-C149-4C22-8687-3B470ABAD7A9"],"metadata":{"DEFINITION":null,"ANNOTATION":null,"COMMENT":null,"KEYWORDS":null},"allMappedObjects":["0D04C867-257F-11D3-AD6C-0008C752DCF8","73FF8723-C149-4C22-8687-3B470ABAD7A9"]},{"name":"First name","code":"EMPFNAM","comment":null,"annotation":null,"definition":null,"objectId":"AB0AD560-78C4-433F-863C-D1D5E492D196","keywords":[],"history":["0D04C861-257F-11D3-AD6C-0008C752DCF8","898D3F5E-F3DD-4BE8-9425-97BB7EB63AA7"],"metadata":{"DEFINITION":null,"ANNOTATION":null,"COMMENT":null,"KEYWORDS":null},"allMappedObjects":["0D04C861-257F-11D3-AD6C-0008C752DCF8","898D3F5E-F3DD-4BE8-9425-97BB7EB63AA7"]},{"name":"Emp_Employee number","code":"EMP_EMPNUM","comment":null,"annotation":null,"definition":null,"objectId":"AE5E998D-000D-4146-8720-733AB95FE214","keywords":[],"history":["0D04C85E-257F-11D3-AD6C-0008C752DCF8","C9887A6D-E606-4252-9958-DBF7AC50DCAD","0D04C84F-257F-11D3-AD6C-0008C752DCF8"],"metadata":{"DEFINITION":null,"ANNOTATION":null,"COMMENT":null,"KEYWORDS":null},"allMappedObjects":["0D04C85E-257F-11D3-AD6C-0008C752DCF8","C9887A6D-E606-4252-9958-DBF7AC50DCAD","0D04C84F-257F-11D3-AD6C-0008C752DCF8"]},{"name":"Last name","code":"EMPLNAM","comment":null,"annotation":null,"definition":null,"objectId":"8D8512A4-8A03-4258-A861-E99F24E3A4C7","keywords":[],"history":["0D04C863-257F-11D3-AD6C-0008C752DCF8","9B0F5D7A-F7E8-4EC8-B0E9-43785217BBC3"],"metadata":{"DEFINITION":null,"ANNOTATION":null,"COMMENT":null,"KEYWORDS":null},"allMappedObjects":["0D04C863-257F-11D3-AD6C-0008C752DCF8","9B0F5D7A-F7E8-4EC8-B0E9-43785217BBC3"]}],"metadata":{"DEFINITION":null,"ANNOTATION":null,"COMMENT":null,"KEYWORDS":null},"allMappedObjects":["1BF66669-D3E6-4073-8506-F5239C69BBBD","0D04C845-257F-11D3-AD6C-0008C752DCF8"]},{"name":"Customer","code":"CUSTOMER","comment":null,"annotation":null,"definition":null,"objectId":"9514965D-96E6-4D58-8494-40D5F3856288","keywords":[],"history":["7CE877E6-5C6F-433F-BB7F-93A0EF7D425A","0D04C846-257F-11D3-AD6C-0008C752DCF8"],"simpleModelObjects":[{"name":"Customer telephone","code":"CUSTEL","comment":null,"annotation":null,"definition":null,"objectId":"C07A55CE-5D2A-44C1-B036-3D9F2ED87FDD","keywords":[],"history":["C800E464-1B24-4F07-B033-CBF6F06621EB","0D04C872-257F-11D3-AD6C-0008C752DCF8"],"metadata":{"DEFINITION":null,"ANNOTATION":null,"COMMENT":null,"KEYWORDS":null},"allMappedObjects":["C800E464-1B24-4F07-B033-CBF6F06621EB","0D04C872-257F-11D3-AD6C-0008C752DCF8"]},{"name":"Customer number","code":"CUSNUM","comment":null,"annotation":null,"definition":null,"objectId":"7E3B0465-3694-4C23-AAE0-8ABC328EC967","keywords":[],"history":["0D04C869-257F-11D3-AD6C-0008C752DCF8","8FFF8ED0-998F-4E6B-BD95-65D555C21810"],"metadata":{"DEFINITION":null,"ANNOTATION":null,"COMMENT":null,"KEYWORDS":null},"allMappedObjects":["0D04C869-257F-11D3-AD6C-0008C752DCF8","8FFF8ED0-998F-4E6B-BD95-65D555C21810"]},{"name":"Customer name","code":"CUSNAME","comment":null,"annotation":null,"definition":null,"objectId":"87C5A4A8-AB31-46A4-BCC2-5C0AA8838D0D","keywords":[],"history":["0D04C86C-257F-11D3-AD6C-0008C752DCF8","15AB6A5D-6873-4DBE-9314-A45CB90A1EE4"],"metadata":{"DEFINITION":null,"ANNOTATION":null,"COMMENT":null,"KEYWORDS":null},"allMappedObjects":["0D04C86C-257F-11D3-AD6C-0008C752DCF8","15AB6A5D-6873-4DBE-9314-A45CB90A1EE4"]},{"name":"Customer fax","code":"CUSFAX","comment":null,"annotation":null,"definition":null,"objectId":"E10AA22C-F03F-41D6-998C-D1001F597D10","keywords":[],"history":["809E5C43-A901-4FA3-A652-F0198ECBFA63","0D04C874-257F-11D3-AD6C-0008C752DCF8"],"metadata":{"DEFINITION":null,"ANNOTATION":null,"COMMENT":null,"KEYWORDS":null},"allMappedObjects":["809E5C43-A901-4FA3-A652-F0198ECBFA63","0D04C874-257F-11D3-AD6C-0008C752DCF8"]},{"name":"Customer activity","code":"CUSACT","comment":null,"annotation":null,"definition":null,"objectId":"23F51A33-AEC0-45F3-81A6-DAF99582AD26","keywords":[],"history":["9BF1562E-7698-4F0D-B42A-860ADEFD4D6D","0D04C870-257F-11D3-AD6C-0008C752DCF8"],"metadata":{"DEFINITION":null,"ANNOTATION":null,"COMMENT":null,"KEYWORDS":null},"allMappedObjects":["9BF1562E-7698-4F0D-B42A-860ADEFD4D6D","0D04C870-257F-11D3-AD6C-0008C752DCF8"]},{"name":"Customer address","code":"CUSADDR","comment":null,"annotation":null,"definition":null,"objectId":"84F71270-9513-45F2-9BFF-6B4E5614F31B","keywords":[],"history":["0D04C86E-257F-11D3-AD6C-0008C752DCF8","C4DC15C7-79A9-4A59-BBB8-BAE91A6A406B"],"metadata":{"DEFINITION":null,"ANNOTATION":null,"COMMENT":null,"KEYWORDS":null},"allMappedObjects":["0D04C86E-257F-11D3-AD6C-0008C752DCF8","C4DC15C7-79A9-4A59-BBB8-BAE91A6A406B"]}],"metadata":{"DEFINITION":null,"ANNOTATION":null,"COMMENT":null,"KEYWORDS":null},"allMappedObjects":["7CE877E6-5C6F-433F-BB7F-93A0EF7D425A","0D04C846-257F-11D3-AD6C-0008C752DCF8"]},{"name":"Used","code":"USED","comment":null,"annotation":null,"definition":null,"objectId":"51D9D246-15C8-4585-815C-FFA194BAEDD6","keywords":[],"history":["0D04C852-257F-11D3-AD6C-0008C752DCF8","EECA4A7B-A6BF-4DB6-89F4-98F35A508113"],"simpleModelObjects":[{"name":"Material number","code":"MATNUM","comment":null,"annotation":null,"definition":null,"objectId":"200D56FB-3084-4817-B9A2-CC9352888B38","keywords":[],"history":["2CB99492-B227-4970-92B7-F10E5AE5D875","0D04C852-257F-11D3-AD6C-0008C752DCF8","0D04C887-257F-11D3-AD6C-0008C752DCF8"],"metadata":{"DEFINITION":null,"ANNOTATION":null,"COMMENT":null,"KEYWORDS":null},"allMappedObjects":["2CB99492-B227-4970-92B7-F10E5AE5D875","0D04C852-257F-11D3-AD6C-0008C752DCF8","0D04C887-257F-11D3-AD6C-0008C752DCF8"]},{"name":"Employee number","code":"EMPNUM","comment":null,"annotation":null,"definition":null,"objectId":"5A8AE784-644A-457A-A217-8BA814D1ED2C","keywords":[],"history":["0D04C85E-257F-11D3-AD6C-0008C752DCF8","0D04C852-257F-11D3-AD6C-0008C752DCF8","0A19EAA3-8A3A-4C0D-8008-CD32E14B8919"],"metadata":{"DEFINITION":null,"ANNOTATION":null,"COMMENT":null,"KEYWORDS":null},"allMappedObjects":["0D04C85E-257F-11D3-AD6C-0008C752DCF8","0D04C852-257F-11D3-AD6C-0008C752DCF8","0A19EAA3-8A3A-4C0D-8008-CD32E14B8919"]}],"metadata":{"DEFINITION":null,"ANNOTATION":null,"COMMENT":null,"KEYWORDS":null},"allMappedObjects":["0D04C852-257F-11D3-AD6C-0008C752DCF8","EECA4A7B-A6BF-4DB6-89F4-98F35A508113"]},{"name":"Participate","code":"PARTICIPATE","comment":null,"annotation":null,"definition":null,"objectId":"42C543A1-F0C9-47A9-A9FB-58198B5830D4","keywords":[],"history":["F7A6DEE8-6748-4D7B-9F3D-87E593138C0B","0D04C84B-257F-11D3-AD6C-0008C752DCF8"],"simpleModelObjects":[{"name":"Start date (par)","code":"PARBEG","comment":null,"annotation":null,"definition":null,"objectId":"10AC2241-C423-4539-B080-441646E16019","keywords":[],"history":["0D04C88E-257F-11D3-AD6C-0008C752DCF8","ECB7EA5C-DE98-4918-BCC1-DCB5B5377DB2"],"metadata":{"DEFINITION":null,"ANNOTATION":null,"COMMENT":null,"KEYWORDS":null},"allMappedObjects":["0D04C88E-257F-11D3-AD6C-0008C752DCF8","ECB7EA5C-DE98-4918-BCC1-DCB5B5377DB2"]},{"name":"Task name","code":"TSKNAME","comment":null,"annotation":null,"definition":null,"objectId":"DD5D8F4F-8750-4D51-8D8C-361C30D420CF","keywords":[],"history":["0D04C882-257F-11D3-AD6C-0008C752DCF8","0D04C856-257F-11D3-AD6C-0008C752DCF8","E499DC4D-1405-4EB3-B832-797258E8E050"],"metadata":{"DEFINITION":null,"ANNOTATION":null,"COMMENT":null,"KEYWORDS":null},"allMappedObjects":["0D04C882-257F-11D3-AD6C-0008C752DCF8","0D04C856-257F-11D3-AD6C-0008C752DCF8","E499DC4D-1405-4EB3-B832-797258E8E050"]},{"name":"Employee number","code":"EMPNUM","comment":null,"annotation":null,"definition":null,"objectId":"9D8B2C66-DAC7-41E4-A257-DAB8BF9FFCA5","keywords":[],"history":["0D04C85E-257F-11D3-AD6C-0008C752DCF8","0D04C855-257F-11D3-AD6C-0008C752DCF8","A7FF720B-C81A-4458-B6D4-CB5B23B58DB3"],"metadata":{"DEFINITION":null,"ANNOTATION":null,"COMMENT":null,"KEYWORDS":null},"allMappedObjects":["0D04C85E-257F-11D3-AD6C-0008C752DCF8","0D04C855-257F-11D3-AD6C-0008C752DCF8","A7FF720B-C81A-4458-B6D4-CB5B23B58DB3"]},{"name":"Project number","code":"PRONUM","comment":null,"annotation":null,"definition":null,"objectId":"4C3A6527-C375-41EF-9866-6038349E903B","keywords":[],"history":["F4C6FC5C-C470-43B9-92A6-9EF7F7E33D88","0D04C876-257F-11D3-AD6C-0008C752DCF8","0D04C851-257F-11D3-AD6C-0008C752DCF8}-{0D04C856-257F-11D3-AD6C-0008C752DCF8"],"metadata":{"DEFINITION":null,"ANNOTATION":null,"COMMENT":null,"KEYWORDS":null},"allMappedObjects":["F4C6FC5C-C470-43B9-92A6-9EF7F7E33D88","0D04C876-257F-11D3-AD6C-0008C752DCF8","0D04C851-257F-11D3-AD6C-0008C752DCF8}-{0D04C856-257F-11D3-AD6C-0008C752DCF8"]},{"name":"End date (par)","code":"PAREND","comment":null,"annotation":null,"definition":null,"objectId":"5DC3F929-1F5C-4FCB-837C-A8087D1A69D0","keywords":[],"history":["0D04C890-257F-11D3-AD6C-0008C752DCF8","7962797F-56A7-4447-BCA2-CDF7D07C1253"],"metadata":{"DEFINITION":null,"ANNOTATION":null,"COMMENT":null,"KEYWORDS":null},"allMappedObjects":["0D04C890-257F-11D3-AD6C-0008C752DCF8","7962797F-56A7-4447-BCA2-CDF7D07C1253"]}],"metadata":{"DEFINITION":null,"ANNOTATION":null,"COMMENT":null,"KEYWORDS":null},"allMappedObjects":["F7A6DEE8-6748-4D7B-9F3D-87E593138C0B","0D04C84B-257F-11D3-AD6C-0008C752DCF8"]},{"name":"Division","code":"DIVISION","comment":null,"annotation":null,"definition":null,"objectId":"EE269795-A630-4AF5-B41A-8D4565E976F2","keywords":[],"history":["51624749-33F2-4A08-A029-8C6FF1E5BE05","0D04C844-257F-11D3-AD6C-0008C752DCF8"],"simpleModelObjects":[{"name":"Division name","code":"DIVNAME","comment":null,"annotation":null,"definition":null,"objectId":"C9285368-AA80-4F7B-B8AB-626931DEE146","keywords":[],"history":["0D04C85A-257F-11D3-AD6C-0008C752DCF8","825E33E4-F1B5-44BC-8A67-8423E1FE7106"],"metadata":{"DEFINITION":null,"ANNOTATION":null,"COMMENT":null,"KEYWORDS":null},"allMappedObjects":["0D04C85A-257F-11D3-AD6C-0008C752DCF8","825E33E4-F1B5-44BC-8A67-8423E1FE7106"]},{"name":"Division number","code":"DIVNUM","comment":null,"annotation":null,"definition":null,"objectId":"1497BD7A-F84E-4FD1-AD2E-1DDEAC1DC914","keywords":[],"history":["0D04C857-257F-11D3-AD6C-0008C752DCF8","003DCE5D-6E17-41EB-945D-4743248FFA46"],"metadata":{"DEFINITION":null,"ANNOTATION":null,"COMMENT":null,"KEYWORDS":null},"allMappedObjects":["0D04C857-257F-11D3-AD6C-0008C752DCF8","003DCE5D-6E17-41EB-945D-4743248FFA46"]},{"name":"Division address","code":"DIVADDR","comment":null,"annotation":null,"definition":null,"objectId":"6911D5BD-5032-497D-AF03-01063C509FE5","keywords":[],"history":["0D04C85C-257F-11D3-AD6C-0008C752DCF8","077E79B3-3A8D-4A2B-B055-09EDCF006EC2"],"metadata":{"DEFINITION":null,"ANNOTATION":null,"COMMENT":null,"KEYWORDS":null},"allMappedObjects":["0D04C85C-257F-11D3-AD6C-0008C752DCF8","077E79B3-3A8D-4A2B-B055-09EDCF006EC2"]}],"metadata":{"DEFINITION":null,"ANNOTATION":null,"COMMENT":null,"KEYWORDS":null},"allMappedObjects":["51624749-33F2-4A08-A029-8C6FF1E5BE05","0D04C844-257F-11D3-AD6C-0008C752DCF8"]},{"name":"Team","code":"TEAM","comment":null,"annotation":null,"definition":null,"objectId":"92FC4366-D1E0-49E6-A45C-62E8036CF71E","keywords":[],"history":["0D04C848-257F-11D3-AD6C-0008C752DCF8","007089F0-380B-4971-907C-91EECBD20C8E"],"simpleModelObjects":[{"name":"Speciality","code":"TEASPE","comment":null,"annotation":null,"definition":null,"objectId":"4FC4E800-068C-418D-AF73-D8FF69E9B870","keywords":[],"history":["099D0BCC-FB8C-4E9B-9C34-BE8693CADA80","0D04C880-257F-11D3-AD6C-0008C752DCF8"],"metadata":{"DEFINITION":null,"ANNOTATION":null,"COMMENT":null,"KEYWORDS":null},"allMappedObjects":["099D0BCC-FB8C-4E9B-9C34-BE8693CADA80","0D04C880-257F-11D3-AD6C-0008C752DCF8"]},{"name":"Team number","code":"TEANUM","comment":null,"annotation":null,"definition":null,"objectId":"9634D0C2-7937-463B-AE0C-06BD6D4EFA5D","keywords":[],"history":["E3B5548D-AA10-4E08-A782-9F11CA5FC87A","0D04C87D-257F-11D3-AD6C-0008C752DCF8"],"metadata":{"DEFINITION":null,"ANNOTATION":null,"COMMENT":null,"KEYWORDS":null},"allMappedObjects":["E3B5548D-AA10-4E08-A782-9F11CA5FC87A","0D04C87D-257F-11D3-AD6C-0008C752DCF8"]}],"metadata":{"DEFINITION":null,"ANNOTATION":null,"COMMENT":null,"KEYWORDS":null},"allMappedObjects":["0D04C848-257F-11D3-AD6C-0008C752DCF8","007089F0-380B-4971-907C-91EECBD20C8E"]},{"name":"Material","code":"MATERIAL","comment":null,"annotation":null,"definition":null,"objectId":"C2950DCC-395D-4FCF-9679-F459E83F63F6","keywords":[],"history":["B412DFDC-A155-42E7-A910-882FC31441D8","0D04C84A-257F-11D3-AD6C-0008C752DCF8"],"simpleModelObjects":[{"name":"Material name","code":"MATNAME","comment":null,"annotation":null,"definition":null,"objectId":"92B630A4-6F99-499E-88E6-2B8471680CDE","keywords":[],"history":["F38762B7-6832-49E8-8EFD-4EC9F4B4DAE6","0D04C88A-257F-11D3-AD6C-0008C752DCF8"],"metadata":{"DEFINITION":null,"ANNOTATION":null,"COMMENT":null,"KEYWORDS":null},"allMappedObjects":["F38762B7-6832-49E8-8EFD-4EC9F4B4DAE6","0D04C88A-257F-11D3-AD6C-0008C752DCF8"]},{"name":"Material number","code":"MATNUM","comment":null,"annotation":null,"definition":null,"objectId":"53E60EC6-D30C-4BC0-A22E-94B7B4949BCC","keywords":[],"history":["FD3B57CB-E597-4EC4-BCB9-5ABFDD01EBE9","0D04C887-257F-11D3-AD6C-0008C752DCF8"],"metadata":{"DEFINITION":null,"ANNOTATION":null,"COMMENT":null,"KEYWORDS":null},"allMappedObjects":["FD3B57CB-E597-4EC4-BCB9-5ABFDD01EBE9","0D04C887-257F-11D3-AD6C-0008C752DCF8"]},{"name":"Material type","code":"MATTYPE","comment":null,"annotation":null,"definition":null,"objectId":"D57CBD09-6710-4270-8187-C48F31F7D1E6","keywords":[],"history":["0D04C88C-257F-11D3-AD6C-0008C752DCF8","E40B10D9-B38B-4A7D-89CD-FA9D1A9E2789"],"metadata":{"DEFINITION":null,"ANNOTATION":null,"COMMENT":null,"KEYWORDS":null},"allMappedObjects":["0D04C88C-257F-11D3-AD6C-0008C752DCF8","E40B10D9-B38B-4A7D-89CD-FA9D1A9E2789"]}],"metadata":{"DEFINITION":null,"ANNOTATION":null,"COMMENT":null,"KEYWORDS":null},"allMappedObjects":["B412DFDC-A155-42E7-A910-882FC31441D8","0D04C84A-257F-11D3-AD6C-0008C752DCF8"]},{"name":"Member","code":"MEMBER","comment":null,"annotation":null,"definition":null,"objectId":"485F3F1B-A00A-4877-A33C-6BB0EF120778","keywords":[],"history":["0D04C84E-257F-11D3-AD6C-0008C752DCF8","C777FA79-76B5-4CA0-B95D-0180C65F0024"],"simpleModelObjects":[{"name":"Employee number","code":"EMPNUM","comment":null,"annotation":null,"definition":null,"objectId":"A3A26F64-F60D-4FAB-B697-32D984FDA7C4","keywords":[],"history":["0D04C85E-257F-11D3-AD6C-0008C752DCF8","189C1A06-1DB4-4CD5-9C7C-D0CF3C342BFB","0D04C84E-257F-11D3-AD6C-0008C752DCF8"],"metadata":{"DEFINITION":null,"ANNOTATION":null,"COMMENT":null,"KEYWORDS":null},"allMappedObjects":["0D04C85E-257F-11D3-AD6C-0008C752DCF8","189C1A06-1DB4-4CD5-9C7C-D0CF3C342BFB","0D04C84E-257F-11D3-AD6C-0008C752DCF8"]},{"name":"Team number","code":"TEANUM","comment":null,"annotation":null,"definition":null,"objectId":"F1C7BEDA-1BE8-484C-96C6-B7DD010D926B","keywords":[],"history":["5FEEEEF0-2181-4023-A327-987A35942FD5","0D04C84E-257F-11D3-AD6C-0008C752DCF8","0D04C87D-257F-11D3-AD6C-0008C752DCF8"],"metadata":{"DEFINITION":null,"ANNOTATION":null,"COMMENT":null,"KEYWORDS":null},"allMappedObjects":["5FEEEEF0-2181-4023-A327-987A35942FD5","0D04C84E-257F-11D3-AD6C-0008C752DCF8","0D04C87D-257F-11D3-AD6C-0008C752DCF8"]}],"metadata":{"DEFINITION":null,"ANNOTATION":null,"COMMENT":null,"KEYWORDS":null},"allMappedObjects":["0D04C84E-257F-11D3-AD6C-0008C752DCF8","C777FA79-76B5-4CA0-B95D-0180C65F0024"]}],"metadata":{}}],"metadata":{"DEFINITION":"Model option\nRelationship unique code option has been removed to allow several relationships to have the same name between different entities.","ANNOTATION":null,"COMMENT":"Project Management","KEYWORDS":null}}