{"name":"Project Management (LDM)","code":"PROJECT","comment":"Project Management","annotation":null,"definition":"Model option\nRelationship unique code option has been removed to allow several relationships to have the same name between different entities.","objectId":"AC4A403B-39A5-4029-A094-03034ED419F1","keywords":[],"history":["0D04C804-257F-11D3-AD6C-0008C752DCF8"],"fileName":"project.ldm","metadata":{"DEFINITION":"Model option\nRelationship unique code option has been removed to allow several relationships to have the same name between different entities.","ANNOTATION":null,"COMMENT":"Project Management","KEYWORDS":null},"compositeModelObjects":[{"name":"Task","code":"TASK","comment":null,"annotation":null,"definition":null,"objectId":"B307ACBD-D4C0-4E25-881C-E020CFBDC7F1","keywords":[],"history":["0D04C849-257F-11D3-AD6C-0008C752DCF8"],"parent":{"name":"Activity","code":"ACTIVITY","comment":null,"annotation":null,"definition":null,"objectId":"2E73988C-83B7-4C8A-B5F1-F2B9AFFA141E","keywords":[],"history":["0D04C84C-257F-11D3-AD6C-0008C752DCF8"],"parent":null,"simpleModelObjects":[{"name":"End date (act)","code":"ACTEND","comment":null,"annotation":null,"definition":null,"objectId":"91C61667-1061-4260-AF2A-FD31726B15A3","keywords":[],"history":["0D04C894-257F-11D3-AD6C-0008C752DCF8"],"metadata":{"DEFINITION":null,"ANNOTATION":null,"COMMENT":null,"KEYWORDS":null},"allMappedObjects":["0D04C894-257F-11D3-AD6C-0008C752DCF8"]},{"name":"Start date (act)","code":"ACTBEG","comment":null,"annotation":null,"definition":null,"objectId":"87C32F51-66BE-4E85-9FD1-FF5D0A28D754","keywords":[],"history":["0D04C892-257F-11D3-AD6C-0008C752DCF8"],"metadata":{"DEFINITION":null,"ANNOTATION":null,"COMMENT":null,"KEYWORDS":null},"allMappedObjects":["0D04C892-257F-11D3-AD6C-0008C752DCF8"]}],"metadata":{"DEFINITION":null,"ANNOTATION":null,"COMMENT":null,"KEYWORDS":null},"allMappedObjects":["0D04C84C-257F-11D3-AD6C-0008C752DCF8"]},"simpleModelObjects":[{"name":"Task cost","code":"TSKCOST","comment":null,"annotation":null,"definition":null,"objectId":"6E7EE7D2-74DD-426B-91EE-27EF30016245","keywords":[],"history":["0D04C885-257F-11D3-AD6C-0008C752DCF8"],"metadata":{"DEFINITION":null,"ANNOTATION":null,"COMMENT":null,"KEYWORDS":null},"allMappedObjects":["0D04C885-257F-11D3-AD6C-0008C752DCF8"]},{"name":"End date (act)","code":"ACTEND","comment":null,"annotation":null,"definition":null,"objectId":"409A6BFA-2310-46C4-AB07-1305DD8BF1B0","keywords":[],"history":["0D04C894-257F-11D3-AD6C-0008C752DCF8","0D04C899-257F-11D3-AD6C-0008C752DCF8"],"metadata":{"DEFINITION":null,"ANNOTATION":null,"COMMENT":null,"KEYWORDS":null},"allMappedObjects":["0D04C894-257F-11D3-AD6C-0008C752DCF8","0D04C899-257F-11D3-AD6C-0008C752DCF8"]},{"name":"Task name","code":"TSKNAME","comment":null,"annotation":null,"definition":null,"objectId":"F1708420-351D-49AA-9EEB-A474BFE56180","keywords":[],"history":["0D04C882-257F-11D3-AD6C-0008C752DCF8"],"metadata":{"DEFINITION":null,"ANNOTATION":null,"COMMENT":null,"KEYWORDS":null},"allMappedObjects":["0D04C882-257F-11D3-AD6C-0008C752DCF8"]},{"name":"Project number","code":"PRONUM","comment":null,"annotation":null,"definition":null,"objectId":"C3D32D2C-9B6D-4AA9-923F-43BFADBCCD28","keywords":[],"history":["0D04C851-257F-11D3-AD6C-0008C752DCF8","0D04C876-257F-11D3-AD6C-0008C752DCF8"],"metadata":{"DEFINITION":null,"ANNOTATION":null,"COMMENT":null,"KEYWORDS":null},"allMappedObjects":["0D04C851-257F-11D3-AD6C-0008C752DCF8","0D04C876-257F-11D3-AD6C-0008C752DCF8"]},{"name":"Start date (act)","code":"ACTBEG","comment":null,"annotation":null,"definition":null,"objectId":"B5529F74-2B52-45A7-849E-2FFA83D1F3C8","keywords":[],"history":["0D04C892-257F-11D3-AD6C-0008C752DCF8","0D04C899-257F-11D3-AD6C-0008C752DCF8"],"metadata":{"DEFINITION":null,"ANNOTATION":null,"COMMENT":null,"KEYWORDS":null},"allMappedObjects":["0D04C892-257F-11D3-AD6C-0008C752DCF8","0D04C899-257F-11D3-AD6C-0008C752DCF8"]}],"metadata":{"DEFINITION":null,"ANNOTATION":null,"COMMENT":null,"KEYWORDS":null},"allMappedObjects":["0D04C849-257F-11D3-AD6C-0008C752DCF8"]},{"name":"Customer","code":"CUSTOMER","comment":null,"annotation":null,"definition":null,"objectId":"7CE877E6-5C6F-433F-BB7F-93A0EF7D425A","keywords":[],"history":["0D04C846-257F-11D3-AD6C-0008C752DCF8"],"parent":null,"simpleModelObjects":[{"name":"Customer telephone","code":"CUSTEL","comment":null,"annotation":null,"definition":null,"objectId":"C800E464-1B24-4F07-B033-CBF6F06621EB","keywords":[],"history":["0D04C872-257F-11D3-AD6C-0008C752DCF8"],"metadata":{"DEFINITION":null,"ANNOTATION":null,"COMMENT":null,"KEYWORDS":null},"allMappedObjects":["0D04C872-257F-11D3-AD6C-0008C752DCF8"]},{"name":"Customer number","code":"CUSNUM","comment":null,"annotation":null,"definition":null,"objectId":"8FFF8ED0-998F-4E6B-BD95-65D555C21810","keywords":[],"history":["0D04C869-257F-11D3-AD6C-0008C752DCF8"],"metadata":{"DEFINITION":null,"ANNOTATION":null,"COMMENT":null,"KEYWORDS":null},"allMappedObjects":["0D04C869-257F-11D3-AD6C-0008C752DCF8"]},{"name":"Customer name","code":"CUSNAME","comment":null,"annotation":null,"definition":null,"objectId":"15AB6A5D-6873-4DBE-9314-A45CB90A1EE4","keywords":[],"history":["0D04C86C-257F-11D3-AD6C-0008C752DCF8"],"metadata":{"DEFINITION":null,"ANNOTATION":null,"COMMENT":null,"KEYWORDS":null},"allMappedObjects":["0D04C86C-257F-11D3-AD6C-0008C752DCF8"]},{"name":"Customer fax","code":"CUSFAX","comment":null,"annotation":null,"definition":null,"objectId":"809E5C43-A901-4FA3-A652-F0198ECBFA63","keywords":[],"history":["0D04C874-257F-11D3-AD6C-0008C752DCF8"],"metadata":{"DEFINITION":null,"ANNOTATION":null,"COMMENT":null,"KEYWORDS":null},"allMappedObjects":["0D04C874-257F-11D3-AD6C-0008C752DCF8"]},{"name":"Customer activity","code":"CUSACT","comment":null,"annotation":null,"definition":null,"objectId":"9BF1562E-7698-4F0D-B42A-860ADEFD4D6D","keywords":[],"history":["0D04C870-257F-11D3-AD6C-0008C752DCF8"],"metadata":{"DEFINITION":null,"ANNOTATION":null,"COMMENT":null,"KEYWORDS":null},"allMappedObjects":["0D04C870-257F-11D3-AD6C-0008C752DCF8"]},{"name":"Customer address","code":"CUSADDR","comment":null,"annotation":null,"definition":null,"objectId":"C4DC15C7-79A9-4A59-BBB8-BAE91A6A406B","keywords":[],"history":["0D04C86E-257F-11D3-AD6C-0008C752DCF8"],"metadata":{"DEFINITION":null,"ANNOTATION":null,"COMMENT":null,"KEYWORDS":null},"allMappedObjects":["0D04C86E-257F-11D3-AD6C-0008C752DCF8"]}],"metadata":{"DEFINITION":null,"ANNOTATION":null,"COMMENT":null,"KEYWORDS":null},"allMappedObjects":["0D04C846-257F-11D3-AD6C-0008C752DCF8"]},{"name":"Activity","code":"ACTIVITY","comment":null,"annotation":null,"definition":null,"objectId":"2E73988C-83B7-4C8A-B5F1-F2B9AFFA141E","keywords":[],"history":["0D04C84C-257F-11D3-AD6C-0008C752DCF8"],"parent":null,"simpleModelObjects":[{"name":"End date (act)","code":"ACTEND","comment":null,"annotation":null,"definition":null,"objectId":"91C61667-1061-4260-AF2A-FD31726B15A3","keywords":[],"history":["0D04C894-257F-11D3-AD6C-0008C752DCF8"],"metadata":{"DEFINITION":null,"ANNOTATION":null,"COMMENT":null,"KEYWORDS":null},"allMappedObjects":["0D04C894-257F-11D3-AD6C-0008C752DCF8"]},{"name":"Start date (act)","code":"ACTBEG","comment":null,"annotation":null,"definition":null,"objectId":"87C32F51-66BE-4E85-9FD1-FF5D0A28D754","keywords":[],"history":["0D04C892-257F-11D3-AD6C-0008C752DCF8"],"metadata":{"DEFINITION":null,"ANNOTATION":null,"COMMENT":null,"KEYWORDS":null},"allMappedObjects":["0D04C892-257F-11D3-AD6C-0008C752DCF8"]}],"metadata":{"DEFINITION":null,"ANNOTATION":null,"COMMENT":null,"KEYWORDS":null},"allMappedObjects":["0D04C84C-257F-11D3-AD6C-0008C752DCF8"]},{"name":"Material","code":"MATERIAL","comment":null,"annotation":null,"definition":null,"objectId":"B412DFDC-A155-42E7-A910-882FC31441D8","keywords":[],"history":["0D04C84A-257F-11D3-AD6C-0008C752DCF8"],"parent":null,"simpleModelObjects":[{"name":"Material name","code":"MATNAME","comment":null,"annotation":null,"definition":null,"objectId":"F38762B7-6832-49E8-8EFD-4EC9F4B4DAE6","keywords":[],"history":["0D04C88A-257F-11D3-AD6C-0008C752DCF8"],"metadata":{"DEFINITION":null,"ANNOTATION":null,"COMMENT":null,"KEYWORDS":null},"allMappedObjects":["0D04C88A-257F-11D3-AD6C-0008C752DCF8"]},{"name":"Material number","code":"MATNUM","comment":null,"annotation":null,"definition":null,"objectId":"FD3B57CB-E597-4EC4-BCB9-5ABFDD01EBE9","keywords":[],"history":["0D04C887-257F-11D3-AD6C-0008C752DCF8"],"metadata":{"DEFINITION":null,"ANNOTATION":null,"COMMENT":null,"KEYWORDS":null},"allMappedObjects":["0D04C887-257F-11D3-AD6C-0008C752DCF8"]},{"name":"Material type","code":"MATTYPE","comment":null,"annotation":null,"definition":null,"objectId":"E40B10D9-B38B-4A7D-89CD-FA9D1A9E2789","keywords":[],"history":["0D04C88C-257F-11D3-AD6C-0008C752DCF8"],"metadata":{"DEFINITION":null,"ANNOTATION":null,"COMMENT":null,"KEYWORDS":null},"allMappedObjects":["0D04C88C-257F-11D3-AD6C-0008C752DCF8"]}],"metadata":{"DEFINITION":null,"ANNOTATION":null,"COMMENT":null,"KEYWORDS":null},"allMappedObjects":["0D04C84A-257F-11D3-AD6C-0008C752DCF8"]},{"name":"Project","code":"PROJECT","comment":null,"annotation":null,"definition":null,"objectId":"8256DC02-7B26-4CEB-B68C-AF9ADA7CE96F","keywords":[],"history":["0D04C847-257F-11D3-AD6C-0008C752DCF8"],"parent":{"name":"Activity","code":"ACTIVITY","comment":null,"annotation":null,"definition":null,"objectId":"2E73988C-83B7-4C8A-B5F1-F2B9AFFA141E","keywords":[],"history":["0D04C84C-257F-11D3-AD6C-0008C752DCF8"],"parent":null,"simpleModelObjects":[{"name":"End date (act)","code":"ACTEND","comment":null,"annotation":null,"definition":null,"objectId":"91C61667-1061-4260-AF2A-FD31726B15A3","keywords":[],"history":["0D04C894-257F-11D3-AD6C-0008C752DCF8"],"metadata":{"DEFINITION":null,"ANNOTATION":null,"COMMENT":null,"KEYWORDS":null},"allMappedObjects":["0D04C894-257F-11D3-AD6C-0008C752DCF8"]},{"name":"Start date (act)","code":"ACTBEG","comment":null,"annotation":null,"definition":null,"objectId":"87C32F51-66BE-4E85-9FD1-FF5D0A28D754","keywords":[],"history":["0D04C892-257F-11D3-AD6C-0008C752DCF8"],"metadata":{"DEFINITION":null,"ANNOTATION":null,"COMMENT":null,"KEYWORDS":null},"allMappedObjects":["0D04C892-257F-11D3-AD6C-0008C752DCF8"]}],"metadata":{"DEFINITION":null,"ANNOTATION":null,"COMMENT":null,"KEYWORDS":null},"allMappedObjects":["0D04C84C-257F-11D3-AD6C-0008C752DCF8"]},"simpleModelObjects":[{"name":"Customer number","code":"CUSNUM","comment":null,"annotation":null,"definition":null,"objectId":"F4702AD4-1366-4F3B-8B55-47535EC9890B","keywords":[],"history":["0D04C869-257F-11D3-AD6C-0008C752DCF8","0D04C84D-257F-11D3-AD6C-0008C752DCF8"],"metadata":{"DEFINITION":null,"ANNOTATION":null,"COMMENT":null,"KEYWORDS":null},"allMappedObjects":["0D04C869-257F-11D3-AD6C-0008C752DCF8","0D04C84D-257F-11D3-AD6C-0008C752DCF8"]},{"name":"Project name","code":"PRONAME","comment":null,"annotation":null,"definition":null,"objectId":"F9AD3333-EDD2-4896-9724-B09C0335C020","keywords":[],"history":["0D04C879-257F-11D3-AD6C-0008C752DCF8"],"metadata":{"DEFINITION":null,"ANNOTATION":null,"COMMENT":null,"KEYWORDS":null},"allMappedObjects":["0D04C879-257F-11D3-AD6C-0008C752DCF8"]},{"name":"End date (act)","code":"ACTEND","comment":null,"annotation":null,"definition":null,"objectId":"0846155F-89A5-490A-9EF4-62FB1A1E2640","keywords":[],"history":["0D04C894-257F-11D3-AD6C-0008C752DCF8","0D04C89A-257F-11D3-AD6C-0008C752DCF8"],"metadata":{"DEFINITION":null,"ANNOTATION":null,"COMMENT":null,"KEYWORDS":null},"allMappedObjects":["0D04C894-257F-11D3-AD6C-0008C752DCF8","0D04C89A-257F-11D3-AD6C-0008C752DCF8"]},{"name":"Employee number","code":"EMPNUM","comment":null,"annotation":null,"definition":null,"objectId":"B928981D-AA8C-4A17-B549-BC7FF949B74C","keywords":[],"history":["0D04C85E-257F-11D3-AD6C-0008C752DCF8","0D04C850-257F-11D3-AD6C-0008C752DCF8"],"metadata":{"DEFINITION":null,"ANNOTATION":null,"COMMENT":null,"KEYWORDS":null},"allMappedObjects":["0D04C85E-257F-11D3-AD6C-0008C752DCF8","0D04C850-257F-11D3-AD6C-0008C752DCF8"]},{"name":"Project number","code":"PRONUM","comment":null,"annotation":null,"definition":null,"objectId":"10CB1372-53D7-4C20-A55A-399B425A6298","keywords":[],"history":["0D04C876-257F-11D3-AD6C-0008C752DCF8"],"metadata":{"DEFINITION":null,"ANNOTATION":null,"COMMENT":null,"KEYWORDS":null},"allMappedObjects":["0D04C876-257F-11D3-AD6C-0008C752DCF8"]},{"name":"Project label","code":"PROLABL","comment":null,"annotation":null,"definition":null,"objectId":"50C6AD24-4E5A-48D4-AAD9-069A19052FE1","keywords":[],"history":["0D04C87B-257F-11D3-AD6C-0008C752DCF8"],"metadata":{"DEFINITION":null,"ANNOTATION":null,"COMMENT":null,"KEYWORDS":null},"allMappedObjects":["0D04C87B-257F-11D3-AD6C-0008C752DCF8"]},{"name":"Start date (act)","code":"ACTBEG","comment":null,"annotation":null,"definition":null,"objectId":"426405C2-C013-4401-8D67-00BF94B9CE17","keywords":[],"history":["0D04C892-257F-11D3-AD6C-0008C752DCF8","0D04C89A-257F-11D3-AD6C-0008C752DCF8"],"metadata":{"DEFINITION":null,"ANNOTATION":null,"COMMENT":null,"KEYWORDS":null},"allMappedObjects":["0D04C892-257F-11D3-AD6C-0008C752DCF8","0D04C89A-257F-11D3-AD6C-0008C752DCF8"]}],"metadata":{"DEFINITION":null,"ANNOTATION":null,"COMMENT":null,"KEYWORDS":null},"allMappedObjects":["0D04C847-257F-11D3-AD6C-0008C752DCF8"]},{"name":"Compose","code":"COMPOSE","comment":null,"annotation":null,"definition":null,"objectId":"E90B4F4F-41FE-4BDA-98B0-4AFD6DDDB025","keywords":[],"history":["0D04C854-257F-11D3-AD6C-0008C752DCF8"],"parent":null,"simpleModelObjects":[{"name":"Mat_Material number","code":"MAT_MATNUM","comment":null,"annotation":null,"definition":null,"objectId":"09E712CC-B090-43D5-9E24-A2EBECBCAE4A","keywords":[],"history":["0D04C854-257F-11D3-AD6C-0008C752DCF8","0D04C887-257F-11D3-AD6C-0008C752DCF8"],"metadata":{"DEFINITION":null,"ANNOTATION":null,"COMMENT":null,"KEYWORDS":null},"allMappedObjects":["0D04C854-257F-11D3-AD6C-0008C752DCF8","0D04C887-257F-11D3-AD6C-0008C752DCF8"]},{"name":"Material number","code":"MATNUM","comment":null,"annotation":null,"definition":null,"objectId":"AB92E1B9-8BEB-49E9-95FF-3B534F07E9BD","keywords":[],"history":["0D04C854-257F-11D3-AD6C-0008C752DCF8","0D04C887-257F-11D3-AD6C-0008C752DCF8"],"metadata":{"DEFINITION":null,"ANNOTATION":null,"COMMENT":null,"KEYWORDS":null},"allMappedObjects":["0D04C854-257F-11D3-AD6C-0008C752DCF8","0D04C887-257F-11D3-AD6C-0008C752DCF8"]}],"metadata":{"DEFINITION":null,"ANNOTATION":null,"COMMENT":null,"KEYWORDS":null},"allMappedObjects":["0D04C854-257F-11D3-AD6C-0008C752DCF8"]},{"name":"Employee","code":"EMPLOYEE","comment":null,"annotation":null,"definition":null,"objectId":"1BF66669-D3E6-4073-8506-F5239C69BBBD","keywords":[],"history":["0D04C845-257F-11D3-AD6C-0008C752DCF8"],"parent":null,"simpleModelObjects":[{"name":"Employee number","code":"EMPNUM","comment":null,"annotation":null,"definition":null,"objectId":"D3B5DA2A-B789-4A99-BA11-1B856D554B25","keywords":[],"history":["0D04C85E-257F-11D3-AD6C-0008C752DCF8"],"metadata":{"DEFINITION":null,"ANNOTATION":null,"COMMENT":null,"KEYWORDS":null},"allMappedObjects":["0D04C85E-257F-11D3-AD6C-0008C752DCF8"]},{"name":"Employee function","code":"EMPFUNC","comment":null,"annotation":null,"definition":null,"objectId":"B2803CAA-EF1C-48DF-8916-3EDB230ABB46","keywords":[],"history":["0D04C865-257F-11D3-AD6C-0008C752DCF8"],"metadata":{"DEFINITION":null,"ANNOTATION":null,"COMMENT":null,"KEYWORDS":null},"allMappedObjects":["0D04C865-257F-11D3-AD6C-0008C752DCF8"]},{"name":"Division number","code":"DIVNUM","comment":null,"annotation":null,"definition":null,"objectId":"AB60075B-076B-4C01-A79F-95492DCD6284","keywords":[],"history":["0D04C857-257F-11D3-AD6C-0008C752DCF8","0D04C853-257F-11D3-AD6C-0008C752DCF8"],"metadata":{"DEFINITION":null,"ANNOTATION":null,"COMMENT":null,"KEYWORDS":null},"allMappedObjects":["0D04C857-257F-11D3-AD6C-0008C752DCF8","0D04C853-257F-11D3-AD6C-0008C752DCF8"]},{"name":"Employee salary","code":"EMPSAL","comment":null,"annotation":null,"definition":null,"objectId":"73FF8723-C149-4C22-8687-3B470ABAD7A9","keywords":[],"history":["0D04C867-257F-11D3-AD6C-0008C752DCF8"],"metadata":{"DEFINITION":null,"ANNOTATION":null,"COMMENT":null,"KEYWORDS":null},"allMappedObjects":["0D04C867-257F-11D3-AD6C-0008C752DCF8"]},{"name":"First name","code":"EMPFNAM","comment":null,"annotation":null,"definition":null,"objectId":"898D3F5E-F3DD-4BE8-9425-97BB7EB63AA7","keywords":[],"history":["0D04C861-257F-11D3-AD6C-0008C752DCF8"],"metadata":{"DEFINITION":null,"ANNOTATION":null,"COMMENT":null,"KEYWORDS":null},"allMappedObjects":["0D04C861-257F-11D3-AD6C-0008C752DCF8"]},{"name":"Emp_Employee number","code":"EMP_EMPNUM","comment":null,"annotation":null,"definition":null,"objectId":"C9887A6D-E606-4252-9958-DBF7AC50DCAD","keywords":[],"history":["0D04C85E-257F-11D3-AD6C-0008C752DCF8","0D04C84F-257F-11D3-AD6C-0008C752DCF8"],"metadata":{"DEFINITION":null,"ANNOTATION":null,"COMMENT":null,"KEYWORDS":null},"allMappedObjects":["0D04C85E-257F-11D3-AD6C-0008C752DCF8","0D04C84F-257F-11D3-AD6C-0008C752DCF8"]},{"name":"Last name","code":"EMPLNAM","comment":null,"annotation":null,"definition":null,"objectId":"9B0F5D7A-F7E8-4EC8-B0E9-43785217BBC3","keywords":[],"history":["0D04C863-257F-11D3-AD6C-0008C752DCF8"],"metadata":{"DEFINITION":null,"ANNOTATION":null,"COMMENT":null,"KEYWORDS":null},"allMappedObjects":["0D04C863-257F-11D3-AD6C-0008C752DCF8"]}],"metadata":{"DEFINITION":null,"ANNOTATION":null,"COMMENT":null,"KEYWORDS":null},"allMappedObjects":["0D04C845-257F-11D3-AD6C-0008C752DCF8"]},{"name":"Used","code":"USED","comment":null,"annotation":null,"definition":null,"objectId":"EECA4A7B-A6BF-4DB6-89F4-98F35A508113","keywords":[],"history":["0D04C852-257F-11D3-AD6C-0008C752DCF8"],"parent":null,"simpleModelObjects":[{"name":"Material number","code":"MATNUM","comment":null,"annotation":null,"definition":null,"objectId":"2CB99492-B227-4970-92B7-F10E5AE5D875","keywords":[],"history":["0D04C852-257F-11D3-AD6C-0008C752DCF8","0D04C887-257F-11D3-AD6C-0008C752DCF8"],"metadata":{"DEFINITION":null,"ANNOTATION":null,"COMMENT":null,"KEYWORDS":null},"allMappedObjects":["0D04C852-257F-11D3-AD6C-0008C752DCF8","0D04C887-257F-11D3-AD6C-0008C752DCF8"]},{"name":"Employee number","code":"EMPNUM","comment":null,"annotation":null,"definition":null,"objectId":"0A19EAA3-8A3A-4C0D-8008-CD32E14B8919","keywords":[],"history":["0D04C85E-257F-11D3-AD6C-0008C752DCF8","0D04C852-257F-11D3-AD6C-0008C752DCF8"],"metadata":{"DEFINITION":null,"ANNOTATION":null,"COMMENT":null,"KEYWORDS":null},"allMappedObjects":["0D04C85E-257F-11D3-AD6C-0008C752DCF8","0D04C852-257F-11D3-AD6C-0008C752DCF8"]}],"metadata":{"DEFINITION":null,"ANNOTATION":null,"COMMENT":null,"KEYWORDS":null},"allMappedObjects":["0D04C852-257F-11D3-AD6C-0008C752DCF8"]},{"name":"Participate","code":"PARTICIPATE","comment":null,"annotation":null,"definition":null,"objectId":"F7A6DEE8-6748-4D7B-9F3D-87E593138C0B","keywords":[],"history":["0D04C84B-257F-11D3-AD6C-0008C752DCF8"],"parent":null,"simpleModelObjects":[{"name":"Start date (par)","code":"PARBEG","comment":null,"annotation":null,"definition":null,"objectId":"ECB7EA5C-DE98-4918-BCC1-DCB5B5377DB2","keywords":[],"history":["0D04C88E-257F-11D3-AD6C-0008C752DCF8"],"metadata":{"DEFINITION":null,"ANNOTATION":null,"COMMENT":null,"KEYWORDS":null},"allMappedObjects":["0D04C88E-257F-11D3-AD6C-0008C752DCF8"]},{"name":"Task name","code":"TSKNAME","comment":null,"annotation":null,"definition":null,"objectId":"E499DC4D-1405-4EB3-B832-797258E8E050","keywords":[],"history":["0D04C882-257F-11D3-AD6C-0008C752DCF8","0D04C856-257F-11D3-AD6C-0008C752DCF8"],"metadata":{"DEFINITION":null,"ANNOTATION":null,"COMMENT":null,"KEYWORDS":null},"allMappedObjects":["0D04C882-257F-11D3-AD6C-0008C752DCF8","0D04C856-257F-11D3-AD6C-0008C752DCF8"]},{"name":"Employee number","code":"EMPNUM","comment":null,"annotation":null,"definition":null,"objectId":"A7FF720B-C81A-4458-B6D4-CB5B23B58DB3","keywords":[],"history":["0D04C85E-257F-11D3-AD6C-0008C752DCF8","0D04C855-257F-11D3-AD6C-0008C752DCF8"],"metadata":{"DEFINITION":null,"ANNOTATION":null,"COMMENT":null,"KEYWORDS":null},"allMappedObjects":["0D04C85E-257F-11D3-AD6C-0008C752DCF8","0D04C855-257F-11D3-AD6C-0008C752DCF8"]},{"name":"Project number","code":"PRONUM","comment":null,"annotation":null,"definition":null,"objectId":"F4C6FC5C-C470-43B9-92A6-9EF7F7E33D88","keywords":[],"history":["0D04C876-257F-11D3-AD6C-0008C752DCF8","0D04C851-257F-11D3-AD6C-0008C752DCF8}-{0D04C856-257F-11D3-AD6C-0008C752DCF8"],"metadata":{"DEFINITION":null,"ANNOTATION":null,"COMMENT":null,"KEYWORDS":null},"allMappedObjects":["0D04C876-257F-11D3-AD6C-0008C752DCF8","0D04C851-257F-11D3-AD6C-0008C752DCF8}-{0D04C856-257F-11D3-AD6C-0008C752DCF8"]},{"name":"End date (par)","code":"PAREND","comment":null,"annotation":null,"definition":null,"objectId":"7962797F-56A7-4447-BCA2-CDF7D07C1253","keywords":[],"history":["0D04C890-257F-11D3-AD6C-0008C752DCF8"],"metadata":{"DEFINITION":null,"ANNOTATION":null,"COMMENT":null,"KEYWORDS":null},"allMappedObjects":["0D04C890-257F-11D3-AD6C-0008C752DCF8"]}],"metadata":{"DEFINITION":null,"ANNOTATION":null,"COMMENT":null,"KEYWORDS":null},"allMappedObjects":["0D04C84B-257F-11D3-AD6C-0008C752DCF8"]},{"name":"Division","code":"DIVISION","comment":null,"annotation":null,"definition":null,"objectId":"51624749-33F2-4A08-A029-8C6FF1E5BE05","keywords":[],"history":["0D04C844-257F-11D3-AD6C-0008C752DCF8"],"parent":null,"simpleModelObjects":[{"name":"Division name","code":"DIVNAME","comment":null,"annotation":null,"definition":null,"objectId":"825E33E4-F1B5-44BC-8A67-8423E1FE7106","keywords":[],"history":["0D04C85A-257F-11D3-AD6C-0008C752DCF8"],"metadata":{"DEFINITION":null,"ANNOTATION":null,"COMMENT":null,"KEYWORDS":null},"allMappedObjects":["0D04C85A-257F-11D3-AD6C-0008C752DCF8"]},{"name":"Division number","code":"DIVNUM","comment":null,"annotation":null,"definition":null,"objectId":"003DCE5D-6E17-41EB-945D-4743248FFA46","keywords":[],"history":["0D04C857-257F-11D3-AD6C-0008C752DCF8"],"metadata":{"DEFINITION":null,"ANNOTATION":null,"COMMENT":null,"KEYWORDS":null},"allMappedObjects":["0D04C857-257F-11D3-AD6C-0008C752DCF8"]},{"name":"Division address","code":"DIVADDR","comment":null,"annotation":null,"definition":null,"objectId":"077E79B3-3A8D-4A2B-B055-09EDCF006EC2","keywords":[],"history":["0D04C85C-257F-11D3-AD6C-0008C752DCF8"],"metadata":{"DEFINITION":null,"ANNOTATION":null,"COMMENT":null,"KEYWORDS":null},"allMappedObjects":["0D04C85C-257F-11D3-AD6C-0008C752DCF8"]}],"metadata":{"DEFINITION":null,"ANNOTATION":null,"COMMENT":null,"KEYWORDS":null},"allMappedObjects":["0D04C844-257F-11D3-AD6C-0008C752DCF8"]},{"name":"Team","code":"TEAM","comment":null,"annotation":null,"definition":null,"objectId":"007089F0-380B-4971-907C-91EECBD20C8E","keywords":[],"history":["0D04C848-257F-11D3-AD6C-0008C752DCF8"],"parent":null,"simpleModelObjects":[{"name":"Speciality","code":"TEASPE","comment":null,"annotation":null,"definition":null,"objectId":"099D0BCC-FB8C-4E9B-9C34-BE8693CADA80","keywords":[],"history":["0D04C880-257F-11D3-AD6C-0008C752DCF8"],"metadata":{"DEFINITION":null,"ANNOTATION":null,"COMMENT":null,"KEYWORDS":null},"allMappedObjects":["0D04C880-257F-11D3-AD6C-0008C752DCF8"]},{"name":"Team number","code":"TEANUM","comment":null,"annotation":null,"definition":null,"objectId":"E3B5548D-AA10-4E08-A782-9F11CA5FC87A","keywords":[],"history":["0D04C87D-257F-11D3-AD6C-0008C752DCF8"],"metadata":{"DEFINITION":null,"ANNOTATION":null,"COMMENT":null,"KEYWORDS":null},"allMappedObjects":["0D04C87D-257F-11D3-AD6C-0008C752DCF8"]}],"metadata":{"DEFINITION":null,"ANNOTATION":null,"COMMENT":null,"KEYWORDS":null},"allMappedObjects":["0D04C848-257F-11D3-AD6C-0008C752DCF8"]},{"name":"Member","code":"MEMBER","comment":null,"annotation":null,"definition":null,"objectId":"C777FA79-76B5-4CA0-B95D-0180C65F0024","keywords":[],"history":["0D04C84E-257F-11D3-AD6C-0008C752DCF8"],"parent":null,"simpleModelObjects":[{"name":"Employee number","code":"EMPNUM","comment":null,"annotation":null,"definition":null,"objectId":"189C1A06-1DB4-4CD5-9C7C-D0CF3C342BFB","keywords":[],"history":["0D04C85E-257F-11D3-AD6C-0008C752DCF8","0D04C84E-257F-11D3-AD6C-0008C752DCF8"],"metadata":{"DEFINITION":null,"ANNOTATION":null,"COMMENT":null,"KEYWORDS":null},"allMappedObjects":["0D04C85E-257F-11D3-AD6C-0008C752DCF8","0D04C84E-257F-11D3-AD6C-0008C752DCF8"]},{"name":"Team number","code":"TEANUM","comment":null,"annotation":null,"definition":null,"objectId":"5FEEEEF0-2181-4023-A327-987A35942FD5","keywords":[],"history":["0D04C84E-257F-11D3-AD6C-0008C752DCF8","0D04C87D-257F-11D3-AD6C-0008C752DCF8"],"metadata":{"DEFINITION":null,"ANNOTATION":null,"COMMENT":null,"KEYWORDS":null},"allMappedObjects":["0D04C84E-257F-11D3-AD6C-0008C752DCF8","0D04C87D-257F-11D3-AD6C-0008C752DCF8"]}],"metadata":{"DEFINITION":null,"ANNOTATION":null,"COMMENT":null,"KEYWORDS":null},"allMappedObjects":["0D04C84E-257F-11D3-AD6C-0008C752DCF8"]}]}