{"name":"Project Management (CDM)","code":"PROJECT","comment":"Project Management","annotation":null,"definition":"Model option\nRelationship unique code option has been removed to allow several relationships to have the same name between different entities.","objectId":"0D04C804-257F-11D3-AD6C-0008C752DCF8","keywords":[],"history":[],"fileName":"project.cdm","metadata":{"DEFINITION":"Model option\nRelationship unique code option has been removed to allow several relationships to have the same name between different entities.","ANNOTATION":null,"COMMENT":"Project Management","KEYWORDS":null},"compositeModelObjects":[{"name":"Project","code":"PROJECT","comment":null,"annotation":null,"definition":null,"objectId":"0D04C847-257F-11D3-AD6C-0008C752DCF8","keywords":[],"history":[],"parent":{"name":"Activity","code":"ACTIVITY","comment":null,"annotation":null,"definition":null,"objectId":"0D04C84C-257F-11D3-AD6C-0008C752DCF8","keywords":[],"history":[],"parent":null,"simpleModelObjects":[{"name":"End date (act)","code":"ACTEND","comment":null,"annotation":null,"definition":null,"objectId":"0D04C894-257F-11D3-AD6C-0008C752DCF8","keywords":[],"history":[],"metadata":{"COMMENT":null,"KEYWORDS":null},"allMappedObjects":[]},{"name":"Start date (act)","code":"ACTBEG","comment":null,"annotation":null,"definition":null,"objectId":"0D04C892-257F-11D3-AD6C-0008C752DCF8","keywords":[],"history":[],"metadata":{"COMMENT":null,"KEYWORDS":null},"allMappedObjects":[]}],"metadata":{"DEFINITION":null,"ANNOTATION":null,"COMMENT":null,"KEYWORDS":null},"allMappedObjects":[]},"simpleModelObjects":[{"name":"Project name","code":"PRONAME","comment":null,"annotation":null,"definition":null,"objectId":"0D04C879-257F-11D3-AD6C-0008C752DCF8","keywords":[],"history":[],"metadata":{"COMMENT":null,"KEYWORDS":null},"allMappedObjects":[]},{"name":"Project number","code":"PRONUM","comment":null,"annotation":null,"definition":null,"objectId":"0D04C876-257F-11D3-AD6C-0008C752DCF8","keywords":[],"history":[],"metadata":{"COMMENT":null,"KEYWORDS":null},"allMappedObjects":[]},{"name":"Project label","code":"PROLABL","comment":null,"annotation":null,"definition":null,"objectId":"0D04C87B-257F-11D3-AD6C-0008C752DCF8","keywords":[],"history":[],"metadata":{"COMMENT":null,"KEYWORDS":null},"allMappedObjects":[]}],"metadata":{"DEFINITION":null,"ANNOTATION":null,"COMMENT":null,"KEYWORDS":null},"allMappedObjects":[]},{"name":"Task","code":"TASK","comment":null,"annotation":null,"definition":null,"objectId":"0D04C849-257F-11D3-AD6C-0008C752DCF8","keywords":[],"history":[],"parent":{"name":"Activity","code":"ACTIVITY","comment":null,"annotation":null,"definition":null,"objectId":"0D04C84C-257F-11D3-AD6C-0008C752DCF8","keywords":[],"history":[],"parent":null,"simpleModelObjects":[{"name":"End date (act)","code":"ACTEND","comment":null,"annotation":null,"definition":null,"objectId":"0D04C894-257F-11D3-AD6C-0008C752DCF8","keywords":[],"history":[],"metadata":{"COMMENT":null,"KEYWORDS":null},"allMappedObjects":[]},{"name":"Start date (act)","code":"ACTBEG","comment":null,"annotation":null,"definition":null,"objectId":"0D04C892-257F-11D3-AD6C-0008C752DCF8","keywords":[],"history":[],"metadata":{"COMMENT":null,"KEYWORDS":null},"allMappedObjects":[]}],"metadata":{"DEFINITION":null,"ANNOTATION":null,"COMMENT":null,"KEYWORDS":null},"allMappedObjects":[]},"simpleModelObjects":[{"name":"Task cost","code":"TSKCOST","comment":null,"annotation":null,"definition":null,"objectId":"0D04C885-257F-11D3-AD6C-0008C752DCF8","keywords":[],"history":[],"metadata":{"COMMENT":null,"KEYWORDS":null},"allMappedObjects":[]},{"name":"Task name","code":"TSKNAME","comment":null,"annotation":null,"definition":null,"objectId":"0D04C882-257F-11D3-AD6C-0008C752DCF8","keywords":[],"history":[],"metadata":{"COMMENT":null,"KEYWORDS":null},"allMappedObjects":[]}],"metadata":{"DEFINITION":null,"ANNOTATION":null,"COMMENT":null,"KEYWORDS":null},"allMappedObjects":[]},{"name":"Employee","code":"EMPLOYEE","comment":null,"annotation":null,"definition":null,"objectId":"0D04C845-257F-11D3-AD6C-0008C752DCF8","keywords":[],"history":[],"parent":null,"simpleModelObjects":[{"name":"Employee number","code":"EMPNUM","comment":null,"annotation":null,"definition":null,"objectId":"0D04C85E-257F-11D3-AD6C-0008C752DCF8","keywords":[],"history":[],"metadata":{"COMMENT":null,"KEYWORDS":null},"allMappedObjects":[]},{"name":"Employee function","code":"EMPFUNC","comment":null,"annotation":null,"definition":null,"objectId":"0D04C865-257F-11D3-AD6C-0008C752DCF8","keywords":[],"history":[],"metadata":{"COMMENT":null,"KEYWORDS":null},"allMappedObjects":[]},{"name":"Employee salary","code":"EMPSAL","comment":null,"annotation":null,"definition":null,"objectId":"0D04C867-257F-11D3-AD6C-0008C752DCF8","keywords":[],"history":[],"metadata":{"COMMENT":null,"KEYWORDS":null},"allMappedObjects":[]},{"name":"First name","code":"EMPFNAM","comment":null,"annotation":null,"definition":null,"objectId":"0D04C861-257F-11D3-AD6C-0008C752DCF8","keywords":[],"history":[],"metadata":{"COMMENT":null,"KEYWORDS":null},"allMappedObjects":[]},{"name":"Last name","code":"EMPLNAM","comment":null,"annotation":null,"definition":null,"objectId":"0D04C863-257F-11D3-AD6C-0008C752DCF8","keywords":[],"history":[],"metadata":{"COMMENT":null,"KEYWORDS":null},"allMappedObjects":[]}],"metadata":{"DEFINITION":null,"ANNOTATION":null,"COMMENT":null,"KEYWORDS":null},"allMappedObjects":[]},{"name":"Customer","code":"CUSTOMER","comment":null,"annotation":null,"definition":null,"objectId":"0D04C846-257F-11D3-AD6C-0008C752DCF8","keywords":[],"history":[],"parent":null,"simpleModelObjects":[{"name":"Customer telephone","code":"CUSTEL","comment":null,"annotation":null,"definition":null,"objectId":"0D04C872-257F-11D3-AD6C-0008C752DCF8","keywords":[],"history":[],"metadata":{"COMMENT":null,"KEYWORDS":null},"allMappedObjects":[]},{"name":"Customer number","code":"CUSNUM","comment":null,"annotation":null,"definition":null,"objectId":"0D04C869-257F-11D3-AD6C-0008C752DCF8","keywords":[],"history":[],"metadata":{"COMMENT":null,"KEYWORDS":null},"allMappedObjects":[]},{"name":"Customer name","code":"CUSNAME","comment":null,"annotation":null,"definition":null,"objectId":"0D04C86C-257F-11D3-AD6C-0008C752DCF8","keywords":[],"history":[],"metadata":{"COMMENT":null,"KEYWORDS":null},"allMappedObjects":[]},{"name":"Customer fax","code":"CUSFAX","comment":null,"annotation":null,"definition":null,"objectId":"0D04C874-257F-11D3-AD6C-0008C752DCF8","keywords":[],"history":[],"metadata":{"COMMENT":null,"KEYWORDS":null},"allMappedObjects":[]},{"name":"Customer activity","code":"CUSACT","comment":null,"annotation":null,"definition":null,"objectId":"0D04C870-257F-11D3-AD6C-0008C752DCF8","keywords":[],"history":[],"metadata":{"COMMENT":null,"KEYWORDS":null},"allMappedObjects":[]},{"name":"Customer address","code":"CUSADDR","comment":null,"annotation":null,"definition":null,"objectId":"0D04C86E-257F-11D3-AD6C-0008C752DCF8","keywords":[],"history":[],"metadata":{"COMMENT":null,"KEYWORDS":null},"allMappedObjects":[]}],"metadata":{"DEFINITION":null,"ANNOTATION":null,"COMMENT":null,"KEYWORDS":null},"allMappedObjects":[]},{"name":"Participate","code":"PARTICIPATE","comment":null,"annotation":null,"definition":null,"objectId":"0D04C84B-257F-11D3-AD6C-0008C752DCF8","keywords":[],"history":[],"parent":null,"simpleModelObjects":[{"name":"Start date (par)","code":"PARBEG","comment":null,"annotation":null,"definition":null,"objectId":"0D04C88E-257F-11D3-AD6C-0008C752DCF8","keywords":[],"history":[],"metadata":{"COMMENT":null,"KEYWORDS":null},"allMappedObjects":[]},{"name":"End date (par)","code":"PAREND","comment":null,"annotation":null,"definition":null,"objectId":"0D04C890-257F-11D3-AD6C-0008C752DCF8","keywords":[],"history":[],"metadata":{"COMMENT":null,"KEYWORDS":null},"allMappedObjects":[]}],"metadata":{"DEFINITION":null,"ANNOTATION":null,"COMMENT":null,"KEYWORDS":null},"allMappedObjects":[]},{"name":"Activity","code":"ACTIVITY","comment":null,"annotation":null,"definition":null,"objectId":"0D04C84C-257F-11D3-AD6C-0008C752DCF8","keywords":[],"history":[],"parent":null,"simpleModelObjects":[{"name":"End date (act)","code":"ACTEND","comment":null,"annotation":null,"definition":null,"objectId":"0D04C894-257F-11D3-AD6C-0008C752DCF8","keywords":[],"history":[],"metadata":{"COMMENT":null,"KEYWORDS":null},"allMappedObjects":[]},{"name":"Start date (act)","code":"ACTBEG","comment":null,"annotation":null,"definition":null,"objectId":"0D04C892-257F-11D3-AD6C-0008C752DCF8","keywords":[],"history":[],"metadata":{"COMMENT":null,"KEYWORDS":null},"allMappedObjects":[]}],"metadata":{"DEFINITION":null,"ANNOTATION":null,"COMMENT":null,"KEYWORDS":null},"allMappedObjects":[]},{"name":"Team","code":"TEAM","comment":null,"annotation":null,"definition":null,"objectId":"0D04C848-257F-11D3-AD6C-0008C752DCF8","keywords":[],"history":[],"parent":null,"simpleModelObjects":[{"name":"Speciality","code":"TEASPE","comment":null,"annotation":null,"definition":null,"objectId":"0D04C880-257F-11D3-AD6C-0008C752DCF8","keywords":[],"history":[],"metadata":{"COMMENT":null,"KEYWORDS":null},"allMappedObjects":[]},{"name":"Team number","code":"TEANUM","comment":null,"annotation":null,"definition":null,"objectId":"0D04C87D-257F-11D3-AD6C-0008C752DCF8","keywords":[],"history":[],"metadata":{"COMMENT":null,"KEYWORDS":null},"allMappedObjects":[]}],"metadata":{"DEFINITION":null,"ANNOTATION":null,"COMMENT":null,"KEYWORDS":null},"allMappedObjects":[]},{"name":"Material","code":"MATERIAL","comment":null,"annotation":null,"definition":null,"objectId":"0D04C84A-257F-11D3-AD6C-0008C752DCF8","keywords":[],"history":[],"parent":null,"simpleModelObjects":[{"name":"Material name","code":"MATNAME","comment":null,"annotation":null,"definition":null,"objectId":"0D04C88A-257F-11D3-AD6C-0008C752DCF8","keywords":[],"history":[],"metadata":{"COMMENT":null,"KEYWORDS":null},"allMappedObjects":[]},{"name":"Material number","code":"MATNUM","comment":null,"annotation":null,"definition":null,"objectId":"0D04C887-257F-11D3-AD6C-0008C752DCF8","keywords":[],"history":[],"metadata":{"COMMENT":null,"KEYWORDS":null},"allMappedObjects":[]},{"name":"Material type","code":"MATTYPE","comment":null,"annotation":null,"definition":null,"objectId":"0D04C88C-257F-11D3-AD6C-0008C752DCF8","keywords":[],"history":[],"metadata":{"COMMENT":null,"KEYWORDS":null},"allMappedObjects":[]}],"metadata":{"DEFINITION":null,"ANNOTATION":null,"COMMENT":null,"KEYWORDS":null},"allMappedObjects":[]},{"name":"Division","code":"DIVISION","comment":null,"annotation":null,"definition":null,"objectId":"0D04C844-257F-11D3-AD6C-0008C752DCF8","keywords":[],"history":[],"parent":null,"simpleModelObjects":[{"name":"Division name","code":"DIVNAME","comment":null,"annotation":null,"definition":null,"objectId":"0D04C85A-257F-11D3-AD6C-0008C752DCF8","keywords":[],"history":[],"metadata":{"COMMENT":null,"KEYWORDS":null},"allMappedObjects":[]},{"name":"Division number","code":"DIVNUM","comment":null,"annotation":null,"definition":null,"objectId":"0D04C857-257F-11D3-AD6C-0008C752DCF8","keywords":[],"history":[],"metadata":{"COMMENT":null,"KEYWORDS":null},"allMappedObjects":[]},{"name":"Division address","code":"DIVADDR","comment":null,"annotation":null,"definition":null,"objectId":"0D04C85C-257F-11D3-AD6C-0008C752DCF8","keywords":[],"history":[],"metadata":{"COMMENT":null,"KEYWORDS":null},"allMappedObjects":[]}],"metadata":{"DEFINITION":null,"ANNOTATION":null,"COMMENT":null,"KEYWORDS":null},"allMappedObjects":[]}]}