MAPS_TO	Attribute_1 [Logical Attribute] . Entity1 [Logical Entity] . NAMELESS [Logical Owner] . Basic.DM1 [Logical Model File] . Test System [Logical System]	->	Attribute_1 [Column] . Entity1 [Table] . CURRENT_USER [Schema] . DEFAULT_DATABASE [Database]
MAPS_TO	Attribute_1 [Logical Attribute] . Entity2 [Logical Entity] . NAMELESS [Logical Owner] . Basic.DM1 [Logical Model File] . Test System [Logical System]	->	Attribute_1 [Column] . Entity2 [Table] . CURRENT_USER [Schema] . DEFAULT_DATABASE [Database]
MAPS_TO	Attribute_2 [Logical Attribute] . Entity1 [Logical Entity] . NAMELESS [Logical Owner] . Basic.DM1 [Logical Model File] . Test System [Logical System]	->	Attribute_2 [Column] . Entity1 [Table] . CURRENT_USER [Schema] . DEFAULT_DATABASE [Database]
MAPS_TO	Attribute_2 [Logical Attribute] . Entity2 [Logical Entity] . NAMELESS [Logical Owner] . Basic.DM1 [Logical Model File] . Test System [Logical System]	->	Attribute_2 [Column] . Entity2 [Table] . CURRENT_USER [Schema] . DEFAULT_DATABASE [Database]