MAPS_TO	Action [Logical Attribute] . Client Transaction [Logical Entity] . GIM [Logical Owner] . GIMDB.DM1 [Logical Model File] . Test System [Logical System]	->	ACTION [Column] . CLIENT_TRANSACTION [Table] . GIM [Schema] . DEFAULT_DATABASE [Database]
MAPS_TO	Broker Commission [Logical Attribute] . Client Transaction [Logical Entity] . GIM [Logical Owner] . GIMDB.DM1 [Logical Model File] . Test System [Logical System]	->	BROKER_COMMISSION [Column] . CLIENT_TRANSACTION [Table] . GIM [Schema] . DEFAULT_DATABASE [Database]
MAPS_TO	Broker First Name [Logical Attribute] . Broker [Logical Entity] . GIM [Logical Owner] . GIMDB.DM1 [Logical Model File] . Test System [Logical System]	->	BROKER_FIRST_NAME [Column] . BROKER [Table] . GIM [Schema] . DEFAULT_DATABASE [Database]
MAPS_TO	Broker Id [Logical Attribute] . Broker [Logical Entity] . GIM [Logical Owner] . GIMDB.DM1 [Logical Model File] . Test System [Logical System]	->	BROKER_ID [Column] . BROKER [Table] . GIM [Schema] . DEFAULT_DATABASE [Database]
MAPS_TO	Broker Id [Logical Attribute] . Broker [Logical Entity] . GIM [Logical Owner] . GIMDB.DM1 [Logical Model File] . Test System [Logical System]	->	MANAGER_ID [Column] . BROKER [Table] . GIM [Schema] . DEFAULT_DATABASE [Database]
MAPS_TO	Broker Id [Logical Attribute] . Client [Logical Entity] . GIM [Logical Owner] . GIMDB.DM1 [Logical Model File] . Test System [Logical System]	->	BROKER_ID [Column] . CLIENT [Table] . GIM [Schema] . DEFAULT_DATABASE [Database]
MAPS_TO	Broker Id [Logical Attribute] . Client Transaction [Logical Entity] . GIM [Logical Owner] . GIMDB.DM1 [Logical Model File] . Test System [Logical System]	->	BROKER_ID [Column] . CLIENT_TRANSACTION [Table] . GIM [Schema] . DEFAULT_DATABASE [Database]
MAPS_TO	Broker Last Name [Logical Attribute] . Broker [Logical Entity] . GIM [Logical Owner] . GIMDB.DM1 [Logical Model File] . Test System [Logical System]	->	BROKER_LAST_NAME [Column] . BROKER [Table] . GIM [Schema] . DEFAULT_DATABASE [Database]
MAPS_TO	Broker Middle Initial [Logical Attribute] . Broker [Logical Entity] . GIM [Logical Owner] . GIMDB.DM1 [Logical Model File] . Test System [Logical System]	->	BROKER_MIDDLE_INITIAL [Column] . BROKER [Table] . GIM [Schema] . DEFAULT_DATABASE [Database]
MAPS_TO	Client City [Logical Attribute] . Client [Logical Entity] . GIM [Logical Owner] . GIMDB.DM1 [Logical Model File] . Test System [Logical System]	->	CLIENT_CITY [Column] . CLIENT [Table] . GIM [Schema] . DEFAULT_DATABASE [Database]
MAPS_TO	Client Country [Logical Attribute] . Client [Logical Entity] . GIM [Logical Owner] . GIMDB.DM1 [Logical Model File] . Test System [Logical System]	->	CLIENT_COUNTRY [Column] . CLIENT [Table] . GIM [Schema] . DEFAULT_DATABASE [Database]
MAPS_TO	Client First Name [Logical Attribute] . Client [Logical Entity] . GIM [Logical Owner] . GIMDB.DM1 [Logical Model File] . Test System [Logical System]	->	CLIENT_FIRST_NAME [Column] . CLIENT [Table] . GIM [Schema] . DEFAULT_DATABASE [Database]
MAPS_TO	Client Gender [Logical Attribute] . Client [Logical Entity] . GIM [Logical Owner] . GIMDB.DM1 [Logical Model File] . Test System [Logical System]	->	CLIENT_GENDER [Column] . CLIENT [Table] . GIM [Schema] . DEFAULT_DATABASE [Database]
MAPS_TO	Client Household Income [Logical Attribute] . Client [Logical Entity] . GIM [Logical Owner] . GIMDB.DM1 [Logical Model File] . Test System [Logical System]	->	CLIENT_HOUSEHOLD_INCOME [Column] . CLIENT [Table] . GIM [Schema] . DEFAULT_DATABASE [Database]
MAPS_TO	Client Id [Logical Attribute] . Client [Logical Entity] . GIM [Logical Owner] . GIMDB.DM1 [Logical Model File] . Test System [Logical System]	->	CLIENT_ID [Column] . CLIENT [Table] . GIM [Schema] . DEFAULT_DATABASE [Database]
MAPS_TO	Client Id [Logical Attribute] . Client Transaction [Logical Entity] . GIM [Logical Owner] . GIMDB.DM1 [Logical Model File] . Test System [Logical System]	->	CLIENT_ID [Column] . CLIENT_TRANSACTION [Table] . GIM [Schema] . DEFAULT_DATABASE [Database]
MAPS_TO	Client Last Name [Logical Attribute] . Client [Logical Entity] . GIM [Logical Owner] . GIMDB.DM1 [Logical Model File] . Test System [Logical System]	->	CLIENT_LAST_NAME [Column] . CLIENT [Table] . GIM [Schema] . DEFAULT_DATABASE [Database]
MAPS_TO	Client Marital Status [Logical Attribute] . Client [Logical Entity] . GIM [Logical Owner] . GIMDB.DM1 [Logical Model File] . Test System [Logical System]	->	CLIENT_MARITAL_STATUS [Column] . CLIENT [Table] . GIM [Schema] . DEFAULT_DATABASE [Database]
MAPS_TO	Client Phone Number [Logical Attribute] . Client [Logical Entity] . GIM [Logical Owner] . GIMDB.DM1 [Logical Model File] . Test System [Logical System]	->	CLIENT_PHONE_NUMBER [Column] . CLIENT [Table] . GIM [Schema] . DEFAULT_DATABASE [Database]
MAPS_TO	Client Postal Code [Logical Attribute] . Client [Logical Entity] . GIM [Logical Owner] . GIMDB.DM1 [Logical Model File] . Test System [Logical System]	->	CLIENT_POSTAL_CODE [Column] . CLIENT [Table] . GIM [Schema] . DEFAULT_DATABASE [Database]
MAPS_TO	Client State Province [Logical Attribute] . Client [Logical Entity] . GIM [Logical Owner] . GIMDB.DM1 [Logical Model File] . Test System [Logical System]	->	CLIENT_STATE_PROVINCE [Column] . CLIENT [Table] . GIM [Schema] . DEFAULT_DATABASE [Database]
MAPS_TO	Client Street Address [Logical Attribute] . Client [Logical Entity] . GIM [Logical Owner] . GIMDB.DM1 [Logical Model File] . Test System [Logical System]	->	CLIENT_STREET_ADDRESS [Column] . CLIENT [Table] . GIM [Schema] . DEFAULT_DATABASE [Database]
MAPS_TO	Client Transaction Id [Logical Attribute] . Client Transaction [Logical Entity] . GIM [Logical Owner] . GIMDB.DM1 [Logical Model File] . Test System [Logical System]	->	CLIENT_TRANSACTION_ID [Column] . CLIENT_TRANSACTION [Table] . GIM [Schema] . DEFAULT_DATABASE [Database]
MAPS_TO	Client Year Of Birth [Logical Attribute] . Client [Logical Entity] . GIM [Logical Owner] . GIMDB.DM1 [Logical Model File] . Test System [Logical System]	->	CLIENT_YEAR_OF_BIRTH [Column] . CLIENT [Table] . GIM [Schema] . DEFAULT_DATABASE [Database]
MAPS_TO	Description [Logical Attribute] . Client Transaction [Logical Entity] . GIM [Logical Owner] . GIMDB.DM1 [Logical Model File] . Test System [Logical System]	->	DESCRIPTION [Column] . CLIENT_TRANSACTION [Table] . GIM [Schema] . DEFAULT_DATABASE [Database]
MAPS_TO	Investment Duration [Logical Attribute] . Investment [Logical Entity] . GIM [Logical Owner] . GIMDB.DM1 [Logical Model File] . Test System [Logical System]	->	INVESTMENT_DURATION [Column] . INVESTMENT [Table] . GIM [Schema] . DEFAULT_DATABASE [Database]
MAPS_TO	Investment Id [Logical Attribute] . Client Transaction [Logical Entity] . GIM [Logical Owner] . GIMDB.DM1 [Logical Model File] . Test System [Logical System]	->	INVESTMENT_ID [Column] . CLIENT_TRANSACTION [Table] . GIM [Schema] . DEFAULT_DATABASE [Database]
MAPS_TO	Investment Id [Logical Attribute] . Investment [Logical Entity] . GIM [Logical Owner] . GIMDB.DM1 [Logical Model File] . Test System [Logical System]	->	INVESTMENT_ID [Column] . INVESTMENT [Table] . GIM [Schema] . DEFAULT_DATABASE [Database]
MAPS_TO	Investment Name [Logical Attribute] . Investment [Logical Entity] . GIM [Logical Owner] . GIMDB.DM1 [Logical Model File] . Test System [Logical System]	->	INVESTMENT_NAME [Column] . INVESTMENT [Table] . GIM [Schema] . DEFAULT_DATABASE [Database]
MAPS_TO	Investment Type Id [Logical Attribute] . Investment [Logical Entity] . GIM [Logical Owner] . GIMDB.DM1 [Logical Model File] . Test System [Logical System]	->	INVESTMENT_TYPE_ID [Column] . INVESTMENT [Table] . GIM [Schema] . DEFAULT_DATABASE [Database]
MAPS_TO	Investment Type Id [Logical Attribute] . Investment Type [Logical Entity] . GIM [Logical Owner] . GIMDB.DM1 [Logical Model File] . Test System [Logical System]	->	INVESTMENT_TYPE_ID [Column] . INVESTMENT_TYPE [Table] . GIM [Schema] . DEFAULT_DATABASE [Database]
MAPS_TO	Investment Type Name [Logical Attribute] . Investment Type [Logical Entity] . GIM [Logical Owner] . GIMDB.DM1 [Logical Model File] . Test System [Logical System]	->	INVESTMENT_TYPE_NAME [Column] . INVESTMENT_TYPE [Table] . GIM [Schema] . DEFAULT_DATABASE [Database]
MAPS_TO	Investment Unit [Logical Attribute] . Investment [Logical Entity] . GIM [Logical Owner] . GIMDB.DM1 [Logical Model File] . Test System [Logical System]	->	INVESTMENT_UNIT [Column] . INVESTMENT [Table] . GIM [Schema] . DEFAULT_DATABASE [Database]
MAPS_TO	Investment Vendor [Logical Attribute] . Investment [Logical Entity] . GIM [Logical Owner] . GIMDB.DM1 [Logical Model File] . Test System [Logical System]	->	INVESTMENT_VENDOR [Column] . INVESTMENT [Table] . GIM [Schema] . DEFAULT_DATABASE [Database]
MAPS_TO	Number Of Units [Logical Attribute] . Client Transaction [Logical Entity] . GIM [Logical Owner] . GIMDB.DM1 [Logical Model File] . Test System [Logical System]	->	NUMBER_OF_UNITS [Column] . CLIENT_TRANSACTION [Table] . GIM [Schema] . DEFAULT_DATABASE [Database]
MAPS_TO	Office Address [Logical Attribute] . Office Location [Logical Entity] . GIM [Logical Owner] . GIMDB.DM1 [Logical Model File] . Test System [Logical System]	->	OFFICE_ADDRESS [Column] . OFFICE_LOCATION [Table] . GIM [Schema] . DEFAULT_DATABASE [Database]
MAPS_TO	Office City [Logical Attribute] . Office Location [Logical Entity] . GIM [Logical Owner] . GIMDB.DM1 [Logical Model File] . Test System [Logical System]	->	OFFICE_CITY [Column] . OFFICE_LOCATION [Table] . GIM [Schema] . DEFAULT_DATABASE [Database]
MAPS_TO	Office Country [Logical Attribute] . Office Location [Logical Entity] . GIM [Logical Owner] . GIMDB.DM1 [Logical Model File] . Test System [Logical System]	->	OFFICE_COUNTRY [Column] . OFFICE_LOCATION [Table] . GIM [Schema] . DEFAULT_DATABASE [Database]
MAPS_TO	Office Location Id [Logical Attribute] . Broker [Logical Entity] . GIM [Logical Owner] . GIMDB.DM1 [Logical Model File] . Test System [Logical System]	->	OFFICE_LOCATION_ID [Column] . BROKER [Table] . GIM [Schema] . DEFAULT_DATABASE [Database]
MAPS_TO	Office Location Id [Logical Attribute] . Office Location [Logical Entity] . GIM [Logical Owner] . GIMDB.DM1 [Logical Model File] . Test System [Logical System]	->	OFFICE_LOCATION_ID [Column] . OFFICE_LOCATION [Table] . GIM [Schema] . DEFAULT_DATABASE [Database]
MAPS_TO	Office Name [Logical Attribute] . Office Location [Logical Entity] . GIM [Logical Owner] . GIMDB.DM1 [Logical Model File] . Test System [Logical System]	->	OFFICE_NAME [Column] . OFFICE_LOCATION [Table] . GIM [Schema] . DEFAULT_DATABASE [Database]
MAPS_TO	Office Postal Code [Logical Attribute] . Office Location [Logical Entity] . GIM [Logical Owner] . GIMDB.DM1 [Logical Model File] . Test System [Logical System]	->	OFFICE_POSTAL_CODE [Column] . OFFICE_LOCATION [Table] . GIM [Schema] . DEFAULT_DATABASE [Database]
MAPS_TO	Office State Province [Logical Attribute] . Office Location [Logical Entity] . GIM [Logical Owner] . GIMDB.DM1 [Logical Model File] . Test System [Logical System]	->	OFFICE_STATE_PROVINCE [Column] . OFFICE_LOCATION [Table] . GIM [Schema] . DEFAULT_DATABASE [Database]
MAPS_TO	Price [Logical Attribute] . Client Transaction [Logical Entity] . GIM [Logical Owner] . GIMDB.DM1 [Logical Model File] . Test System [Logical System]	->	PRICE [Column] . CLIENT_TRANSACTION [Table] . GIM [Schema] . DEFAULT_DATABASE [Database]
MAPS_TO	Transaction Comp Timestamp [Logical Attribute] . Client Transaction [Logical Entity] . GIM [Logical Owner] . GIMDB.DM1 [Logical Model File] . Test System [Logical System]	->	TRANSACTION_COMP_TIMESTAMP [Column] . CLIENT_TRANSACTION [Table] . GIM [Schema] . DEFAULT_DATABASE [Database]
MAPS_TO	Transaction Status [Logical Attribute] . Client Transaction [Logical Entity] . GIM [Logical Owner] . GIMDB.DM1 [Logical Model File] . Test System [Logical System]	->	TRANSACTION_STATUS [Column] . CLIENT_TRANSACTION [Table] . GIM [Schema] . DEFAULT_DATABASE [Database]
MAPS_TO	Transaction Sub Timestamp [Logical Attribute] . Client Transaction [Logical Entity] . GIM [Logical Owner] . GIMDB.DM1 [Logical Model File] . Test System [Logical System]	->	TRANSACTION_SUB_TIMESTAMP [Column] . CLIENT_TRANSACTION [Table] . GIM [Schema] . DEFAULT_DATABASE [Database]
MAPS_TO	Years With Firm [Logical Attribute] . Broker [Logical Entity] . GIM [Logical Owner] . GIMDB.DM1 [Logical Model File] . Test System [Logical System]	->	YEARS_WITH_FIRM [Column] . BROKER [Table] . GIM [Schema] . DEFAULT_DATABASE [Database]