MAPS_TO	Active_Ingredient_ID [Logical Attribute] . Active_Ingredient [Logical Entity] . dbo [Logical Owner] . OrangeMart.dm1 [Logical Model File] . Test System [Logical System]	->	ACTIVE_INGREDIENT_ID [Column] . ACT_ING [Table] . dbo [Schema] . DEFAULT_DATABASE [Database] . DEFAULT_INSTANCE [Server]
MAPS_TO	Active_Ingredient_ID [Logical Attribute] . Approved_Product [Logical Entity] . dbo [Logical Owner] . OrangeMart.dm1 [Logical Model File] . Test System [Logical System]	->	ACTIVE_INGREDIENT_ID [Column] . APPV_PRD [Table] . dbo [Schema] . DEFAULT_DATABASE [Database] . DEFAULT_INSTANCE [Server]
MAPS_TO	Active_Ingredients [Logical Attribute] . Active_Ingredient [Logical Entity] . dbo [Logical Owner] . OrangeMart.dm1 [Logical Model File] . Test System [Logical System]	->	ACTIVE_INGREDIENTS [Column] . ACT_ING [Table] . dbo [Schema] . DEFAULT_DATABASE [Database] . DEFAULT_INSTANCE [Server]
MAPS_TO	Active_Ingredients [Logical Attribute] . Approval [Logical Entity] . dbo [Logical Owner] . OrangeMart.dm1 [Logical Model File] . Test System [Logical System]	->	ACTIVE_INGREDIENTS [Column] . APVL [Table] . dbo [Schema] . DEFAULT_DATABASE [Database] . DEFAULT_INSTANCE [Server]
MAPS_TO	Active_Ingredients [Logical Attribute] . Competitor [Logical Entity] . dbo [Logical Owner] . OrangeMart.dm1 [Logical Model File] . Test System [Logical System]	->	ACTIVE_INGREDIENTS [Column] . CMPTR [Table] . dbo [Schema] . DEFAULT_DATABASE [Database] . DEFAULT_INSTANCE [Server]
MAPS_TO	Active_Ingredients [Logical Attribute] . Molecule [Logical Entity] . dbo [Logical Owner] . OrangeMart.dm1 [Logical Model File] . Test System [Logical System]	->	ACTIVE_INGREDIENTS [Column] . MOL [Table] . dbo [Schema] . DEFAULT_DATABASE [Database] . DEFAULT_INSTANCE [Server]
MAPS_TO	Active_Ingredients [Logical Attribute] . Strength [Logical Entity] . dbo [Logical Owner] . OrangeMart.dm1 [Logical Model File] . Test System [Logical System]	->	ACTIVE_INGREDIENTS [Column] . STRTH [Table] . dbo [Schema] . DEFAULT_DATABASE [Database] . DEFAULT_INSTANCE [Server]
MAPS_TO	Applicant [Logical Attribute] . Applicant [Logical Entity] . dbo [Logical Owner] . OrangeMart.dm1 [Logical Model File] . Test System [Logical System]	->	APPLICANT [Column] . APP [Table] . dbo [Schema] . DEFAULT_DATABASE [Database] . DEFAULT_INSTANCE [Server]
MAPS_TO	Applicant [Logical Attribute] . Approval [Logical Entity] . dbo [Logical Owner] . OrangeMart.dm1 [Logical Model File] . Test System [Logical System]	->	APPLICANT [Column] . APVL [Table] . dbo [Schema] . DEFAULT_DATABASE [Database] . DEFAULT_INSTANCE [Server]
MAPS_TO	Applicant [Logical Attribute] . Competitor [Logical Entity] . dbo [Logical Owner] . OrangeMart.dm1 [Logical Model File] . Test System [Logical System]	->	APPLICANT [Column] . CMPTR [Table] . dbo [Schema] . DEFAULT_DATABASE [Database] . DEFAULT_INSTANCE [Server]
MAPS_TO	Applicant_Full_Name [Logical Attribute] . Applicant_Full_Name [Logical Entity] . dbo [Logical Owner] . OrangeMart.dm1 [Logical Model File] . Test System [Logical System]	->	APPLICANT_FULL_NAME [Column] . APP_FL_NM [Table] . dbo [Schema] . DEFAULT_DATABASE [Database] . DEFAULT_INSTANCE [Server]
MAPS_TO	Applicant_Full_Name [Logical Attribute] . Approval [Logical Entity] . dbo [Logical Owner] . OrangeMart.dm1 [Logical Model File] . Test System [Logical System]	->	APPLICANT_FULL_NAME [Column] . APVL [Table] . dbo [Schema] . DEFAULT_DATABASE [Database] . DEFAULT_INSTANCE [Server]
MAPS_TO	Applicant_Full_Name_ID [Logical Attribute] . Applicant_Full_Name [Logical Entity] . dbo [Logical Owner] . OrangeMart.dm1 [Logical Model File] . Test System [Logical System]	->	APPLICANT_FULL_NAME_ID [Column] . APP_FL_NM [Table] . dbo [Schema] . DEFAULT_DATABASE [Database] . DEFAULT_INSTANCE [Server]
MAPS_TO	Applicant_Full_Name_ID [Logical Attribute] . Approved_Product [Logical Entity] . dbo [Logical Owner] . OrangeMart.dm1 [Logical Model File] . Test System [Logical System]	->	APPLICANT_FULL_NAME_ID [Column] . APPV_PRD [Table] . dbo [Schema] . DEFAULT_DATABASE [Database] . DEFAULT_INSTANCE [Server]
MAPS_TO	Applicant_ID [Logical Attribute] . Applicant [Logical Entity] . dbo [Logical Owner] . OrangeMart.dm1 [Logical Model File] . Test System [Logical System]	->	APPLICANT_ID [Column] . APP [Table] . dbo [Schema] . DEFAULT_DATABASE [Database] . DEFAULT_INSTANCE [Server]
MAPS_TO	Applicant_ID [Logical Attribute] . Applicant_Full_Name [Logical Entity] . dbo [Logical Owner] . OrangeMart.dm1 [Logical Model File] . Test System [Logical System]	->	APPLICANT_ID [Column] . APP_FL_NM [Table] . dbo [Schema] . DEFAULT_DATABASE [Database] . DEFAULT_INSTANCE [Server]
MAPS_TO	Applicant_ID [Logical Attribute] . Approved_Product [Logical Entity] . dbo [Logical Owner] . OrangeMart.dm1 [Logical Model File] . Test System [Logical System]	->	APPLICANT_ID [Column] . APPV_PRD [Table] . dbo [Schema] . DEFAULT_DATABASE [Database] . DEFAULT_INSTANCE [Server]
MAPS_TO	Application_Nbr [Logical Attribute] . Application_Nbr [Logical Entity] . dbo [Logical Owner] . OrangeMart.dm1 [Logical Model File] . Test System [Logical System]	->	APPLICATION_NBR [Column] . APP_NR [Table] . dbo [Schema] . DEFAULT_DATABASE [Database] . DEFAULT_INSTANCE [Server]
MAPS_TO	Application_Nbr [Logical Attribute] . Approval [Logical Entity] . dbo [Logical Owner] . OrangeMart.dm1 [Logical Model File] . Test System [Logical System]	->	APPLICATION_NBR [Column] . APVL [Table] . dbo [Schema] . DEFAULT_DATABASE [Database] . DEFAULT_INSTANCE [Server]
MAPS_TO	Application_Nbr [Logical Attribute] . Exclusivity_Status [Logical Entity] . dbo [Logical Owner] . OrangeMart.dm1 [Logical Model File] . Test System [Logical System]	->	APPLICATION_NBR [Column] . EXLY_STS [Table] . dbo [Schema] . DEFAULT_DATABASE [Database] . DEFAULT_INSTANCE [Server]
MAPS_TO	Application_Nbr [Logical Attribute] . Patent_Status [Logical Entity] . dbo [Logical Owner] . OrangeMart.dm1 [Logical Model File] . Test System [Logical System]	->	APPLICATION_NBR [Column] . PAT_STS [Table] . dbo [Schema] . DEFAULT_DATABASE [Database] . DEFAULT_INSTANCE [Server]
MAPS_TO	Application_Nbr_ID [Logical Attribute] . Application_Nbr [Logical Entity] . dbo [Logical Owner] . OrangeMart.dm1 [Logical Model File] . Test System [Logical System]	->	APPLICATION_NBR_ID [Column] . APP_NR [Table] . dbo [Schema] . DEFAULT_DATABASE [Database] . DEFAULT_INSTANCE [Server]
MAPS_TO	Application_Nbr_ID [Logical Attribute] . Approved_Product [Logical Entity] . dbo [Logical Owner] . OrangeMart.dm1 [Logical Model File] . Test System [Logical System]	->	APPLICATION_NBR_ID [Column] . APPV_PRD [Table] . dbo [Schema] . DEFAULT_DATABASE [Database] . DEFAULT_INSTANCE [Server]
MAPS_TO	Approval_Date [Logical Attribute] . Approval [Logical Entity] . dbo [Logical Owner] . OrangeMart.dm1 [Logical Model File] . Test System [Logical System]	->	APPROVAL_DATE [Column] . APVL [Table] . dbo [Schema] . DEFAULT_DATABASE [Database] . DEFAULT_INSTANCE [Server]
MAPS_TO	Approval_Date [Logical Attribute] . Approved_Product [Logical Entity] . dbo [Logical Owner] . OrangeMart.dm1 [Logical Model File] . Test System [Logical System]	->	APPROVAL_DATE [Column] . APPV_PRD [Table] . dbo [Schema] . DEFAULT_DATABASE [Database] . DEFAULT_INSTANCE [Server]
MAPS_TO	Approval_ID [Logical Attribute] . Approval [Logical Entity] . dbo [Logical Owner] . OrangeMart.dm1 [Logical Model File] . Test System [Logical System]	->	APPROVAL_ID [Column] . APVL [Table] . dbo [Schema] . DEFAULT_DATABASE [Database] . DEFAULT_INSTANCE [Server]
MAPS_TO	Approval_ID [Logical Attribute] . Approved_Product [Logical Entity] . dbo [Logical Owner] . OrangeMart.dm1 [Logical Model File] . Test System [Logical System]	->	APPROVAL_ID [Column] . APPV_PRD [Table] . dbo [Schema] . DEFAULT_DATABASE [Database] . DEFAULT_INSTANCE [Server]
MAPS_TO	Approved_Product_ID [Logical Attribute] . Approved_Product [Logical Entity] . dbo [Logical Owner] . OrangeMart.dm1 [Logical Model File] . Test System [Logical System]	->	APPROVED_PRODUCT_ID [Column] . APPV_PRD [Table] . dbo [Schema] . DEFAULT_DATABASE [Database] . DEFAULT_INSTANCE [Server]
MAPS_TO	Approved_Product_ID [Logical Attribute] . Product_Exclusivity [Logical Entity] . dbo [Logical Owner] . OrangeMart.dm1 [Logical Model File] . Test System [Logical System]	->	APPROVED_PRODUCT_ID [Column] . PRD_EXLY [Table] . dbo [Schema] . DEFAULT_DATABASE [Database] . DEFAULT_INSTANCE [Server]
MAPS_TO	Approved_Product_ID [Logical Attribute] . Product_Patent [Logical Entity] . dbo [Logical Owner] . OrangeMart.dm1 [Logical Model File] . Test System [Logical System]	->	APPROVED_PRODUCT_ID [Column] . PRD_PAT [Table] . dbo [Schema] . DEFAULT_DATABASE [Database] . DEFAULT_INSTANCE [Server]
MAPS_TO	Competitor_ID [Logical Attribute] . Competitor [Logical Entity] . dbo [Logical Owner] . OrangeMart.dm1 [Logical Model File] . Test System [Logical System]	->	COMPETITOR_ID [Column] . CMPTR [Table] . dbo [Schema] . DEFAULT_DATABASE [Database] . DEFAULT_INSTANCE [Server]
MAPS_TO	Description [Logical Attribute] . Exclusivity_Code [Logical Entity] . dbo [Logical Owner] . OrangeMart.dm1 [Logical Model File] . Test System [Logical System]	->	DESCRIPTION [Column] . EXLY_CD [Table] . dbo [Schema] . DEFAULT_DATABASE [Database] . DEFAULT_INSTANCE [Server]
MAPS_TO	Description [Logical Attribute] . Patent_Use_Code [Logical Entity] . dbo [Logical Owner] . OrangeMart.dm1 [Logical Model File] . Test System [Logical System]	->	DESCRIPTION [Column] . PAT_USE_CD [Table] . dbo [Schema] . DEFAULT_DATABASE [Database] . DEFAULT_INSTANCE [Server]
MAPS_TO	Dosage_Form [Logical Attribute] . Approval [Logical Entity] . dbo [Logical Owner] . OrangeMart.dm1 [Logical Model File] . Test System [Logical System]	->	DOSAGE_FORM [Column] . APVL [Table] . dbo [Schema] . DEFAULT_DATABASE [Database] . DEFAULT_INSTANCE [Server]
MAPS_TO	Dosage_Form [Logical Attribute] . Competitor [Logical Entity] . dbo [Logical Owner] . OrangeMart.dm1 [Logical Model File] . Test System [Logical System]	->	DOSAGE_FORM [Column] . CMPTR [Table] . dbo [Schema] . DEFAULT_DATABASE [Database] . DEFAULT_INSTANCE [Server]
MAPS_TO	Dosage_Form [Logical Attribute] . Dosage_Form [Logical Entity] . dbo [Logical Owner] . OrangeMart.dm1 [Logical Model File] . Test System [Logical System]	->	DOSAGE_FORM [Column] . DSG_FRM [Table] . dbo [Schema] . DEFAULT_DATABASE [Database] . DEFAULT_INSTANCE [Server]
MAPS_TO	Dosage_Form [Logical Attribute] . Molecule [Logical Entity] . dbo [Logical Owner] . OrangeMart.dm1 [Logical Model File] . Test System [Logical System]	->	DOSAGE_FORM [Column] . MOL [Table] . dbo [Schema] . DEFAULT_DATABASE [Database] . DEFAULT_INSTANCE [Server]
MAPS_TO	Dosage_Form [Logical Attribute] . Strength [Logical Entity] . dbo [Logical Owner] . OrangeMart.dm1 [Logical Model File] . Test System [Logical System]	->	DOSAGE_FORM [Column] . STRTH [Table] . dbo [Schema] . DEFAULT_DATABASE [Database] . DEFAULT_INSTANCE [Server]
MAPS_TO	Dosage_Form_ID [Logical Attribute] . Approved_Product [Logical Entity] . dbo [Logical Owner] . OrangeMart.dm1 [Logical Model File] . Test System [Logical System]	->	DOSAGE_FORM_ID [Column] . APPV_PRD [Table] . dbo [Schema] . DEFAULT_DATABASE [Database] . DEFAULT_INSTANCE [Server]
MAPS_TO	Dosage_Form_ID [Logical Attribute] . Dosage_Form [Logical Entity] . dbo [Logical Owner] . OrangeMart.dm1 [Logical Model File] . Test System [Logical System]	->	DOSAGE_FORM_ID [Column] . DSG_FRM [Table] . dbo [Schema] . DEFAULT_DATABASE [Database] . DEFAULT_INSTANCE [Server]
MAPS_TO	Drug_Product_Flag [Logical Attribute] . Patent_Status [Logical Entity] . dbo [Logical Owner] . OrangeMart.dm1 [Logical Model File] . Test System [Logical System]	->	DRUG_PRODUCT_FLAG [Column] . PAT_STS [Table] . dbo [Schema] . DEFAULT_DATABASE [Database] . DEFAULT_INSTANCE [Server]
MAPS_TO	Drug_Substance_Flag [Logical Attribute] . Patent_Status [Logical Entity] . dbo [Logical Owner] . OrangeMart.dm1 [Logical Model File] . Test System [Logical System]	->	DRUG_SUBSTANCE_FLAG [Column] . PAT_STS [Table] . dbo [Schema] . DEFAULT_DATABASE [Database] . DEFAULT_INSTANCE [Server]
MAPS_TO	Exclusivity_Code [Logical Attribute] . Exclusivity_Code [Logical Entity] . dbo [Logical Owner] . OrangeMart.dm1 [Logical Model File] . Test System [Logical System]	->	EXCLUSIVITY_CODE [Column] . EXLY_CD [Table] . dbo [Schema] . DEFAULT_DATABASE [Database] . DEFAULT_INSTANCE [Server]
MAPS_TO	Exclusivity_Code [Logical Attribute] . Exclusivity_Status [Logical Entity] . dbo [Logical Owner] . OrangeMart.dm1 [Logical Model File] . Test System [Logical System]	->	EXCLUSIVITY_CODE [Column] . EXLY_STS [Table] . dbo [Schema] . DEFAULT_DATABASE [Database] . DEFAULT_INSTANCE [Server]
MAPS_TO	Exclusivity_Code_ID [Logical Attribute] . Exclusivity_Code [Logical Entity] . dbo [Logical Owner] . OrangeMart.dm1 [Logical Model File] . Test System [Logical System]	->	EXCLUSIVITY_CODE_ID [Column] . EXLY_CD [Table] . dbo [Schema] . DEFAULT_DATABASE [Database] . DEFAULT_INSTANCE [Server]
MAPS_TO	Exclusivity_Expiration [Logical Attribute] . Exclusivity_Status [Logical Entity] . dbo [Logical Owner] . OrangeMart.dm1 [Logical Model File] . Test System [Logical System]	->	EXCLUSIVITY_EXPIRATION [Column] . EXLY_STS [Table] . dbo [Schema] . DEFAULT_DATABASE [Database] . DEFAULT_INSTANCE [Server]
MAPS_TO	Exclusivity_Expiration [Logical Attribute] . Product_Exclusivity [Logical Entity] . dbo [Logical Owner] . OrangeMart.dm1 [Logical Model File] . Test System [Logical System]	->	EXCLUSIVITY_EXPIRATION [Column] . PRD_EXLY [Table] . dbo [Schema] . DEFAULT_DATABASE [Database] . DEFAULT_INSTANCE [Server]
MAPS_TO	Exclusivity_Status_ID [Logical Attribute] . Exclusivity_Status [Logical Entity] . dbo [Logical Owner] . OrangeMart.dm1 [Logical Model File] . Test System [Logical System]	->	EXCLUSIVITY_STATUS_ID [Column] . EXLY_STS [Table] . dbo [Schema] . DEFAULT_DATABASE [Database] . DEFAULT_INSTANCE [Server]
MAPS_TO	Exclusivity_Status_ID [Logical Attribute] . Product_Exclusivity [Logical Entity] . dbo [Logical Owner] . OrangeMart.dm1 [Logical Model File] . Test System [Logical System]	->	EXCLUSIVITY_STATUS_ID [Column] . PRD_EXLY [Table] . dbo [Schema] . DEFAULT_DATABASE [Database] . DEFAULT_INSTANCE [Server]
MAPS_TO	Indications [Logical Attribute] . Approval [Logical Entity] . dbo [Logical Owner] . OrangeMart.dm1 [Logical Model File] . Test System [Logical System]	->	INDICATIONS [Column] . APVL [Table] . dbo [Schema] . DEFAULT_DATABASE [Database] . DEFAULT_INSTANCE [Server]
MAPS_TO	Is_Ref_Listed [Logical Attribute] . Approval [Logical Entity] . dbo [Logical Owner] . OrangeMart.dm1 [Logical Model File] . Test System [Logical System]	->	IS_REF_LISTED [Column] . APVL [Table] . dbo [Schema] . DEFAULT_DATABASE [Database] . DEFAULT_INSTANCE [Server]
MAPS_TO	Is_Ref_Listed [Logical Attribute] . Approved_Product [Logical Entity] . dbo [Logical Owner] . OrangeMart.dm1 [Logical Model File] . Test System [Logical System]	->	IS_REF_LISTED [Column] . APPV_PRD [Table] . dbo [Schema] . DEFAULT_DATABASE [Database] . DEFAULT_INSTANCE [Server]
MAPS_TO	Molecule_ID [Logical Attribute] . Molecule [Logical Entity] . dbo [Logical Owner] . OrangeMart.dm1 [Logical Model File] . Test System [Logical System]	->	MOLECULE_ID [Column] . MOL [Table] . dbo [Schema] . DEFAULT_DATABASE [Database] . DEFAULT_INSTANCE [Server]
MAPS_TO	Molecule_ID [Logical Attribute] . Strength [Logical Entity] . dbo [Logical Owner] . OrangeMart.dm1 [Logical Model File] . Test System [Logical System]	->	MOLECULE_ID [Column] . STRTH [Table] . dbo [Schema] . DEFAULT_DATABASE [Database] . DEFAULT_INSTANCE [Server]
MAPS_TO	Patent_Expiration [Logical Attribute] . Patent_Status [Logical Entity] . dbo [Logical Owner] . OrangeMart.dm1 [Logical Model File] . Test System [Logical System]	->	PATENT_EXPIRATION [Column] . PAT_STS [Table] . dbo [Schema] . DEFAULT_DATABASE [Database] . DEFAULT_INSTANCE [Server]
MAPS_TO	Patent_Expiration [Logical Attribute] . Product_Patent [Logical Entity] . dbo [Logical Owner] . OrangeMart.dm1 [Logical Model File] . Test System [Logical System]	->	PATENT_EXPIRATION [Column] . PRD_PAT [Table] . dbo [Schema] . DEFAULT_DATABASE [Database] . DEFAULT_INSTANCE [Server]
MAPS_TO	Patent_Nbr [Logical Attribute] . Patent_Status [Logical Entity] . dbo [Logical Owner] . OrangeMart.dm1 [Logical Model File] . Test System [Logical System]	->	PATENT_NBR [Column] . PAT_STS [Table] . dbo [Schema] . DEFAULT_DATABASE [Database] . DEFAULT_INSTANCE [Server]
MAPS_TO	Patent_Nbr [Logical Attribute] . Product_Patent [Logical Entity] . dbo [Logical Owner] . OrangeMart.dm1 [Logical Model File] . Test System [Logical System]	->	PATENT_NBR [Column] . PRD_PAT [Table] . dbo [Schema] . DEFAULT_DATABASE [Database] . DEFAULT_INSTANCE [Server]
MAPS_TO	Patent_Status_ID [Logical Attribute] . Patent_Status [Logical Entity] . dbo [Logical Owner] . OrangeMart.dm1 [Logical Model File] . Test System [Logical System]	->	PATENT_STATUS_ID [Column] . PAT_STS [Table] . dbo [Schema] . DEFAULT_DATABASE [Database] . DEFAULT_INSTANCE [Server]
MAPS_TO	Patent_Status_ID [Logical Attribute] . Product_Patent [Logical Entity] . dbo [Logical Owner] . OrangeMart.dm1 [Logical Model File] . Test System [Logical System]	->	PATENT_STATUS_ID [Column] . PRD_PAT [Table] . dbo [Schema] . DEFAULT_DATABASE [Database] . DEFAULT_INSTANCE [Server]
MAPS_TO	Patent_Use_Code [Logical Attribute] . Patent_Status [Logical Entity] . dbo [Logical Owner] . OrangeMart.dm1 [Logical Model File] . Test System [Logical System]	->	PATENT_USE_CODE [Column] . PAT_STS [Table] . dbo [Schema] . DEFAULT_DATABASE [Database] . DEFAULT_INSTANCE [Server]
MAPS_TO	Patent_Use_Code [Logical Attribute] . Patent_Use_Code [Logical Entity] . dbo [Logical Owner] . OrangeMart.dm1 [Logical Model File] . Test System [Logical System]	->	PATENT_USE_CODE [Column] . PAT_USE_CD [Table] . dbo [Schema] . DEFAULT_DATABASE [Database] . DEFAULT_INSTANCE [Server]
MAPS_TO	Patent_Use_Code_ID [Logical Attribute] . Patent_Use_Code [Logical Entity] . dbo [Logical Owner] . OrangeMart.dm1 [Logical Model File] . Test System [Logical System]	->	PATENT_USE_CODE_ID [Column] . PAT_USE_CD [Table] . dbo [Schema] . DEFAULT_DATABASE [Database] . DEFAULT_INSTANCE [Server]
MAPS_TO	Product [Logical Attribute] . Product_Revenue [Logical Entity] . dbo [Logical Owner] . OrangeMart.dm1 [Logical Model File] . Test System [Logical System]	->	PRODUCT [Column] . PRD_REV2000 [Table] . dbo [Schema] . DEFAULT_DATABASE [Database] . DEFAULT_INSTANCE [Server]
MAPS_TO	Product [Logical Attribute] . Product_Revenue [Logical Entity] . dbo [Logical Owner] . OrangeMart.dm1 [Logical Model File] . Test System [Logical System]	->	PRODUCT [Column] . PRD_REV2001 [Table] . dbo [Schema] . DEFAULT_DATABASE [Database] . DEFAULT_INSTANCE [Server]
MAPS_TO	Product [Logical Attribute] . Product_Revenue [Logical Entity] . dbo [Logical Owner] . OrangeMart.dm1 [Logical Model File] . Test System [Logical System]	->	PRODUCT [Column] . PRD_REV2002 [Table] . dbo [Schema] . DEFAULT_DATABASE [Database] . DEFAULT_INSTANCE [Server]
MAPS_TO	Product [Logical Attribute] . Product_Revenue [Logical Entity] . dbo [Logical Owner] . OrangeMart.dm1 [Logical Model File] . Test System [Logical System]	->	PRODUCT [Column] . PRD_REV2003 [Table] . dbo [Schema] . DEFAULT_DATABASE [Database] . DEFAULT_INSTANCE [Server]
MAPS_TO	Product [Logical Attribute] . Product_Revenue [Logical Entity] . dbo [Logical Owner] . OrangeMart.dm1 [Logical Model File] . Test System [Logical System]	->	PRODUCT [Column] . PRD_REV2004 [Table] . dbo [Schema] . DEFAULT_DATABASE [Database] . DEFAULT_INSTANCE [Server]
MAPS_TO	Product_Exclusivity_ID [Logical Attribute] . Product_Exclusivity [Logical Entity] . dbo [Logical Owner] . OrangeMart.dm1 [Logical Model File] . Test System [Logical System]	->	PRODUCT_EXCLUSIVITY_ID [Column] . PRD_EXLY [Table] . dbo [Schema] . DEFAULT_DATABASE [Database] . DEFAULT_INSTANCE [Server]
MAPS_TO	Product_Nbr [Logical Attribute] . Approval [Logical Entity] . dbo [Logical Owner] . OrangeMart.dm1 [Logical Model File] . Test System [Logical System]	->	PRODUCT_NBR [Column] . APVL [Table] . dbo [Schema] . DEFAULT_DATABASE [Database] . DEFAULT_INSTANCE [Server]
MAPS_TO	Product_Nbr [Logical Attribute] . Exclusivity_Status [Logical Entity] . dbo [Logical Owner] . OrangeMart.dm1 [Logical Model File] . Test System [Logical System]	->	PRODUCT_NBR [Column] . EXLY_STS [Table] . dbo [Schema] . DEFAULT_DATABASE [Database] . DEFAULT_INSTANCE [Server]
MAPS_TO	Product_Nbr [Logical Attribute] . Patent_Status [Logical Entity] . dbo [Logical Owner] . OrangeMart.dm1 [Logical Model File] . Test System [Logical System]	->	PRODUCT_NBR [Column] . PAT_STS [Table] . dbo [Schema] . DEFAULT_DATABASE [Database] . DEFAULT_INSTANCE [Server]
MAPS_TO	Product_Nbr [Logical Attribute] . Product_Nbr [Logical Entity] . dbo [Logical Owner] . OrangeMart.dm1 [Logical Model File] . Test System [Logical System]	->	PRODUCT_NBR [Column] . PRD_NBR [Table] . dbo [Schema] . DEFAULT_DATABASE [Database] . DEFAULT_INSTANCE [Server]
MAPS_TO	Product_Nbr_ID [Logical Attribute] . Approved_Product [Logical Entity] . dbo [Logical Owner] . OrangeMart.dm1 [Logical Model File] . Test System [Logical System]	->	PRODUCT_NBR_ID [Column] . APPV_PRD [Table] . dbo [Schema] . DEFAULT_DATABASE [Database] . DEFAULT_INSTANCE [Server]
MAPS_TO	Product_Nbr_ID [Logical Attribute] . Product_Nbr [Logical Entity] . dbo [Logical Owner] . OrangeMart.dm1 [Logical Model File] . Test System [Logical System]	->	PRODUCT_NBR_ID [Column] . PRD_NBR [Table] . dbo [Schema] . DEFAULT_DATABASE [Database] . DEFAULT_INSTANCE [Server]
MAPS_TO	Product_Patent_ID [Logical Attribute] . Product_Patent [Logical Entity] . dbo [Logical Owner] . OrangeMart.dm1 [Logical Model File] . Test System [Logical System]	->	PRODUCT_PATENT_ID [Column] . PRD_PAT [Table] . dbo [Schema] . DEFAULT_DATABASE [Database] . DEFAULT_INSTANCE [Server]
MAPS_TO	Product_Revenue_ID [Logical Attribute] . Product_Revenue [Logical Entity] . dbo [Logical Owner] . OrangeMart.dm1 [Logical Model File] . Test System [Logical System]	->	PRODUCT_REVENUE_ID [Column] . PRD_REV2000 [Table] . dbo [Schema] . DEFAULT_DATABASE [Database] . DEFAULT_INSTANCE [Server]
MAPS_TO	Product_Revenue_ID [Logical Attribute] . Product_Revenue [Logical Entity] . dbo [Logical Owner] . OrangeMart.dm1 [Logical Model File] . Test System [Logical System]	->	PRODUCT_REVENUE_ID [Column] . PRD_REV2001 [Table] . dbo [Schema] . DEFAULT_DATABASE [Database] . DEFAULT_INSTANCE [Server]
MAPS_TO	Product_Revenue_ID [Logical Attribute] . Product_Revenue [Logical Entity] . dbo [Logical Owner] . OrangeMart.dm1 [Logical Model File] . Test System [Logical System]	->	PRODUCT_REVENUE_ID [Column] . PRD_REV2002 [Table] . dbo [Schema] . DEFAULT_DATABASE [Database] . DEFAULT_INSTANCE [Server]
MAPS_TO	Product_Revenue_ID [Logical Attribute] . Product_Revenue [Logical Entity] . dbo [Logical Owner] . OrangeMart.dm1 [Logical Model File] . Test System [Logical System]	->	PRODUCT_REVENUE_ID [Column] . PRD_REV2003 [Table] . dbo [Schema] . DEFAULT_DATABASE [Database] . DEFAULT_INSTANCE [Server]
MAPS_TO	Product_Revenue_ID [Logical Attribute] . Product_Revenue [Logical Entity] . dbo [Logical Owner] . OrangeMart.dm1 [Logical Model File] . Test System [Logical System]	->	PRODUCT_REVENUE_ID [Column] . PRD_REV2004 [Table] . dbo [Schema] . DEFAULT_DATABASE [Database] . DEFAULT_INSTANCE [Server]
MAPS_TO	RX_Status [Logical Attribute] . Approval [Logical Entity] . dbo [Logical Owner] . OrangeMart.dm1 [Logical Model File] . Test System [Logical System]	->	RX_STATUS [Column] . APVL [Table] . dbo [Schema] . DEFAULT_DATABASE [Database] . DEFAULT_INSTANCE [Server]
MAPS_TO	RX_Status [Logical Attribute] . Competitor [Logical Entity] . dbo [Logical Owner] . OrangeMart.dm1 [Logical Model File] . Test System [Logical System]	->	RX_STATUS [Column] . CMPTR [Table] . dbo [Schema] . DEFAULT_DATABASE [Database] . DEFAULT_INSTANCE [Server]
MAPS_TO	RX_Status [Logical Attribute] . Molecule [Logical Entity] . dbo [Logical Owner] . OrangeMart.dm1 [Logical Model File] . Test System [Logical System]	->	RX_STATUS [Column] . MOL [Table] . dbo [Schema] . DEFAULT_DATABASE [Database] . DEFAULT_INSTANCE [Server]
MAPS_TO	RX_Status [Logical Attribute] . RX_Status [Logical Entity] . dbo [Logical Owner] . OrangeMart.dm1 [Logical Model File] . Test System [Logical System]	->	RX_STATUS [Column] . RX_STS [Table] . dbo [Schema] . DEFAULT_DATABASE [Database] . DEFAULT_INSTANCE [Server]
MAPS_TO	RX_Status [Logical Attribute] . Strength [Logical Entity] . dbo [Logical Owner] . OrangeMart.dm1 [Logical Model File] . Test System [Logical System]	->	RX_STATUS [Column] . STRTH [Table] . dbo [Schema] . DEFAULT_DATABASE [Database] . DEFAULT_INSTANCE [Server]
MAPS_TO	RX_Status_ID [Logical Attribute] . Approved_Product [Logical Entity] . dbo [Logical Owner] . OrangeMart.dm1 [Logical Model File] . Test System [Logical System]	->	RX_STATUS_ID [Column] . APPV_PRD [Table] . dbo [Schema] . DEFAULT_DATABASE [Database] . DEFAULT_INSTANCE [Server]
MAPS_TO	RX_Status_ID [Logical Attribute] . RX_Status [Logical Entity] . dbo [Logical Owner] . OrangeMart.dm1 [Logical Model File] . Test System [Logical System]	->	RX_STATUS_ID [Column] . RX_STS [Table] . dbo [Schema] . DEFAULT_DATABASE [Database] . DEFAULT_INSTANCE [Server]
MAPS_TO	Rev_2000 [Logical Attribute] . Product_Revenue [Logical Entity] . dbo [Logical Owner] . OrangeMart.dm1 [Logical Model File] . Test System [Logical System]	->	REV_2000 [Column] . PRD_REV2000 [Table] . dbo [Schema] . DEFAULT_DATABASE [Database] . DEFAULT_INSTANCE [Server]
MAPS_TO	Rev_2001 [Logical Attribute] . Product_Revenue [Logical Entity] . dbo [Logical Owner] . OrangeMart.dm1 [Logical Model File] . Test System [Logical System]	->	REV_2001 [Column] . PRD_REV2001 [Table] . dbo [Schema] . DEFAULT_DATABASE [Database] . DEFAULT_INSTANCE [Server]
MAPS_TO	Rev_2002 [Logical Attribute] . Product_Revenue [Logical Entity] . dbo [Logical Owner] . OrangeMart.dm1 [Logical Model File] . Test System [Logical System]	->	REV_2002 [Column] . PRD_REV2002 [Table] . dbo [Schema] . DEFAULT_DATABASE [Database] . DEFAULT_INSTANCE [Server]
MAPS_TO	Rev_2003 [Logical Attribute] . Product_Revenue [Logical Entity] . dbo [Logical Owner] . OrangeMart.dm1 [Logical Model File] . Test System [Logical System]	->	REV_2003 [Column] . PRD_REV2003 [Table] . dbo [Schema] . DEFAULT_DATABASE [Database] . DEFAULT_INSTANCE [Server]
MAPS_TO	Rev_2004 [Logical Attribute] . Product_Revenue [Logical Entity] . dbo [Logical Owner] . OrangeMart.dm1 [Logical Model File] . Test System [Logical System]	->	REV_2004 [Column] . PRD_REV2004 [Table] . dbo [Schema] . DEFAULT_DATABASE [Database] . DEFAULT_INSTANCE [Server]
MAPS_TO	Route_of_Admin [Logical Attribute] . Approval [Logical Entity] . dbo [Logical Owner] . OrangeMart.dm1 [Logical Model File] . Test System [Logical System]	->	ROUTE_OF_ADMIN [Column] . APVL [Table] . dbo [Schema] . DEFAULT_DATABASE [Database] . DEFAULT_INSTANCE [Server]
MAPS_TO	Route_of_Admin [Logical Attribute] . Competitor [Logical Entity] . dbo [Logical Owner] . OrangeMart.dm1 [Logical Model File] . Test System [Logical System]	->	ROUTE_OF_ADMIN [Column] . CMPTR [Table] . dbo [Schema] . DEFAULT_DATABASE [Database] . DEFAULT_INSTANCE [Server]
MAPS_TO	Route_of_Admin [Logical Attribute] . Molecule [Logical Entity] . dbo [Logical Owner] . OrangeMart.dm1 [Logical Model File] . Test System [Logical System]	->	ROUTE_OF_ADMIN [Column] . MOL [Table] . dbo [Schema] . DEFAULT_DATABASE [Database] . DEFAULT_INSTANCE [Server]
MAPS_TO	Route_of_Admin [Logical Attribute] . Route_of_Admin [Logical Entity] . dbo [Logical Owner] . OrangeMart.dm1 [Logical Model File] . Test System [Logical System]	->	ROUTE_OF_ADMIN [Column] . RT_ADMN [Table] . dbo [Schema] . DEFAULT_DATABASE [Database] . DEFAULT_INSTANCE [Server]
MAPS_TO	Route_of_Admin [Logical Attribute] . Strength [Logical Entity] . dbo [Logical Owner] . OrangeMart.dm1 [Logical Model File] . Test System [Logical System]	->	ROUTE_OF_ADMIN [Column] . STRTH [Table] . dbo [Schema] . DEFAULT_DATABASE [Database] . DEFAULT_INSTANCE [Server]
MAPS_TO	Route_of_Admin_ID [Logical Attribute] . Approved_Product [Logical Entity] . dbo [Logical Owner] . OrangeMart.dm1 [Logical Model File] . Test System [Logical System]	->	ROUTE_OF_ADMIN_ID [Column] . APPV_PRD [Table] . dbo [Schema] . DEFAULT_DATABASE [Database] . DEFAULT_INSTANCE [Server]
MAPS_TO	Route_of_Admin_ID [Logical Attribute] . Route_of_Admin [Logical Entity] . dbo [Logical Owner] . OrangeMart.dm1 [Logical Model File] . Test System [Logical System]	->	ROUTE_OF_ADMIN_ID [Column] . RT_ADMN [Table] . dbo [Schema] . DEFAULT_DATABASE [Database] . DEFAULT_INSTANCE [Server]
MAPS_TO	Strength [Logical Attribute] . Approval [Logical Entity] . dbo [Logical Owner] . OrangeMart.dm1 [Logical Model File] . Test System [Logical System]	->	STRENGTH [Column] . APVL [Table] . dbo [Schema] . DEFAULT_DATABASE [Database] . DEFAULT_INSTANCE [Server]
MAPS_TO	Strength [Logical Attribute] . Approved_Product [Logical Entity] . dbo [Logical Owner] . OrangeMart.dm1 [Logical Model File] . Test System [Logical System]	->	STRENGTH [Column] . APPV_PRD [Table] . dbo [Schema] . DEFAULT_DATABASE [Database] . DEFAULT_INSTANCE [Server]
MAPS_TO	Strength [Logical Attribute] . Competitor [Logical Entity] . dbo [Logical Owner] . OrangeMart.dm1 [Logical Model File] . Test System [Logical System]	->	STRENGTH [Column] . CMPTR [Table] . dbo [Schema] . DEFAULT_DATABASE [Database] . DEFAULT_INSTANCE [Server]
MAPS_TO	Strength [Logical Attribute] . Strength [Logical Entity] . dbo [Logical Owner] . OrangeMart.dm1 [Logical Model File] . Test System [Logical System]	->	STRENGTH [Column] . STRTH [Table] . dbo [Schema] . DEFAULT_DATABASE [Database] . DEFAULT_INSTANCE [Server]
MAPS_TO	Strength_ID [Logical Attribute] . Competitor [Logical Entity] . dbo [Logical Owner] . OrangeMart.dm1 [Logical Model File] . Test System [Logical System]	->	STRENGTH_ID [Column] . CMPTR [Table] . dbo [Schema] . DEFAULT_DATABASE [Database] . DEFAULT_INSTANCE [Server]
MAPS_TO	Strength_ID [Logical Attribute] . Strength [Logical Entity] . dbo [Logical Owner] . OrangeMart.dm1 [Logical Model File] . Test System [Logical System]	->	STRENGTH_ID [Column] . STRTH [Table] . dbo [Schema] . DEFAULT_DATABASE [Database] . DEFAULT_INSTANCE [Server]
MAPS_TO	Therapeutic_Equiv_Code [Logical Attribute] . Approval [Logical Entity] . dbo [Logical Owner] . OrangeMart.dm1 [Logical Model File] . Test System [Logical System]	->	THERAPEUTIC_EQUIV_CODE [Column] . APVL [Table] . dbo [Schema] . DEFAULT_DATABASE [Database] . DEFAULT_INSTANCE [Server]
MAPS_TO	Therapeutic_Equiv_Code [Logical Attribute] . Therapeutic_Equiv_Code [Logical Entity] . dbo [Logical Owner] . OrangeMart.dm1 [Logical Model File] . Test System [Logical System]	->	THERAPEUTIC_EQUIV_CODE [Column] . THRP_EQV_CD [Table] . dbo [Schema] . DEFAULT_DATABASE [Database] . DEFAULT_INSTANCE [Server]
MAPS_TO	Therapeutic_Equiv_Code_ID [Logical Attribute] . Approved_Product [Logical Entity] . dbo [Logical Owner] . OrangeMart.dm1 [Logical Model File] . Test System [Logical System]	->	THERAPEUTIC_EQUIV_CODE_ID [Column] . APPV_PRD [Table] . dbo [Schema] . DEFAULT_DATABASE [Database] . DEFAULT_INSTANCE [Server]
MAPS_TO	Therapeutic_Equiv_Code_ID [Logical Attribute] . Therapeutic_Equiv_Code [Logical Entity] . dbo [Logical Owner] . OrangeMart.dm1 [Logical Model File] . Test System [Logical System]	->	THERAPEUTIC_EQUIV_CODE_ID [Column] . THRP_EQV_CD [Table] . dbo [Schema] . DEFAULT_DATABASE [Database] . DEFAULT_INSTANCE [Server]
MAPS_TO	Trade_Name [Logical Attribute] . Approval [Logical Entity] . dbo [Logical Owner] . OrangeMart.dm1 [Logical Model File] . Test System [Logical System]	->	TRADE_NAME [Column] . APVL [Table] . dbo [Schema] . DEFAULT_DATABASE [Database] . DEFAULT_INSTANCE [Server]
MAPS_TO	Trade_Name [Logical Attribute] . Trade_Name [Logical Entity] . dbo [Logical Owner] . OrangeMart.dm1 [Logical Model File] . Test System [Logical System]	->	TRADE_NAME [Column] . TRD_NAME [Table] . dbo [Schema] . DEFAULT_DATABASE [Database] . DEFAULT_INSTANCE [Server]
MAPS_TO	Trade_Name_ID [Logical Attribute] . Approved_Product [Logical Entity] . dbo [Logical Owner] . OrangeMart.dm1 [Logical Model File] . Test System [Logical System]	->	TRADE_NAME_ID [Column] . APPV_PRD [Table] . dbo [Schema] . DEFAULT_DATABASE [Database] . DEFAULT_INSTANCE [Server]
MAPS_TO	Trade_Name_ID [Logical Attribute] . Product_Revenue [Logical Entity] . dbo [Logical Owner] . OrangeMart.dm1 [Logical Model File] . Test System [Logical System]	->	TRADE_NAME_ID [Column] . PRD_REV2000 [Table] . dbo [Schema] . DEFAULT_DATABASE [Database] . DEFAULT_INSTANCE [Server]
MAPS_TO	Trade_Name_ID [Logical Attribute] . Product_Revenue [Logical Entity] . dbo [Logical Owner] . OrangeMart.dm1 [Logical Model File] . Test System [Logical System]	->	TRADE_NAME_ID [Column] . PRD_REV2001 [Table] . dbo [Schema] . DEFAULT_DATABASE [Database] . DEFAULT_INSTANCE [Server]
MAPS_TO	Trade_Name_ID [Logical Attribute] . Product_Revenue [Logical Entity] . dbo [Logical Owner] . OrangeMart.dm1 [Logical Model File] . Test System [Logical System]	->	TRADE_NAME_ID [Column] . PRD_REV2002 [Table] . dbo [Schema] . DEFAULT_DATABASE [Database] . DEFAULT_INSTANCE [Server]
MAPS_TO	Trade_Name_ID [Logical Attribute] . Product_Revenue [Logical Entity] . dbo [Logical Owner] . OrangeMart.dm1 [Logical Model File] . Test System [Logical System]	->	TRADE_NAME_ID [Column] . PRD_REV2003 [Table] . dbo [Schema] . DEFAULT_DATABASE [Database] . DEFAULT_INSTANCE [Server]
MAPS_TO	Trade_Name_ID [Logical Attribute] . Product_Revenue [Logical Entity] . dbo [Logical Owner] . OrangeMart.dm1 [Logical Model File] . Test System [Logical System]	->	TRADE_NAME_ID [Column] . PRD_REV2004 [Table] . dbo [Schema] . DEFAULT_DATABASE [Database] . DEFAULT_INSTANCE [Server]
MAPS_TO	Trade_Name_ID [Logical Attribute] . Trade_Name [Logical Entity] . dbo [Logical Owner] . OrangeMart.dm1 [Logical Model File] . Test System [Logical System]	->	TRADE_NAME_ID [Column] . TRD_NAME [Table] . dbo [Schema] . DEFAULT_DATABASE [Database] . DEFAULT_INSTANCE [Server]